<html>
<body>
<pre>
<h1>礦ision Build Log</h1>
<h2>Tool Versions:</h2>
IDE-Version: μVision V5.24.2.0
Copyright (C) 2017 ARM Ltd and ARM Germany GmbH. All rights reserved.
License Information: as 呱唧, 2, LIC=8VRJ7-EYSAQ-2ZTW4-F9BW4-JNC0V-JUA1L
 
Tool Versions:
Toolchain:       MDK-ARM Plus  Version: 5.24.1
Toolchain Path:  D:\keil c51\ARM\ARMCC\Bin
C Compiler:      Armcc.exe V5.06 update 5 (build 528)
Assembler:       Armasm.exe V5.06 update 5 (build 528)
Linker/Locator:  ArmLink.exe V5.06 update 5 (build 528)
Library Manager: ArmAr.exe V5.06 update 5 (build 528)
Hex Converter:   FromElf.exe V5.06 update 5 (build 528)
CPU DLL:         SARMCM3.DLL V5.24.1
Dialog DLL:      DCM.DLL V1.16.0.0
Target DLL:      STLink\ST-LINKIII-KEIL_SWO.dll V3.0.1.0
Dialog DLL:      TCM.DLL V1.32.0.0
 
<h2>Project:</h2>
D:\stm32cubemx\vscode +stm32cubemx\GC_2024\GC_ARM\GC_Arm\MDK-ARM\GC_Arm.uvprojx
Project File Date:  12/05/2023

<h2>Output:</h2>
*** Using Compiler 'V5.06 update 5 (build 528)', folder: 'D:\keil c51\ARM\ARMCC\Bin'
Build target 'GC_Arm'
compiling Arm_task.c...
./AlgorithmLayer/PID.h(35): warning:  #1295-D: Deprecated declaration down_inherit - give arg types
  void down_inherit();//速度继承			
./AlgorithmLayer/PID.h(44): warning:  #1-D: last line of file ends without a newline
  							
./Drivelayer/drv_usart.h(17): warning:  #1-D: last line of file ends without a newline
  #endif
./PotocaLayer/judge.h(280): warning:  #1-D: last line of file ends without a newline
  #endif
./Drivelayer/drv_can.h(27): warning:  #1-D: last line of file ends without a newline
  #endif
./PotocaLayer/rc_potocal.h(55): warning:  #1-D: last line of file ends without a newline
  #endif
RTOS_task\Arm_task.c(14): warning:  #1295-D: Deprecated declaration DM_Enable - give arg types
  static void DM_Enable(); //达妙电机使能
RTOS_task\Arm_task.c(15): warning:  #1295-D: Deprecated declaration DM_Init - give arg types
  static void DM_Init();   //达妙电机初始化到初始位置
RTOS_task\Arm_task.c(60): warning:  #1-D: last line of file ends without a newline
  }
RTOS_task\Arm_task.c: 9 warnings, 0 errors
linking...
Program Size: Code=17468 RO-data=1384 RW-data=200 ZI-data=19784  
FromELF: creating hex file...
"GC_Arm\GC_Arm.axf" - 0 Error(s), 9 Warning(s).

<h2>Software Packages used:</h2>

Package Vendor: ARM
                http://www.keil.com/pack/ARM.CMSIS.5.9.0.pack
                ARM.CMSIS.5.9.0
                CMSIS (Common Microcontroller Software Interface Standard)
   * Component: CORE Version: 5.6.0

Package Vendor: Keil
                https://www.keil.com/pack/Keil.STM32F4xx_DFP.2.17.1.pack
                Keil.STM32F4xx_DFP.2.17.1
                STMicroelectronics STM32F4 Series Device Support, Drivers and Examples

<h2>Collection of Component include folders:</h2>
  .\RTE\_GC_Arm
  D:\keil c51\ARM\PACK\ARM\CMSIS\5.9.0\CMSIS\Core\Include
  D:\keil c51\ARM\PACK\Keil\STM32F4xx_DFP\2.17.1\Drivers\CMSIS\Device\ST\STM32F4xx\Include

<h2>Collection of Component Files used:</h2>

   * Component: ARM::CMSIS:CORE:5.6.0
Build Time Elapsed:  00:00:02
</pre>
</body>
</html>
