Component: ARM Compiler 5.06 update 7 (build 960) Tool: armlink [4d3601]

==============================================================================

Section Cross References

    startup_stm32f407xx.o(STACK) refers (Special) to heapauxi.o(.text) for __use_two_region_memory
    startup_stm32f407xx.o(HEAP) refers (Special) to heapauxi.o(.text) for __use_two_region_memory
    startup_stm32f407xx.o(RESET) refers (Special) to heapauxi.o(.text) for __use_two_region_memory
    startup_stm32f407xx.o(RESET) refers to startup_stm32f407xx.o(STACK) for __initial_sp
    startup_stm32f407xx.o(RESET) refers to startup_stm32f407xx.o(.text) for Reset_Handler
    startup_stm32f407xx.o(RESET) refers to stm32f4xx_it.o(i.NMI_Handler) for NMI_Handler
    startup_stm32f407xx.o(RESET) refers to stm32f4xx_it.o(i.HardFault_Handler) for HardFault_Handler
    startup_stm32f407xx.o(RESET) refers to stm32f4xx_it.o(i.MemManage_Handler) for MemManage_Handler
    startup_stm32f407xx.o(RESET) refers to stm32f4xx_it.o(i.BusFault_Handler) for BusFault_Handler
    startup_stm32f407xx.o(RESET) refers to stm32f4xx_it.o(i.UsageFault_Handler) for UsageFault_Handler
    startup_stm32f407xx.o(RESET) refers to port.o(.emb_text) for SVC_Handler
    startup_stm32f407xx.o(RESET) refers to stm32f4xx_it.o(i.DebugMon_Handler) for DebugMon_Handler
    startup_stm32f407xx.o(RESET) refers to port.o(i.SysTick_Handler) for SysTick_Handler
    startup_stm32f407xx.o(RESET) refers to stm32f4xx_it.o(i.DMA1_Stream1_IRQHandler) for DMA1_Stream1_IRQHandler
    startup_stm32f407xx.o(RESET) refers to stm32f4xx_it.o(i.DMA1_Stream3_IRQHandler) for DMA1_Stream3_IRQHandler
    startup_stm32f407xx.o(RESET) refers to stm32f4xx_it.o(i.CAN1_TX_IRQHandler) for CAN1_TX_IRQHandler
    startup_stm32f407xx.o(RESET) refers to stm32f4xx_it.o(i.CAN1_RX0_IRQHandler) for CAN1_RX0_IRQHandler
    startup_stm32f407xx.o(RESET) refers to stm32f4xx_it.o(i.TIM3_IRQHandler) for TIM3_IRQHandler
    startup_stm32f407xx.o(RESET) refers to stm32f4xx_it.o(i.USART1_IRQHandler) for USART1_IRQHandler
    startup_stm32f407xx.o(RESET) refers to stm32f4xx_it.o(i.USART3_IRQHandler) for USART3_IRQHandler
    startup_stm32f407xx.o(RESET) refers to stm32f4xx_it.o(i.DMA2_Stream1_IRQHandler) for DMA2_Stream1_IRQHandler
    startup_stm32f407xx.o(RESET) refers to stm32f4xx_it.o(i.DMA2_Stream2_IRQHandler) for DMA2_Stream2_IRQHandler
    startup_stm32f407xx.o(RESET) refers to stm32f4xx_it.o(i.CAN2_TX_IRQHandler) for CAN2_TX_IRQHandler
    startup_stm32f407xx.o(RESET) refers to stm32f4xx_it.o(i.CAN2_RX0_IRQHandler) for CAN2_RX0_IRQHandler
    startup_stm32f407xx.o(RESET) refers to stm32f4xx_it.o(i.DMA2_Stream6_IRQHandler) for DMA2_Stream6_IRQHandler
    startup_stm32f407xx.o(RESET) refers to stm32f4xx_it.o(i.DMA2_Stream7_IRQHandler) for DMA2_Stream7_IRQHandler
    startup_stm32f407xx.o(RESET) refers to stm32f4xx_it.o(i.USART6_IRQHandler) for USART6_IRQHandler
    startup_stm32f407xx.o(.text) refers (Special) to heapauxi.o(.text) for __use_two_region_memory
    startup_stm32f407xx.o(.text) refers to system_stm32f4xx.o(i.SystemInit) for SystemInit
    startup_stm32f407xx.o(.text) refers to __main.o(!!!main) for __main
    startup_stm32f407xx.o(.text) refers to startup_stm32f407xx.o(HEAP) for Heap_Mem
    startup_stm32f407xx.o(.text) refers to startup_stm32f407xx.o(STACK) for Stack_Mem
    arm_task.o(i.DM_Enable) refers to pid.o(i.Enable_Ctrl2) for Enable_Ctrl2
    arm_task.o(i.DM_Enable) refers to stm32f4xx_hal.o(i.HAL_Delay) for HAL_Delay
    arm_task.o(i.DM_Enable) refers to pid.o(i.Enable_Ctrl) for Enable_Ctrl
    arm_task.o(i.DM_Init) refers to pid.o(i.MIT_CtrlMotor2) for MIT_CtrlMotor2
    arm_task.o(i.DM_Init) refers to stm32f4xx_hal.o(i.HAL_Delay) for HAL_Delay
    arm_task.o(i.DM_Init) refers to pid.o(i.MIT_CtrlMotor) for MIT_CtrlMotor
    arm_task.o(i.StartTask02) refers to stm32f4xx_hal.o(i.HAL_Delay) for HAL_Delay
    arm_task.o(i.StartTask02) refers to arm_task.o(i.DM_Enable) for DM_Enable
    arm_task.o(i.StartTask02) refers to arm_task.o(i.DM_Init) for DM_Init
    arm_task.o(i.StartTask02) refers to cmsis_os.o(i.osDelay) for osDelay
    main.o(i.HAL_TIM_PeriodElapsedCallback) refers to stm32f4xx_hal.o(i.HAL_IncTick) for HAL_IncTick
    main.o(i.SystemClock_Config) refers to rt_memclr_w.o(.text) for __aeabi_memclr4
    main.o(i.SystemClock_Config) refers to stm32f4xx_hal_rcc.o(i.HAL_RCC_OscConfig) for HAL_RCC_OscConfig
    main.o(i.SystemClock_Config) refers to stm32f4xx_hal_rcc.o(i.HAL_RCC_ClockConfig) for HAL_RCC_ClockConfig
    main.o(i.main) refers to stm32f4xx_hal.o(i.HAL_Init) for HAL_Init
    main.o(i.main) refers to main.o(i.SystemClock_Config) for SystemClock_Config
    main.o(i.main) refers to gpio.o(i.MX_GPIO_Init) for MX_GPIO_Init
    main.o(i.main) refers to dma.o(i.MX_DMA_Init) for MX_DMA_Init
    main.o(i.main) refers to can.o(i.MX_CAN1_Init) for MX_CAN1_Init
    main.o(i.main) refers to can.o(i.MX_CAN2_Init) for MX_CAN2_Init
[...]
    i.pvPortMalloc                           0x080049a4   Section        0  heap_4.o(i.pvPortMalloc)
    i.pxPortInitialiseStack                  0x08004a80   Section        0  port.o(i.pxPortInitialiseStack)
    i.readOneByte                            0x08004aac   Section        0  drv_as5600.o(i.readOneByte)
    i.readTwoBytes                           0x08004ad8   Section        0  drv_as5600.o(i.readTwoBytes)
    i.uint_to_float                          0x08004af0   Section        0  drv_can.o(i.uint_to_float)
    i.uxListRemove                           0x08004b18   Section        0  list.o(i.uxListRemove)
    i.vApplicationGetIdleTaskMemory          0x08004b40   Section        0  freertos.o(i.vApplicationGetIdleTaskMemory)
    i.vListInitialise                        0x08004b54   Section        0  list.o(i.vListInitialise)
    i.vListInitialiseItem                    0x08004b6a   Section        0  list.o(i.vListInitialiseItem)
    i.vListInsert                            0x08004b70   Section        0  list.o(i.vListInsert)
    i.vListInsertEnd                         0x08004ba0   Section        0  list.o(i.vListInsertEnd)
    i.vPortEnterCritical                     0x08004bb8   Section        0  port.o(i.vPortEnterCritical)
    i.vPortExitCritical                      0x08004bf8   Section        0  port.o(i.vPortExitCritical)
    i.vPortFree                              0x08004c20   Section        0  heap_4.o(i.vPortFree)
    i.vPortSetupTimerInterrupt               0x08004c84   Section        0  port.o(i.vPortSetupTimerInterrupt)
    i.vTaskDelay                             0x08004ca8   Section        0  tasks.o(i.vTaskDelay)
    i.vTaskStartScheduler                    0x08004cf4   Section        0  tasks.o(i.vTaskStartScheduler)
    i.vTaskSuspendAll                        0x08004d60   Section        0  tasks.o(i.vTaskSuspendAll)
    i.vTaskSwitchContext                     0x08004d70   Section        0  tasks.o(i.vTaskSwitchContext)
    i.xPortStartScheduler                    0x08004dcc   Section        0  port.o(i.xPortStartScheduler)
    i.xTaskCreate                            0x08004ec0   Section        0  tasks.o(i.xTaskCreate)
    i.xTaskCreateStatic                      0x08004f1a   Section        0  tasks.o(i.xTaskCreateStatic)
    i.xTaskIncrementTick                     0x08004f70   Section        0  tasks.o(i.xTaskIncrementTick)
    i.xTaskResumeAll                         0x0800503c   Section        0  tasks.o(i.xTaskResumeAll)
    x$fpl$fpinit                             0x08005100   Section       10  fpinit.o(x$fpl$fpinit)
    $v0                                      0x08005100   Number         0  fpinit.o(x$fpl$fpinit)
    .constdata                               0x0800510c   Section      112  freertos.o(.constdata)
    .constdata                               0x0800517c   Section        8  stm32f4xx_hal_dma.o(.constdata)
    flagBitshiftOffset                       0x0800517c   Data           8  stm32f4xx_hal_dma.o(.constdata)
    .constdata                               0x08005184   Section       16  system_stm32f4xx.o(.constdata)
    .constdata                               0x08005194   Section        8  system_stm32f4xx.o(.constdata)
    .constdata                               0x0800519c   Section      768  crc.o(.constdata)
    .conststring                             0x0800549c   Section       48  freertos.o(.conststring)
    .data                                    0x20000000   Section       16  freertos.o(.data)
    .data                                    0x20000010   Section        4  can.o(.data)
    HAL_RCC_CAN1_CLK_ENABLED                 0x20000010   Data           4  can.o(.data)
    .data                                    0x20000014   Section       12  stm32f4xx_hal.o(.data)
    .data                                    0x20000020   Section        4  system_stm32f4xx.o(.data)
    .data                                    0x20000024   Section       60  tasks.o(.data)
    uxDeletedTasksWaitingCleanUp             0x20000028   Data           4  tasks.o(.data)
    uxCurrentNumberOfTasks                   0x2000002c   Data           4  tasks.o(.data)
    xTickCount                               0x20000030   Data           4  tasks.o(.data)
    uxTopReadyPriority                       0x20000034   Data           4  tasks.o(.data)
    xSchedulerRunning                        0x20000038   Data           4  tasks.o(.data)
    xPendedTicks                             0x2000003c   Data           4  tasks.o(.data)
    xYieldPending                            0x20000040   Data           4  tasks.o(.data)
    xNumOfOverflows                          0x20000044   Data           4  tasks.o(.data)
    uxTaskNumber                             0x20000048   Data           4  tasks.o(.data)
    xNextTaskUnblockTime                     0x2000004c   Data           4  tasks.o(.data)
    xIdleTaskHandle                          0x20000050   Data           4  tasks.o(.data)
    uxSchedulerSuspended                     0x20000054   Data           4  tasks.o(.data)
    pxDelayedTaskList                        0x20000058   Data           4  tasks.o(.data)
    pxOverflowDelayedTaskList                0x2000005c   Data           4  tasks.o(.data)
    .data                                    0x20000060   Section       32  heap_4.o(.data)
    pxEnd                                    0x20000060   Data           4  heap_4.o(.data)
    xFreeBytesRemaining                      0x20000064   Data           4  heap_4.o(.data)
    xMinimumEverFreeBytesRemaining           0x20000068   Data           4  heap_4.o(.data)
    xNumberOfSuccessfulAllocations           0x2000006c   Data           4  heap_4.o(.data)
    xNumberOfSuccessfulFrees                 0x20000070   Data           4  heap_4.o(.data)
    xBlockAllocatedBit                       0x20000074   Data           4  heap_4.o(.data)
    xStart                                   0x20000078   Data           8  heap_4.o(.data)
    .data                                    0x20000080   Section       12  port.o(.data)
    ucMaxSysCallPriority                     0x20000080   Data           1  port.o(.data)
    uxCriticalNesting                        0x20000084   Data           4  port.o(.data)
    ulMaxPRIGROUPValue                       0x20000088   Data           4  port.o(.data)
    .data                                    0x2000008c   Section        1  drv_usart.o(.data)
    .data                                    0x20000090   Section        8  drv_as5600.o(.data)
    .data                                    0x20000098   Section        4  drv_as5600.o(.data)
    .data                                    0x2000009c   Section       20  judge.o(.data)
    .data                                    0x200000b0   Section       34  rc_potocal.o(.data)
    .data                                    0x200000d2   Section        2  crc.o(.data)
    .bss                                     0x200000d4   Section      596  freertos.o(.bss)
    xIdleTaskTCBBuffer                       0x200000d4   Data          84  freertos.o(.bss)
    xIdleStack                               0x20000128   Data         512  freertos.o(.bss)
    .bss                                     0x20000328   Section       80  can.o(.bss)
    .bss                                     0x20000378   Section       84  i2c.o(.bss)
    .bss                                     0x200003cc   Section       72  tim.o(.bss)
    .bss                                     0x20000414   Section      780  usart.o(.bss)
    .bss                                     0x20000720   Section       72  stm32f4xx_hal_timebase_tim.o(.bss)
    .bss                                     0x20000768   Section      240  tasks.o(.bss)
    pxReadyTasksLists                        0x20000768   Data         140  tasks.o(.bss)
    xDelayedTaskList1                        0x200007f4   Data          20  tasks.o(.bss)
    xDelayedTaskList2                        0x20000808   Data          20  tasks.o(.bss)
    xPendingReadyList                        0x2000081c   Data          20  tasks.o(.bss)
    xTasksWaitingTermination                 0x20000830   Data          20  tasks.o(.bss)
    xSuspendedTaskList                       0x20000844   Data          20  tasks.o(.bss)
    .bss                                     0x20000858   Section    15360  heap_4.o(.bss)
    ucHeap                                   0x20000858   Data       15360  heap_4.o(.bss)
    .bss                                     0x20004458   Section      180  drv_can.o(.bss)
    packet                                   0x20004458   Data          36  drv_can.o(.bss)
    .bss                                     0x2000450c   Section      448  drv_usart.o(.bss)
    .bss                                     0x200046cc   Section      158  judge.o(.bss)
    .bss                                     0x2000476a   Section       22  rc_potocal.o(.bss)
    .bss                                     0x20004780   Section      216  pid.o(.bss)
    packet                                   0x20004780   Data          32  pid.o(.bss)
    packet                                   0x200047a0   Data          32  pid.o(.bss)
    Tx_Header                                0x200047c0   Data          24  pid.o(.bss)
    packet                                   0x200047d8   Data          32  pid.o(.bss)
    packet                                   0x200047f8   Data          32  pid.o(.bss)
    packet                                   0x20004818   Data          32  pid.o(.bss)
    packet                                   0x20004838   Data          32  pid.o(.bss)
    .bss                                     0x20004858   Section       96  libspace.o(.bss)
    HEAP                                     0x200048b8   Section      512  startup_stm32f407xx.o(HEAP)
    Heap_Mem                                 0x200048b8   Data         512  startup_stm32f407xx.o(HEAP)
    STACK                                    0x20004ab8   Section     1024  startup_stm32f407xx.o(STACK)
    Stack_Mem                                0x20004ab8   Data        1024  startup_stm32f407xx.o(STACK)
    __initial_sp                             0x20004eb8   Data           0  startup_stm32f407xx.o(STACK)

    Global Symbols

    Symbol Name                              Value     Ov Type        Size  Object(Section)

    BuildAttributes$$THM_ISAv4$E$P$D$K$B$S$7EM$VFPi3$EXTD16$VFPS$VFMA$PE$A:L22UL41UL21$X:L11$S22US41US21$IEEE1$IW$USESV6$~STKCKD$USESV7$~SHL$OSPACE$ROPI$EBA8$UX$STANDARDLIB$REQ8$PRES8$EABIv2 0x00000000   Number         0  anon$$obj.o ABSOLUTE
    __ARM_use_no_argv                        0x00000000   Number         0  main.o ABSOLUTE
    __ARM_exceptions_init                     - Undefined Weak Reference
    __alloca_initialize                       - Undefined Weak Reference
    __arm_fini_                               - Undefined Weak Reference
    __arm_preinit_                            - Undefined Weak Reference
    __cpp_initialize__aeabi_                  - Undefined Weak Reference
    __cxa_finalize                            - Undefined Weak Reference
    __rt_locale                               - Undefined Weak Reference
    __sigvec_lookup                           - Undefined Weak Reference
    _atexit_init                              - Undefined Weak Reference
    _call_atexit_fns                          - Undefined Weak Reference
    _clock_init                               - Undefined Weak Reference
    _fp_trap_init                             - Undefined Weak Reference
    _fp_trap_shutdown                         - Undefined Weak Reference
    _get_lc_collate                           - Undefined Weak Reference
    _get_lc_ctype                             - Undefined Weak Reference
    _get_lc_monetary                          - Undefined Weak Reference
    _get_lc_numeric                           - Undefined Weak Reference
    _get_lc_time                              - Undefined Weak Reference
    _getenv_init                              - Undefined Weak Reference
    _handle_redirection                       - Undefined Weak Reference
    _init_alloc                               - Undefined Weak Reference
    _init_user_alloc                          - Undefined Weak Reference
    _initio                                   - Undefined Weak Reference
    _rand_init                                - Undefined Weak Reference
    _signal_finish                            - Undefined Weak Reference
    _signal_init                              - Undefined Weak Reference
    _terminate_alloc                          - Undefined Weak Reference
    _terminate_user_alloc                     - Undefined Weak Reference
    _terminateio                              - Undefined Weak Reference
    __Vectors_Size                           0x00000188   Number         0  startup_stm32f407xx.o ABSOLUTE
    __Vectors                                0x08000000   Data           4  startup_stm32f407xx.o(RESET)
    __Vectors_End                            0x08000188   Data           0  startup_stm32f407xx.o(RESET)
    __main                                   0x08000189   Thumb Code     8  __main.o(!!!main)
    __scatterload                            0x08000191   Thumb Code     0  __scatter.o(!!!scatter)
    __scatterload_rt2                        0x08000191   Thumb Code    44  __scatter.o(!!!scatter)
    __scatterload_rt2_thumb_only             0x08000191   Thumb Code     0  __scatter.o(!!!scatter)
    __scatterload_null                       0x0800019f   Thumb Code     0  __scatter.o(!!!scatter)
    __scatterload_copy                       0x080001c5   Thumb Code    26  __scatter_copy.o(!!handler_copy)
    __scatterload_zeroinit                   0x080001e1   Thumb Code    28  __scatter_zi.o(!!handler_zi)
    __rt_lib_init                            0x080001fd   Thumb Code     0  libinit.o(.ARM.Collect$$libinit$$00000000)
    __rt_lib_init_fp_1                       0x080001ff   Thumb Code     0  libinit2.o(.ARM.Collect$$libinit$$00000001)
    __rt_lib_init_alloca_1                   0x08000203   Thumb Code     0  libinit2.o(.ARM.Collect$$libinit$$0000002E)
    __rt_lib_init_argv_1                     0x08000203   Thumb Code     0  libinit2.o(.ARM.Collect$$libinit$$0000002C)
    __rt_lib_init_atexit_1                   0x08000203   Thumb Code     0  libinit2.o(.ARM.Collect$$libinit$$0000001B)
    __rt_lib_init_clock_1                    0x08000203   Thumb Code     0  libinit2.o(.ARM.Collect$$libinit$$00000021)
    __rt_lib_init_cpp_1                      0x08000203   Thumb Code     0  libinit2.o(.ARM.Collect$$libinit$$00000032)
    __rt_lib_init_exceptions_1               0x08000203   Thumb Code     0  libinit2.o(.ARM.Collect$$libinit$$00000030)
    __rt_lib_init_fp_trap_1                  0x08000203   Thumb Code     0  libinit2.o(.ARM.Collect$$libinit$$0000001F)
    __rt_lib_init_getenv_1                   0x08000203   Thumb Code     0  libinit2.o(.ARM.Collect$$libinit$$00000023)
    __rt_lib_init_heap_1                     0x08000203   Thumb Code     0  libinit2.o(.ARM.Collect$$libinit$$0000000A)
    __rt_lib_init_lc_collate_1               0x08000203   Thumb Code     0  libinit2.o(.ARM.Collect$$libinit$$00000011)
    __rt_lib_init_lc_ctype_1                 0x08000203   Thumb Code     0  libinit2.o(.ARM.Collect$$libinit$$00000013)
    __rt_lib_init_lc_monetary_1              0x08000203   Thumb Code     0  libinit2.o(.ARM.Collect$$libinit$$00000015)
    __rt_lib_init_lc_numeric_1               0x08000203   Thumb Code     0  libinit2.o(.ARM.Collect$$libinit$$00000017)
    __rt_lib_init_lc_time_1                  0x08000203   Thumb Code     0  libinit2.o(.ARM.Collect$$libinit$$00000019)
    __rt_lib_init_preinit_1                  0x08000203   Thumb Code     0  libinit2.o(.ARM.Collect$$libinit$$00000004)
    __rt_lib_init_rand_1                     0x08000203   Thumb Code     0  libinit2.o(.ARM.Collect$$libinit$$0000000E)
    __rt_lib_init_return                     0x08000203   Thumb Code     0  libinit2.o(.ARM.Collect$$libinit$$00000033)
    __rt_lib_init_signal_1                   0x08000203   Thumb Code     0  libinit2.o(.ARM.Collect$$libinit$$0000001D)
    __rt_lib_init_stdio_1                    0x08000203   Thumb Code     0  libinit2.o(.ARM.Collect$$libinit$$00000025)
    __rt_lib_init_user_alloc_1               0x08000203   Thumb Code     0  libinit2.o(.ARM.Collect$$libinit$$0000000C)
    __rt_lib_shutdown                        0x08000205   Thumb Code     0  libshutdown.o(.ARM.Collect$$libshutdown$$00000000)
    __rt_lib_shutdown_cpp_1                  0x08000207   Thumb Code     0  libshutdown2.o(.ARM.Collect$$libshutdown$$00000004)
    __rt_lib_shutdown_fini_1                 0x08000207   Thumb Code     0  libshutdown2.o(.ARM.Collect$$libshutdown$$00000002)
    __rt_lib_shutdown_fp_trap_1              0x08000207   Thumb Code     0  libshutdown2.o(.ARM.Collect$$libshutdown$$00000009)
    __rt_lib_shutdown_heap_1                 0x08000207   Thumb Code     0  libshutdown2.o(.ARM.Collect$$libshutdown$$00000011)
    __rt_lib_shutdown_return                 0x08000207   Thumb Code     0  libshutdown2.o(.ARM.Collect$$libshutdown$$00000012)
    __rt_lib_shutdown_signal_1               0x08000207   Thumb Code     0  libshutdown2.o(.ARM.Collect$$libshutdown$$0000000C)
    __rt_lib_shutdown_stdio_1                0x08000207   Thumb Code     0  libshutdown2.o(.ARM.Collect$$libshutdown$$00000006)
    __rt_lib_shutdown_user_alloc_1           0x08000207   Thumb Code     0  libshutdown2.o(.ARM.Collect$$libshutdown$$0000000E)
    __rt_entry                               0x08000209   Thumb Code     0  __rtentry.o(.ARM.Collect$$rtentry$$00000000)
    __rt_entry_presh_1                       0x08000209   Thumb Code     0  __rtentry2.o(.ARM.Collect$$rtentry$$00000002)
    __rt_entry_sh                            0x08000209   Thumb Code     0  __rtentry4.o(.ARM.Collect$$rtentry$$00000004)
    __rt_entry_li                            0x0800020f   Thumb Code     0  __rtentry2.o(.ARM.Collect$$rtentry$$0000000A)
    __rt_entry_postsh_1                      0x0800020f   Thumb Code     0  __rtentry2.o(.ARM.Collect$$rtentry$$00000009)
    __rt_entry_main                          0x08000213   Thumb Code     0  __rtentry2.o(.ARM.Collect$$rtentry$$0000000D)
    __rt_entry_postli_1                      0x08000213   Thumb Code     0  __rtentry2.o(.ARM.Collect$$rtentry$$0000000C)
    __rt_exit                                0x0800021b   Thumb Code     0  rtexit.o(.ARM.Collect$$rtexit$$00000000)
    __rt_exit_ls                             0x0800021d   Thumb Code     0  rtexit2.o(.ARM.Collect$$rtexit$$00000003)
    __rt_exit_prels_1                        0x0800021d   Thumb Code     0  rtexit2.o(.ARM.Collect$$rtexit$$00000002)
    __rt_exit_exit                           0x08000221   Thumb Code     0  rtexit2.o(.ARM.Collect$$rtexit$$00000004)
    SVC_Handler                              0x08000229   Thumb Code    28  port.o(.emb_text)
    __asm___6_port_c_39a90d8d__prvStartFirstTask 0x08000249   Thumb Code    36  port.o(.emb_text)
    __asm___6_port_c_39a90d8d__prvEnableVFP  0x08000271   Thumb Code    16  port.o(.emb_text)
    PendSV_Handler                           0x08000285   Thumb Code    88  port.o(.emb_text)
    vPortGetIPSR                             0x080002e1   Thumb Code     6  port.o(.emb_text)
    Reset_Handler                            0x080002e9   Thumb Code     8  startup_stm32f407xx.o(.text)
    ADC_IRQHandler                           0x08000303   Thumb Code     0  startup_stm32f407xx.o(.text)
    CAN1_RX1_IRQHandler                      0x08000303   Thumb Code     0  startup_stm32f407xx.o(.text)
    CAN1_SCE_IRQHandler                      0x08000303   Thumb Code     0  startup_stm32f407xx.o(.text)
    CAN2_RX1_IRQHandler                      0x08000303   Thumb Code     0  startup_stm32f407xx.o(.text)
    CAN2_SCE_IRQHandler                      0x08000303   Thumb Code     0  startup_stm32f407xx.o(.text)
    DCMI_IRQHandler                          0x08000303   Thumb Code     0  startup_stm32f407xx.o(.text)
    DMA1_Stream0_IRQHandler                  0x08000303   Thumb Code     0  startup_stm32f407xx.o(.text)
    DMA1_Stream2_IRQHandler                  0x08000303   Thumb Code     0  startup_stm32f407xx.o(.text)
    DMA1_Stream4_IRQHandler                  0x08000303   Thumb Code     0  startup_stm32f407xx.o(.text)
    DMA1_Stream5_IRQHandler                  0x08000303   Thumb Code     0  startup_stm32f407xx.o(.text)
    DMA1_Stream6_IRQHandler                  0x08000303   Thumb Code     0  startup_stm32f407xx.o(.text)
    DMA1_Stream7_IRQHandler                  0x08000303   Thumb Code     0  startup_stm32f407xx.o(.text)
    DMA2_Stream0_IRQHandler                  0x08000303   Thumb Code     0  startup_stm32f407xx.o(.text)
    DMA2_Stream3_IRQHandler                  0x08000303   Thumb Code     0  startup_stm32f407xx.o(.text)
    DMA2_Stream4_IRQHandler                  0x08000303   Thumb Code     0  startup_stm32f407xx.o(.text)
    DMA2_Stream5_IRQHandler                  0x08000303   Thumb Code     0  startup_stm32f407xx.o(.text)
    ETH_IRQHandler                           0x08000303   Thumb Code     0  startup_stm32f407xx.o(.text)
    ETH_WKUP_IRQHandler                      0x08000303   Thumb Code     0  startup_stm32f407xx.o(.text)
    EXTI0_IRQHandler                         0x08000303   Thumb Code     0  startup_stm32f407xx.o(.text)
    EXTI15_10_IRQHandler                     0x08000303   Thumb Code     0  startup_stm32f407xx.o(.text)
    EXTI1_IRQHandler                         0x08000303   Thumb Code     0  startup_stm32f407xx.o(.text)
    EXTI2_IRQHandler                         0x08000303   Thumb Code     0  startup_stm32f407xx.o(.text)
    EXTI3_IRQHandler                         0x08000303   Thumb Code     0  startup_stm32f407xx.o(.text)
    EXTI4_IRQHandler                         0x08000303   Thumb Code     0  startup_stm32f407xx.o(.text)
    EXTI9_5_IRQHandler                       0x08000303   Thumb Code     0  startup_stm32f407xx.o(.text)
    FLASH_IRQHandler                         0x08000303   Thumb Code     0  startup_stm32f407xx.o(.text)
    FMC_IRQHandler                           0x08000303   Thumb Code     0  startup_stm32f407xx.o(.text)
    FPU_IRQHandler                           0x08000303   Thumb Code     0  startup_stm32f407xx.o(.text)
    HASH_RNG_IRQHandler                      0x08000303   Thumb Code     0  startup_stm32f407xx.o(.text)
    I2C1_ER_IRQHandler                       0x08000303   Thumb Code     0  startup_stm32f407xx.o(.text)
    I2C1_EV_IRQHandler                       0x08000303   Thumb Code     0  startup_stm32f407xx.o(.text)
    I2C2_ER_IRQHandler                       0x08000303   Thumb Code     0  startup_stm32f407xx.o(.text)
    I2C2_EV_IRQHandler                       0x08000303   Thumb Code     0  startup_stm32f407xx.o(.text)
    I2C3_ER_IRQHandler                       0x08000303   Thumb Code     0  startup_stm32f407xx.o(.text)
    I2C3_EV_IRQHandler                       0x08000303   Thumb Code     0  startup_stm32f407xx.o(.text)
    OTG_FS_IRQHandler                        0x08000303   Thumb Code     0  startup_stm32f407xx.o(.text)
    OTG_FS_WKUP_IRQHandler                   0x08000303   Thumb Code     0  startup_stm32f407xx.o(.text)
    OTG_HS_EP1_IN_IRQHandler                 0x08000303   Thumb Code     0  startup_stm32f407xx.o(.text)
    OTG_HS_EP1_OUT_IRQHandler                0x08000303   Thumb Code     0  startup_stm32f407xx.o(.text)
    OTG_HS_IRQHandler                        0x08000303   Thumb Code     0  startup_stm32f407xx.o(.text)
    OTG_HS_WKUP_IRQHandler                   0x08000303   Thumb Code     0  startup_stm32f407xx.o(.text)
    PVD_IRQHandler                           0x08000303   Thumb Code     0  startup_stm32f407xx.o(.text)
    RCC_IRQHandler                           0x08000303   Thumb Code     0  startup_stm32f407xx.o(.text)
    RTC_Alarm_IRQHandler                     0x08000303   Thumb Code     0  startup_stm32f407xx.o(.text)
    RTC_WKUP_IRQHandler                      0x08000303   Thumb Code     0  startup_stm32f407xx.o(.text)
    SDIO_IRQHandler                          0x08000303   Thumb Code     0  startup_stm32f407xx.o(.text)
    SPI1_IRQHandler                          0x08000303   Thumb Code     0  startup_stm32f407xx.o(.text)
    SPI2_IRQHandler                          0x08000303   Thumb Code     0  startup_stm32f407xx.o(.text)
    SPI3_IRQHandler                          0x08000303   Thumb Code     0  startup_stm32f407xx.o(.text)
    TAMP_STAMP_IRQHandler                    0x08000303   Thumb Code     0  startup_stm32f407xx.o(.text)
    TIM1_BRK_TIM9_IRQHandler                 0x08000303   Thumb Code     0  startup_stm32f407xx.o(.text)
    TIM1_CC_IRQHandler                       0x08000303   Thumb Code     0  startup_stm32f407xx.o(.text)
    TIM1_TRG_COM_TIM11_IRQHandler            0x08000303   Thumb Code     0  startup_stm32f407xx.o(.text)
    TIM1_UP_TIM10_IRQHandler                 0x08000303   Thumb Code     0  startup_stm32f407xx.o(.text)
    TIM2_IRQHandler                          0x08000303   Thumb Code     0  startup_stm32f407xx.o(.text)
    TIM4_IRQHandler                          0x08000303   Thumb Code     0  startup_stm32f407xx.o(.text)
    TIM5_IRQHandler                          0x08000303   Thumb Code     0  startup_stm32f407xx.o(.text)
    TIM6_DAC_IRQHandler                      0x08000303   Thumb Code     0  startup_stm32f407xx.o(.text)
    TIM7_IRQHandler                          0x08000303   Thumb Code     0  startup_stm32f407xx.o(.text)
    TIM8_BRK_TIM12_IRQHandler                0x08000303   Thumb Code     0  startup_stm32f407xx.o(.text)
    TIM8_CC_IRQHandler                       0x08000303   Thumb Code     0  startup_stm32f407xx.o(.text)
    TIM8_TRG_COM_TIM14_IRQHandler            0x08000303   Thumb Code     0  startup_stm32f407xx.o(.text)
    TIM8_UP_TIM13_IRQHandler                 0x08000303   Thumb Code     0  startup_stm32f407xx.o(.text)
    UART4_IRQHandler                         0x08000303   Thumb Code     0  startup_stm32f407xx.o(.text)
    UART5_IRQHandler                         0x08000303   Thumb Code     0  startup_stm32f407xx.o(.text)
    USART2_IRQHandler                        0x08000303   Thumb Code     0  startup_stm32f407xx.o(.text)
    WWDG_IRQHandler                          0x08000303   Thumb Code     0  startup_stm32f407xx.o(.text)
    __user_initial_stackheap                 0x08000305   Thumb Code     0  startup_stm32f407xx.o(.text)
    __aeabi_uldivmod                         0x08000329   Thumb Code     0  lludivv7m.o(.text)
    _ll_udiv                                 0x08000329   Thumb Code   238  lludivv7m.o(.text)
    __aeabi_memcpy                           0x08000417   Thumb Code     0  rt_memcpy_v6.o(.text)
    __rt_memcpy                              0x08000417   Thumb Code   138  rt_memcpy_v6.o(.text)
    _memcpy_lastbytes                        0x0800047d   Thumb Code     0  rt_memcpy_v6.o(.text)
    __aeabi_memcpy4                          0x080004a1   Thumb Code     0  rt_memcpy_w.o(.text)
    __aeabi_memcpy8                          0x080004a1   Thumb Code     0  rt_memcpy_w.o(.text)
    __rt_memcpy_w                            0x080004a1   Thumb Code   100  rt_memcpy_w.o(.text)
    _memcpy_lastbytes_aligned                0x080004e9   Thumb Code     0  rt_memcpy_w.o(.text)
    __aeabi_memclr4                          0x08000505   Thumb Code     0  rt_memclr_w.o(.text)
    __aeabi_memclr8                          0x08000505   Thumb Code     0  rt_memclr_w.o(.text)
    __rt_memclr_w                            0x08000505   Thumb Code    78  rt_memclr_w.o(.text)
    _memset_w                                0x08000509   Thumb Code     0  rt_memclr_w.o(.text)
    __use_two_region_memory                  0x08000553   Thumb Code     2  heapauxi.o(.text)
    __rt_heap_escrow$2region                 0x08000555   Thumb Code     2  heapauxi.o(.text)
    __rt_heap_expand$2region                 0x08000557   Thumb Code     2  heapauxi.o(.text)
    __user_setup_stackheap                   0x08000559   Thumb Code    74  sys_stackheap_outer.o(.text)
    exit                                     0x080005a3   Thumb Code    18  exit.o(.text)
    __user_libspace                          0x080005b5   Thumb Code     8  libspace.o(.text)
    __user_perproc_libspace                  0x080005b5   Thumb Code     0  libspace.o(.text)
    __user_perthread_libspace                0x080005b5   Thumb Code     0  libspace.o(.text)
    _sys_exit                                0x080005bd   Thumb Code     8  sys_exit.o(.text)
    __I$use$semihosting                      0x080005c9   Thumb Code     0  use_no_semi.o(.text)
    __use_no_semihosting_swi                 0x080005c9   Thumb Code     2  use_no_semi.o(.text)
    BusFault_Handler                         0x080005cb   Thumb Code     2  stm32f4xx_it.o(i.BusFault_Handler)
    __semihosting_library_function           0x080005cb   Thumb Code     0  indicate_semi.o(.text)
    CAN1_Init                                0x080005cd   Thumb Code    56  drv_can.o(i.CAN1_Init)
    CAN1_RX0_IRQHandler                      0x08000609   Thumb Code     6  stm32f4xx_it.o(i.CAN1_RX0_IRQHandler)
    CAN1_TX_IRQHandler                       0x08000615   Thumb Code     6  stm32f4xx_it.o(i.CAN1_TX_IRQHandler)
    CAN2_Init                                0x08000621   Thumb Code    56  drv_can.o(i.CAN2_Init)
    CAN2_RX0_IRQHandler                      0x0800065d   Thumb Code     6  stm32f4xx_it.o(i.CAN2_RX0_IRQHandler)
    CAN2_TX_IRQHandler                       0x08000669   Thumb Code     6  stm32f4xx_it.o(i.CAN2_TX_IRQHandler)
    DMA1_Stream1_IRQHandler                  0x08000675   Thumb Code     6  stm32f4xx_it.o(i.DMA1_Stream1_IRQHandler)
    DMA1_Stream3_IRQHandler                  0x08000681   Thumb Code     6  stm32f4xx_it.o(i.DMA1_Stream3_IRQHandler)
    DMA2_Stream1_IRQHandler                  0x0800068d   Thumb Code     6  stm32f4xx_it.o(i.DMA2_Stream1_IRQHandler)
    DMA2_Stream2_IRQHandler                  0x08000699   Thumb Code     6  stm32f4xx_it.o(i.DMA2_Stream2_IRQHandler)
    DMA2_Stream6_IRQHandler                  0x080006a5   Thumb Code     6  stm32f4xx_it.o(i.DMA2_Stream6_IRQHandler)
    DMA2_Stream7_IRQHandler                  0x080006b1   Thumb Code     6  stm32f4xx_it.o(i.DMA2_Stream7_IRQHandler)
    DebugMon_Handler                         0x08000b2d   Thumb Code     2  stm32f4xx_it.o(i.DebugMon_Handler)
    Enable_Ctrl                              0x08000b31   Thumb Code   102  pid.o(i.Enable_Ctrl)
    Enable_Ctrl2                             0x08000ba1   Thumb Code   102  pid.o(i.Enable_Ctrl2)
    Error_Handler                            0x08000c11   Thumb Code     4  main.o(i.Error_Handler)
    Get_CRC16_Check_Sum                      0x08000c15   Thumb Code    38  crc.o(i.Get_CRC16_Check_Sum)
    Get_CRC8_Check_Sum                       0x08000c41   Thumb Code    24  crc.o(i.Get_CRC8_Check_Sum)
    HAL_CAN_ActivateNotification             0x08000c5d   Thumb Code    36  stm32f4xx_hal_can.o(i.HAL_CAN_ActivateNotification)
    HAL_CAN_AddTxMessage                     0x08000c81   Thumb Code   220  stm32f4xx_hal_can.o(i.HAL_CAN_AddTxMessage)
    HAL_CAN_ConfigFilter                     0x08000d5d   Thumb Code   262  stm32f4xx_hal_can.o(i.HAL_CAN_ConfigFilter)
    HAL_CAN_ErrorCallback                    0x08000e69   Thumb Code     2  stm32f4xx_hal_can.o(i.HAL_CAN_ErrorCallback)
    HAL_CAN_GetRxMessage                     0x08000e6b   Thumb Code   232  stm32f4xx_hal_can.o(i.HAL_CAN_GetRxMessage)
    HAL_CAN_IRQHandler                       0x08000f53   Thumb Code   508  stm32f4xx_hal_can.o(i.HAL_CAN_IRQHandler)
    HAL_CAN_Init                             0x0800114f   Thumb Code   282  stm32f4xx_hal_can.o(i.HAL_CAN_Init)
    HAL_CAN_MspInit                          0x08001269   Thumb Code   258  can.o(i.HAL_CAN_MspInit)
    HAL_CAN_RxFifo0FullCallback              0x08001385   Thumb Code     2  stm32f4xx_hal_can.o(i.HAL_CAN_RxFifo0FullCallback)
    HAL_CAN_RxFifo0MsgPendingCallback        0x08001389   Thumb Code   270  drv_can.o(i.HAL_CAN_RxFifo0MsgPendingCallback)
    HAL_CAN_RxFifo1FullCallback              0x080014a5   Thumb Code     2  stm32f4xx_hal_can.o(i.HAL_CAN_RxFifo1FullCallback)
    HAL_CAN_RxFifo1MsgPendingCallback        0x080014a7   Thumb Code     2  stm32f4xx_hal_can.o(i.HAL_CAN_RxFifo1MsgPendingCallback)
    HAL_CAN_SleepCallback                    0x080014a9   Thumb Code     2  stm32f4xx_hal_can.o(i.HAL_CAN_SleepCallback)
    HAL_CAN_Start                            0x080014ad   Thumb Code    88  stm32f4xx_hal_can.o(i.HAL_CAN_Start)
    HAL_CAN_TxMailbox0AbortCallback          0x08001505   Thumb Code     2  stm32f4xx_hal_can.o(i.HAL_CAN_TxMailbox0AbortCallback)
    HAL_CAN_TxMailbox0CompleteCallback       0x08001507   Thumb Code     2  stm32f4xx_hal_can.o(i.HAL_CAN_TxMailbox0CompleteCallback)
    HAL_CAN_TxMailbox1AbortCallback          0x08001509   Thumb Code     2  stm32f4xx_hal_can.o(i.HAL_CAN_TxMailbox1AbortCallback)
    HAL_CAN_TxMailbox1CompleteCallback       0x0800150b   Thumb Code     2  stm32f4xx_hal_can.o(i.HAL_CAN_TxMailbox1CompleteCallback)
    HAL_CAN_TxMailbox2AbortCallback          0x0800150d   Thumb Code     2  stm32f4xx_hal_can.o(i.HAL_CAN_TxMailbox2AbortCallback)
    HAL_CAN_TxMailbox2CompleteCallback       0x0800150f   Thumb Code     2  stm32f4xx_hal_can.o(i.HAL_CAN_TxMailbox2CompleteCallback)
    HAL_CAN_WakeUpFromRxMsgCallback          0x08001511   Thumb Code     2  stm32f4xx_hal_can.o(i.HAL_CAN_WakeUpFromRxMsgCallback)
    HAL_DMA_Abort                            0x08001513   Thumb Code   146  stm32f4xx_hal_dma.o(i.HAL_DMA_Abort)
    HAL_DMA_Abort_IT                         0x080015a5   Thumb Code    36  stm32f4xx_hal_dma.o(i.HAL_DMA_Abort_IT)
    HAL_DMA_IRQHandler                       0x080015c9   Thumb Code   412  stm32f4xx_hal_dma.o(i.HAL_DMA_IRQHandler)
    HAL_DMA_Init                             0x08001769   Thumb Code   206  stm32f4xx_hal_dma.o(i.HAL_DMA_Init)
    HAL_DMA_Start_IT                         0x0800183d   Thumb Code   110  stm32f4xx_hal_dma.o(i.HAL_DMA_Start_IT)
    HAL_Delay                                0x080018ad   Thumb Code    32  stm32f4xx_hal.o(i.HAL_Delay)
    HAL_GPIO_Init                            0x080018d1   Thumb Code   450  stm32f4xx_hal_gpio.o(i.HAL_GPIO_Init)
    HAL_GPIO_WritePin                        0x08001ac1   Thumb Code    10  stm32f4xx_hal_gpio.o(i.HAL_GPIO_WritePin)
    HAL_GetTick                              0x08001acd   Thumb Code     6  stm32f4xx_hal.o(i.HAL_GetTick)
    HAL_I2C_Init                             0x08001ad9   Thumb Code   376  stm32f4xx_hal_i2c.o(i.HAL_I2C_Init)
    HAL_I2C_Mem_Read                         0x08001c61   Thumb Code   490  stm32f4xx_hal_i2c.o(i.HAL_I2C_Mem_Read)
    HAL_I2C_MspInit                          0x08001e59   Thumb Code    90  i2c.o(i.HAL_I2C_MspInit)
    HAL_IncTick                              0x08001ec1   Thumb Code    12  stm32f4xx_hal.o(i.HAL_IncTick)
    HAL_Init                                 0x08001ed1   Thumb Code    48  stm32f4xx_hal.o(i.HAL_Init)
    HAL_InitTick                             0x08001f05   Thumb Code   132  stm32f4xx_hal_timebase_tim.o(i.HAL_InitTick)
    HAL_MspInit                              0x08001f9d   Thumb Code    52  stm32f4xx_hal_msp.o(i.HAL_MspInit)
    HAL_NVIC_EnableIRQ                       0x08001fd5   Thumb Code    26  stm32f4xx_hal_cortex.o(i.HAL_NVIC_EnableIRQ)
    HAL_NVIC_SetPriority                     0x08001ff1   Thumb Code    60  stm32f4xx_hal_cortex.o(i.HAL_NVIC_SetPriority)
    HAL_NVIC_SetPriorityGrouping             0x08002031   Thumb Code    26  stm32f4xx_hal_cortex.o(i.HAL_NVIC_SetPriorityGrouping)
    HAL_RCC_ClockConfig                      0x08002055   Thumb Code   288  stm32f4xx_hal_rcc.o(i.HAL_RCC_ClockConfig)
    HAL_RCC_GetClockConfig                   0x08002189   Thumb Code    54  stm32f4xx_hal_rcc.o(i.HAL_RCC_GetClockConfig)
    HAL_RCC_GetPCLK1Freq                     0x080021c9   Thumb Code    20  stm32f4xx_hal_rcc.o(i.HAL_RCC_GetPCLK1Freq)
    HAL_RCC_GetPCLK2Freq                     0x080021e9   Thumb Code    20  stm32f4xx_hal_rcc.o(i.HAL_RCC_GetPCLK2Freq)
    HAL_RCC_GetSysClockFreq                  0x08002209   Thumb Code    88  stm32f4xx_hal_rcc.o(i.HAL_RCC_GetSysClockFreq)
    HAL_RCC_OscConfig                        0x0800226d   Thumb Code   856  stm32f4xx_hal_rcc.o(i.HAL_RCC_OscConfig)
    HAL_TIMEx_BreakCallback                  0x080025d9   Thumb Code     2  stm32f4xx_hal_tim_ex.o(i.HAL_TIMEx_BreakCallback)
    HAL_TIMEx_CommutCallback                 0x080025db   Thumb Code     2  stm32f4xx_hal_tim_ex.o(i.HAL_TIMEx_CommutCallback)
    HAL_TIMEx_ConfigBreakDeadTime            0x080025dd   Thumb Code    84  stm32f4xx_hal_tim_ex.o(i.HAL_TIMEx_ConfigBreakDeadTime)
    HAL_TIMEx_MasterConfigSynchronization    0x08002631   Thumb Code   116  stm32f4xx_hal_tim_ex.o(i.HAL_TIMEx_MasterConfigSynchronization)
    HAL_TIM_Base_Init                        0x080026c1   Thumb Code    90  stm32f4xx_hal_tim.o(i.HAL_TIM_Base_Init)
    HAL_TIM_Base_MspInit                     0x0800271b   Thumb Code     2  stm32f4xx_hal_tim.o(i.HAL_TIM_Base_MspInit)
    HAL_TIM_Base_Start_IT                    0x0800271d   Thumb Code   100  stm32f4xx_hal_tim.o(i.HAL_TIM_Base_Start_IT)
    HAL_TIM_IC_CaptureCallback               0x0800279d   Thumb Code     2  stm32f4xx_hal_tim.o(i.HAL_TIM_IC_CaptureCallback)
    HAL_TIM_IRQHandler                       0x0800279f   Thumb Code   358  stm32f4xx_hal_tim.o(i.HAL_TIM_IRQHandler)
    HAL_TIM_MspPostInit                      0x08002905   Thumb Code    72  tim.o(i.HAL_TIM_MspPostInit)
    HAL_TIM_OC_DelayElapsedCallback          0x08002959   Thumb Code     2  stm32f4xx_hal_tim.o(i.HAL_TIM_OC_DelayElapsedCallback)
    HAL_TIM_PWM_ConfigChannel                0x0800295b   Thumb Code   204  stm32f4xx_hal_tim.o(i.HAL_TIM_PWM_ConfigChannel)
    HAL_TIM_PWM_Init                         0x08002a27   Thumb Code    90  stm32f4xx_hal_tim.o(i.HAL_TIM_PWM_Init)
    HAL_TIM_PWM_MspInit                      0x08002a81   Thumb Code    30  tim.o(i.HAL_TIM_PWM_MspInit)
    HAL_TIM_PWM_PulseFinishedCallback        0x08002aa9   Thumb Code     2  stm32f4xx_hal_tim.o(i.HAL_TIM_PWM_PulseFinishedCallback)
    HAL_TIM_PeriodElapsedCallback            0x08002aad   Thumb Code    14  main.o(i.HAL_TIM_PeriodElapsedCallback)
    HAL_TIM_TriggerCallback                  0x08002ac1   Thumb Code     2  stm32f4xx_hal_tim.o(i.HAL_TIM_TriggerCallback)
    HAL_UARTEx_RxEventCallback               0x08002ac3   Thumb Code     2  stm32f4xx_hal_uart.o(i.HAL_UARTEx_RxEventCallback)
    HAL_UART_ErrorCallback                   0x08002ac5   Thumb Code     2  stm32f4xx_hal_uart.o(i.HAL_UART_ErrorCallback)
    HAL_UART_IRQHandler                      0x08002ac9   Thumb Code   610  stm32f4xx_hal_uart.o(i.HAL_UART_IRQHandler)
    HAL_UART_Init                            0x08002d31   Thumb Code    98  stm32f4xx_hal_uart.o(i.HAL_UART_Init)
    HAL_UART_MspInit                         0x08002d95   Thumb Code   678  usart.o(i.HAL_UART_MspInit)
    HAL_UART_RxCpltCallback                  0x0800306d   Thumb Code     2  stm32f4xx_hal_uart.o(i.HAL_UART_RxCpltCallback)
    HAL_UART_Transmit_DMA                    0x08003071   Thumb Code   126  stm32f4xx_hal_uart.o(i.HAL_UART_Transmit_DMA)
    HAL_UART_TxCpltCallback                  0x080030fd   Thumb Code     2  stm32f4xx_hal_uart.o(i.HAL_UART_TxCpltCallback)
    HAL_UART_TxHalfCpltCallback              0x080030ff   Thumb Code     2  stm32f4xx_hal_uart.o(i.HAL_UART_TxHalfCpltCallback)
    HardFault_Handler                        0x08003101   Thumb Code     2  stm32f4xx_it.o(i.HardFault_Handler)
    JUDGE_Receive                            0x080033dd   Thumb Code   416  judge.o(i.JUDGE_Receive)
    MIT_CtrlMotor                            0x08003581   Thumb Code   210  pid.o(i.MIT_CtrlMotor)
    MIT_CtrlMotor2                           0x0800366d   Thumb Code   210  pid.o(i.MIT_CtrlMotor2)
    MX_CAN1_Init                             0x08003759   Thumb Code    60  can.o(i.MX_CAN1_Init)
    MX_CAN2_Init                             0x0800379d   Thumb Code    60  can.o(i.MX_CAN2_Init)
    MX_DMA_Init                              0x080037e1   Thumb Code   136  dma.o(i.MX_DMA_Init)
    MX_FREERTOS_Init                         0x0800386d   Thumb Code    96  freertos.o(i.MX_FREERTOS_Init)
    MX_GPIO_Init                             0x080038d5   Thumb Code   210  gpio.o(i.MX_GPIO_Init)
    MX_I2C2_Init                             0x080039b5   Thumb Code    50  i2c.o(i.MX_I2C2_Init)
    MX_TIM1_Init                             0x080039f5   Thumb Code   152  tim.o(i.MX_TIM1_Init)
    MX_USART1_UART_Init                      0x08003a95   Thumb Code    48  usart.o(i.MX_USART1_UART_Init)
    MX_USART3_UART_Init                      0x08003acd   Thumb Code    48  usart.o(i.MX_USART3_UART_Init)
    MX_USART6_UART_Init                      0x08003b05   Thumb Code    48  usart.o(i.MX_USART6_UART_Init)
    MemManage_Handler                        0x08003b3d   Thumb Code     2  stm32f4xx_it.o(i.MemManage_Handler)
    NMI_Handler                              0x08003b3f   Thumb Code     2  stm32f4xx_it.o(i.NMI_Handler)
    Programe_Run                             0x08003b41   Thumb Code    82  drv_as5600.o(i.Programe_Run)
    StartDefaultTask                         0x08003ba5   Thumb Code    20  freertos.o(i.StartDefaultTask)
    StartTask02                              0x08003bbd   Thumb Code    32  arm_task.o(i.StartTask02)
    StartTask03                              0x08003bdd   Thumb Code     8  freertos.o(i.StartTask03)
    StartTask04                              0x08003be5   Thumb Code     8  freertos.o(i.StartTask04)
    SysTick_Handler                          0x08003bed   Thumb Code    38  port.o(i.SysTick_Handler)
    SystemClock_Config                       0x08003c19   Thumb Code   140  main.o(i.SystemClock_Config)
    SystemInit                               0x08003cad   Thumb Code    12  system_stm32f4xx.o(i.SystemInit)
    TIM3_IRQHandler                          0x08003cbd   Thumb Code     6  stm32f4xx_it.o(i.TIM3_IRQHandler)
    TIM_Base_SetConfig                       0x08003cc9   Thumb Code   156  stm32f4xx_hal_tim.o(i.TIM_Base_SetConfig)
    TIM_OC2_SetConfig                        0x08003df1   Thumb Code    98  stm32f4xx_hal_tim.o(i.TIM_OC2_SetConfig)
    USART1_IRQHandler                        0x080041f1   Thumb Code     6  stm32f4xx_it.o(i.USART1_IRQHandler)
    USART3_IRQHandler                        0x080041fd   Thumb Code     6  stm32f4xx_it.o(i.USART3_IRQHandler)
    USART3_Init                              0x08004209   Thumb Code    52  drv_usart.o(i.USART3_Init)
    USART3_rxDataHandler                     0x08004245   Thumb Code   260  rc_potocal.o(i.USART3_rxDataHandler)
    USART6_IRQHandler                        0x08004355   Thumb Code     6  stm32f4xx_it.o(i.USART6_IRQHandler)
    USART6_Init                              0x08004361   Thumb Code    52  drv_usart.o(i.USART6_Init)
    Update_data                              0x0800439d   Thumb Code   156  judge.o(i.Update_data)
    UsageFault_Handler                       0x08004445   Thumb Code     2  stm32f4xx_it.o(i.UsageFault_Handler)
    Verify_CRC16_Check_Sum                   0x08004449   Thumb Code    54  crc.o(i.Verify_CRC16_Check_Sum)
    Verify_CRC8_Check_Sum                    0x08004485   Thumb Code    38  crc.o(i.Verify_CRC8_Check_Sum)
    detectMagnet                             0x080044cb   Thumb Code    16  drv_as5600.o(i.detectMagnet)
    float_to_uint                            0x08004571   Thumb Code    40  pid.o(i.float_to_uint)
    main                                     0x08004599   Thumb Code    70  main.o(i.main)
    osDelay                                  0x080045eb   Thumb Code    14  cmsis_os.o(i.osDelay)
    osKernelStart                            0x080045f9   Thumb Code    10  cmsis_os.o(i.osKernelStart)
    osThreadCreate                           0x08004603   Thumb Code    84  cmsis_os.o(i.osThreadCreate)
    pvPortMalloc                             0x080049a5   Thumb Code   216  heap_4.o(i.pvPortMalloc)
    pxPortInitialiseStack                    0x08004a81   Thumb Code    40  port.o(i.pxPortInitialiseStack)
    readOneByte                              0x08004aad   Thumb Code    38  drv_as5600.o(i.readOneByte)
    readTwoBytes                             0x08004ad9   Thumb Code    24  drv_as5600.o(i.readTwoBytes)
    uint_to_float                            0x08004af1   Thumb Code    40  drv_can.o(i.uint_to_float)
    uxListRemove                             0x08004b19   Thumb Code    38  list.o(i.uxListRemove)
    vApplicationGetIdleTaskMemory            0x08004b41   Thumb Code    16  freertos.o(i.vApplicationGetIdleTaskMemory)
    vListInitialise                          0x08004b55   Thumb Code    22  list.o(i.vListInitialise)
    vListInitialiseItem                      0x08004b6b   Thumb Code     6  list.o(i.vListInitialiseItem)
    vListInsert                              0x08004b71   Thumb Code    48  list.o(i.vListInsert)
    vListInsertEnd                           0x08004ba1   Thumb Code    24  list.o(i.vListInsertEnd)
    vPortEnterCritical                       0x08004bb9   Thumb Code    54  port.o(i.vPortEnterCritical)
    vPortExitCritical                        0x08004bf9   Thumb Code    34  port.o(i.vPortExitCritical)
    vPortFree                                0x08004c21   Thumb Code    94  heap_4.o(i.vPortFree)
    vPortSetupTimerInterrupt                 0x08004c85   Thumb Code    32  port.o(i.vPortSetupTimerInterrupt)
    vTaskDelay                               0x08004ca9   Thumb Code    66  tasks.o(i.vTaskDelay)
    vTaskStartScheduler                      0x08004cf5   Thumb Code    90  tasks.o(i.vTaskStartScheduler)
    vTaskSuspendAll                          0x08004d61   Thumb Code    10  tasks.o(i.vTaskSuspendAll)
    vTaskSwitchContext                       0x08004d71   Thumb Code    82  tasks.o(i.vTaskSwitchContext)
    xPortStartScheduler                      0x08004dcd   Thumb Code   222  port.o(i.xPortStartScheduler)
    xTaskCreate                              0x08004ec1   Thumb Code    90  tasks.o(i.xTaskCreate)
    xTaskCreateStatic                        0x08004f1b   Thumb Code    86  tasks.o(i.xTaskCreateStatic)
    xTaskIncrementTick                       0x08004f71   Thumb Code   194  tasks.o(i.xTaskIncrementTick)
    xTaskResumeAll                           0x0800503d   Thumb Code   182  tasks.o(i.xTaskResumeAll)
    _fp_init                                 0x08005101   Thumb Code    10  fpinit.o(x$fpl$fpinit)
    __fplib_config_fpu_vfp                   0x08005109   Thumb Code     0  fpinit.o(x$fpl$fpinit)
    __fplib_config_pureend_doubles           0x08005109   Thumb Code     0  fpinit.o(x$fpl$fpinit)
    AHBPrescTable                            0x08005184   Data          16  system_stm32f4xx.o(.constdata)
    APBPrescTable                            0x08005194   Data           8  system_stm32f4xx.o(.constdata)
    CRC8_TAB                                 0x0800519c   Data         256  crc.o(.constdata)
    wCRC_Table                               0x0800529c   Data         512  crc.o(.constdata)
    Region$$Table$$Base                      0x080054cc   Number         0  anon$$obj.o(Region$$Table)
    Region$$Table$$Limit                     0x080054ec   Number         0  anon$$obj.o(Region$$Table)
    defaultTaskHandle                        0x20000000   Data           4  freertos.o(.data)
    Arm_TaskHandle                           0x20000004   Data           4  freertos.o(.data)
    sucker_TaskHandle                        0x20000008   Data           4  freertos.o(.data)
    remote_taskHandle                        0x2000000c   Data           4  freertos.o(.data)
    uwTickFreq                               0x20000014   Data           1  stm32f4xx_hal.o(.data)
    uwTickPrio                               0x20000018   Data           4  stm32f4xx_hal.o(.data)
    uwTick                                   0x2000001c   Data           4  stm32f4xx_hal.o(.data)
    SystemCoreClock                          0x20000020   Data           4  system_stm32f4xx.o(.data)
    pxCurrentTCB                             0x20000024   Data           4  tasks.o(.data)
    judge_receive_length                     0x2000008c   Data           1  drv_usart.o(.data)
    data                                     0x20000090   Data           4  drv_as5600.o(.data)
    degress                                  0x20000094   Data           4  drv_as5600.o(.data)
    angle                                    0x20000098   Data           4  drv_as5600.o(.data)
    Flag_judge                               0x2000009c   Data           1  judge.o(.data)
    Flag_first                               0x2000009d   Data           1  judge.o(.data)
    Hero_level                               0x2000009e   Data           1  judge.o(.data)
    Hero_id                                  0x2000009f   Data           1  judge.o(.data)
    Flag_progress                            0x200000a0   Data           1  judge.o(.data)
    Hero_42mm_speed_limit                    0x200000a2   Data           2  judge.o(.data)
    Hero_chassis_power_limit                 0x200000a4   Data           2  judge.o(.data)
    Hero_chassis_power_buffer                0x200000a6   Data           2  judge.o(.data)
    Hero_chassis_power                       0x200000a8   Data           4  judge.o(.data)
    Hero_42mm_speed                          0x200000ac   Data           4  judge.o(.data)
    press_left                               0x200000b0   Data           1  rc_potocal.o(.data)
    press_right                              0x200000b1   Data           1  rc_potocal.o(.data)
    w_flag                                   0x200000b2   Data           2  rc_potocal.o(.data)
    s_flag                                   0x200000b4   Data           2  rc_potocal.o(.data)
    a_flag                                   0x200000b6   Data           2  rc_potocal.o(.data)
    d_flag                                   0x200000b8   Data           2  rc_potocal.o(.data)
    q_flag                                   0x200000ba   Data           2  rc_potocal.o(.data)
    e_flag                                   0x200000bc   Data           2  rc_potocal.o(.data)
    shift_flag                               0x200000be   Data           2  rc_potocal.o(.data)
    ctrl_flag                                0x200000c0   Data           2  rc_potocal.o(.data)
    r_flag                                   0x200000c2   Data           2  rc_potocal.o(.data)
    f_flag                                   0x200000c4   Data           2  rc_potocal.o(.data)
    g_flag                                   0x200000c6   Data           2  rc_potocal.o(.data)
    z_flag                                   0x200000c8   Data           2  rc_potocal.o(.data)
    x_flag                                   0x200000ca   Data           2  rc_potocal.o(.data)
    c_flag                                   0x200000cc   Data           2  rc_potocal.o(.data)
    v_flag                                   0x200000ce   Data           2  rc_potocal.o(.data)
    b_flag                                   0x200000d0   Data           2  rc_potocal.o(.data)
    CRC_INIT                                 0x200000d2   Data           2  crc.o(.data)
    hcan1                                    0x20000328   Data          40  can.o(.bss)
    hcan2                                    0x20000350   Data          40  can.o(.bss)
    hi2c2                                    0x20000378   Data          84  i2c.o(.bss)
    htim1                                    0x200003cc   Data          72  tim.o(.bss)
    huart1                                   0x20000414   Data          68  usart.o(.bss)
    huart3                                   0x20000458   Data          68  usart.o(.bss)
    huart6                                   0x2000049c   Data          68  usart.o(.bss)
    hdma_usart1_rx                           0x200004e0   Data          96  usart.o(.bss)
    hdma_usart1_tx                           0x20000540   Data          96  usart.o(.bss)
    hdma_usart3_rx                           0x200005a0   Data          96  usart.o(.bss)
    hdma_usart3_tx                           0x20000600   Data          96  usart.o(.bss)
    hdma_usart6_rx                           0x20000660   Data          96  usart.o(.bss)
    hdma_usart6_tx                           0x200006c0   Data          96  usart.o(.bss)
    htim3                                    0x20000720   Data          72  stm32f4xx_hal_timebase_tim.o(.bss)
    MOTOR1_can1                              0x2000447c   Data          24  drv_can.o(.bss)
    MOTOR2_can1                              0x20004494   Data          24  drv_can.o(.bss)
    MOTOR3_can1                              0x200044ac   Data          24  drv_can.o(.bss)
    MOTOR1_can2                              0x200044c4   Data          24  drv_can.o(.bss)
    MOTOR2_can2                              0x200044dc   Data          24  drv_can.o(.bss)
    MOTOR3_can2                              0x200044f4   Data          24  drv_can.o(.bss)
    judge_dma_buffer                         0x2000450c   Data         400  drv_usart.o(.bss)
    usart3_dma_rxbuf                         0x2000469c   Data          48  drv_usart.o(.bss)
    Judge_Hero                               0x200046cc   Data         158  judge.o(.bss)
    rc_ctrl                                  0x2000476a   Data          22  rc_potocal.o(.bss)
    __libspace_start                         0x20004858   Data          96  libspace.o(.bss)
    __temporary_stack_top$libspace           0x200048b8   Data           0  libspace.o(.bss)



==============================================================================

Memory Map of the image

  Image Entry point : 0x08000189

  Load Region LR_IROM1 (Base: 0x08000000, Size: 0x000055c0, Max: 0x00100000, ABSOLUTE)

    Execution Region ER_IROM1 (Exec base: 0x08000000, Load base: 0x08000000, Size: 0x000054ec, Max: 0x00100000, ABSOLUTE)

    Exec Addr    Load Addr    Size         Type   Attr      Idx    E Section Name        Object

    0x08000000   0x08000000   0x00000188   Data   RO            3    RESET               startup_stm32f407xx.o
    0x08000188   0x08000188   0x00000008   Code   RO         5812  * !!!main             c_w.l(__main.o)
    0x08000190   0x08000190   0x00000034   Code   RO         5983    !!!scatter          c_w.l(__scatter.o)
    0x080001c4   0x080001c4   0x0000001a   Code   RO         5985    !!handler_copy      c_w.l(__scatter_copy.o)
    0x080001de   0x080001de   0x00000002   PAD
    0x080001e0   0x080001e0   0x0000001c   Code   RO         5987    !!handler_zi        c_w.l(__scatter_zi.o)
    0x080001fc   0x080001fc   0x00000002   Code   RO         5851    .ARM.Collect$$libinit$$00000000  c_w.l(libinit.o)
    0x080001fe   0x080001fe   0x00000004   Code   RO         5863    .ARM.Collect$$libinit$$00000001  c_w.l(libinit2.o)
    0x08000202   0x08000202   0x00000000   Code   RO         5866    .ARM.Collect$$libinit$$00000004  c_w.l(libinit2.o)
    0x08000202   0x08000202   0x00000000   Code   RO         5869    .ARM.Collect$$libinit$$0000000A  c_w.l(libinit2.o)
    0x08000202   0x08000202   0x00000000   Code   RO         5871    .ARM.Collect$$libinit$$0000000C  c_w.l(libinit2.o)
    0x08000202   0x08000202   0x00000000   Code   RO         5873    .ARM.Collect$$libinit$$0000000E  c_w.l(libinit2.o)
    0x08000202   0x08000202   0x00000000   Code   RO         5876    .ARM.Collect$$libinit$$00000011  c_w.l(libinit2.o)
    0x08000202   0x08000202   0x00000000   Code   RO         5878    .ARM.Collect$$libinit$$00000013  c_w.l(libinit2.o)
    0x08000202   0x08000202   0x00000000   Code   RO         5880    .ARM.Collect$$libinit$$00000015  c_w.l(libinit2.o)
    0x08000202   0x08000202   0x00000000   Code   RO         5882    .ARM.Collect$$libinit$$00000017  c_w.l(libinit2.o)
    0x08000202   0x08000202   0x00000000   Code   RO         5884    .ARM.Collect$$libinit$$00000019  c_w.l(libinit2.o)
    0x08000202   0x08000202   0x00000000   Code   RO         5886    .ARM.Collect$$libinit$$0000001B  c_w.l(libinit2.o)
    0x08000202   0x08000202   0x00000000   Code   RO         5888    .ARM.Collect$$libinit$$0000001D  c_w.l(libinit2.o)
    0x08000202   0x08000202   0x00000000   Code   RO         5890    .ARM.Collect$$libinit$$0000001F  c_w.l(libinit2.o)
    0x08000202   0x08000202   0x00000000   Code   RO         5892    .ARM.Collect$$libinit$$00000021  c_w.l(libinit2.o)
    0x08000202   0x08000202   0x00000000   Code   RO         5894    .ARM.Collect$$libinit$$00000023  c_w.l(libinit2.o)
    0x08000202   0x08000202   0x00000000   Code   RO         5896    .ARM.Collect$$libinit$$00000025  c_w.l(libinit2.o)
    0x08000202   0x08000202   0x00000000   Code   RO         5900    .ARM.Collect$$libinit$$0000002C  c_w.l(libinit2.o)
    0x08000202   0x08000202   0x00000000   Code   RO         5902    .ARM.Collect$$libinit$$0000002E  c_w.l(libinit2.o)
    0x08000202   0x08000202   0x00000000   Code   RO         5904    .ARM.Collect$$libinit$$00000030  c_w.l(libinit2.o)
    0x08000202   0x08000202   0x00000000   Code   RO         5906    .ARM.Collect$$libinit$$00000032  c_w.l(libinit2.o)
    0x08000202   0x08000202   0x00000002   Code   RO         5907    .ARM.Collect$$libinit$$00000033  c_w.l(libinit2.o)
    0x08000204   0x08000204   0x00000002   Code   RO         5938    .ARM.Collect$$libshutdown$$00000000  c_w.l(libshutdown.o)
    0x08000206   0x08000206   0x00000000   Code   RO         5964    .ARM.Collect$$libshutdown$$00000002  c_w.l(libshutdown2.o)
    0x08000206   0x08000206   0x00000000   Code   RO         5966    .ARM.Collect$$libshutdown$$00000004  c_w.l(libshutdown2.o)
    0x08000206   0x08000206   0x00000000   Code   RO         5968    .ARM.Collect$$libshutdown$$00000006  c_w.l(libshutdown2.o)
    0x08000206   0x08000206   0x00000000   Code   RO         5971    .ARM.Collect$$libshutdown$$00000009  c_w.l(libshutdown2.o)
    0x08000206   0x08000206   0x00000000   Code   RO         5974    .ARM.Collect$$libshutdown$$0000000C  c_w.l(libshutdown2.o)
    0x08000206   0x08000206   0x00000000   Code   RO         5976    .ARM.Collect$$libshutdown$$0000000E  c_w.l(libshutdown2.o)
    0x08000206   0x08000206   0x00000000   Code   RO         5979    .ARM.Collect$$libshutdown$$00000011  c_w.l(libshutdown2.o)
    0x08000206   0x08000206   0x00000002   Code   RO         5980    .ARM.Collect$$libshutdown$$00000012  c_w.l(libshutdown2.o)
    0x08000208   0x08000208   0x00000000   Code   RO         5814    .ARM.Collect$$rtentry$$00000000  c_w.l(__rtentry.o)
    0x08000208   0x08000208   0x00000000   Code   RO         5822    .ARM.Collect$$rtentry$$00000002  c_w.l(__rtentry2.o)
    0x08000208   0x08000208   0x00000006   Code   RO         5834    .ARM.Collect$$rtentry$$00000004  c_w.l(__rtentry4.o)
    0x0800020e   0x0800020e   0x00000000   Code   RO         5824    .ARM.Collect$$rtentry$$00000009  c_w.l(__rtentry2.o)
    0x0800020e   0x0800020e   0x00000004   Code   RO         5825    .ARM.Collect$$rtentry$$0000000A  c_w.l(__rtentry2.o)
    0x08000212   0x08000212   0x00000000   Code   RO         5827    .ARM.Collect$$rtentry$$0000000C  c_w.l(__rtentry2.o)
    0x08000212   0x08000212   0x00000008   Code   RO         5828    .ARM.Collect$$rtentry$$0000000D  c_w.l(__rtentry2.o)
    0x0800021a   0x0800021a   0x00000002   Code   RO         5855    .ARM.Collect$$rtexit$$00000000  c_w.l(rtexit.o)
    0x0800021c   0x0800021c   0x00000000   Code   RO         5911    .ARM.Collect$$rtexit$$00000002  c_w.l(rtexit2.o)
    0x0800021c   0x0800021c   0x00000004   Code   RO         5912    .ARM.Collect$$rtexit$$00000003  c_w.l(rtexit2.o)
    0x08000220   0x08000220   0x00000006   Code   RO         5913    .ARM.Collect$$rtexit$$00000004  c_w.l(rtexit2.o)
    0x08000226   0x08000226   0x00000002   PAD
    0x08000228   0x08000228   0x000000be   Code   RO         5249    .emb_text           port.o
    0x080002e6   0x080002e6   0x00000002   PAD
    0x080002e8   0x080002e8   0x00000040   Code   RO            4    .text               startup_stm32f407xx.o
    0x08000328   0x08000328   0x000000ee   Code   RO         5800    .text               c_w.l(lludivv7m.o)
    0x08000416   0x08000416   0x0000008a   Code   RO         5802    .text               c_w.l(rt_memcpy_v6.o)
    0x080004a0   0x080004a0   0x00000064   Code   RO         5804    .text               c_w.l(rt_memcpy_w.o)
    0x08000504   0x08000504   0x0000004e   Code   RO         5808    .text               c_w.l(rt_memclr_w.o)
    0x08000552   0x08000552   0x00000006   Code   RO         5810    .text               c_w.l(heapauxi.o)
    0x08000558   0x08000558   0x0000004a   Code   RO         5838    .text               c_w.l(sys_stackheap_outer.o)
    0x080005a2   0x080005a2   0x00000012   Code   RO         5840    .text               c_w.l(exit.o)
    0x080005b4   0x080005b4   0x00000008   Code   RO         5852    .text               c_w.l(libspace.o)
    0x080005bc   0x080005bc   0x0000000c   Code   RO         5908    .text               c_w.l(sys_exit.o)
    0x080005c8   0x080005c8   0x00000002   Code   RO         5927    .text               c_w.l(use_no_semi.o)
    0x080005ca   0x080005ca   0x00000000   Code   RO         5929    .text               c_w.l(indicate_semi.o)
    0x080005ca   0x080005ca   0x00000002   Code   RO          643    i.BusFault_Handler  stm32f4xx_it.o
    0x080005cc   0x080005cc   0x0000003c   Code   RO         5329    i.CAN1_Init         drv_can.o
    0x08000608   0x08000608   0x0000000c   Code   RO          644    i.CAN1_RX0_IRQHandler  stm32f4xx_it.o
    0x08000614   0x08000614   0x0000000c   Code   RO          645    i.CAN1_TX_IRQHandler  stm32f4xx_it.o
    0x08000620   0x08000620   0x0000003c   Code   RO         5330    i.CAN2_Init         drv_can.o
    0x0800065c   0x0800065c   0x0000000c   Code   RO          646    i.CAN2_RX0_IRQHandler  stm32f4xx_it.o
    0x08000668   0x08000668   0x0000000c   Code   RO          647    i.CAN2_TX_IRQHandler  stm32f4xx_it.o
    0x08000674   0x08000674   0x0000000c   Code   RO          648    i.DMA1_Stream1_IRQHandler  stm32f4xx_it.o
    0x08000680   0x08000680   0x0000000c   Code   RO          649    i.DMA1_Stream3_IRQHandler  stm32f4xx_it.o
    0x0800068c   0x0800068c   0x0000000c   Code   RO          650    i.DMA2_Stream1_IRQHandler  stm32f4xx_it.o
    0x08000698   0x08000698   0x0000000c   Code   RO          651    i.DMA2_Stream2_IRQHandler  stm32f4xx_it.o
    0x080006a4   0x080006a4   0x0000000c   Code   RO          652    i.DMA2_Stream6_IRQHandler  stm32f4xx_it.o
    0x080006b0   0x080006b0   0x0000000c   Code   RO          653    i.DMA2_Stream7_IRQHandler  stm32f4xx_it.o
    0x080006bc   0x080006bc   0x00000244   Code   RO         5459    i.DMAEx_MultiBufferStart_NoIT  drv_usart.o
    0x08000900   0x08000900   0x00000028   Code   RO         1541    i.DMA_CalcBaseAndBitshift  stm32f4xx_hal_dma.o
    0x08000928   0x08000928   0x00000054   Code   RO         1542    i.DMA_CheckFifoParam  stm32f4xx_hal_dma.o
    0x0800097c   0x0800097c   0x00000028   Code   RO         1543    i.DMA_SetConfig     stm32f4xx_hal_dma.o
    0x080009a4   0x080009a4   0x0000007a   Code   RO           13    i.DM_Enable         arm_task.o
    0x08000a1e   0x08000a1e   0x00000002   PAD
    0x08000a20   0x08000a20   0x0000010c   Code   RO           14    i.DM_Init           arm_task.o
    0x08000b2c   0x08000b2c   0x00000002   Code   RO          654    i.DebugMon_Handler  stm32f4xx_it.o
    0x08000b2e   0x08000b2e   0x00000002   PAD
    0x08000b30   0x08000b30   0x00000070   Code   RO         5707    i.Enable_Ctrl       pid.o
    0x08000ba0   0x08000ba0   0x00000070   Code   RO         5708    i.Enable_Ctrl2      pid.o
    0x08000c10   0x08000c10   0x00000004   Code   RO          243    i.Error_Handler     main.o
    0x08000c14   0x08000c14   0x0000002c   Code   RO         5650    i.Get_CRC16_Check_Sum  crc.o
    0x08000c40   0x08000c40   0x0000001c   Code   RO         5651    i.Get_CRC8_Check_Sum  crc.o
    0x08000c5c   0x08000c5c   0x00000024   Code   RO          849    i.HAL_CAN_ActivateNotification  stm32f4xx_hal_can.o
    0x08000c80   0x08000c80   0x000000dc   Code   RO          850    i.HAL_CAN_AddTxMessage  stm32f4xx_hal_can.o
    0x08000d5c   0x08000d5c   0x0000010c   Code   RO          851    i.HAL_CAN_ConfigFilter  stm32f4xx_hal_can.o
    0x08000e68   0x08000e68   0x00000002   Code   RO          854    i.HAL_CAN_ErrorCallback  stm32f4xx_hal_can.o
    0x08000e6a   0x08000e6a   0x000000e8   Code   RO          857    i.HAL_CAN_GetRxMessage  stm32f4xx_hal_can.o
    0x08000f52   0x08000f52   0x000001fc   Code   RO          861    i.HAL_CAN_IRQHandler  stm32f4xx_hal_can.o
    0x0800114e   0x0800114e   0x0000011a   Code   RO          862    i.HAL_CAN_Init      stm32f4xx_hal_can.o
    0x08001268   0x08001268   0x0000011c   Code   RO          423    i.HAL_CAN_MspInit   can.o
    0x08001384   0x08001384   0x00000002   Code   RO          869    i.HAL_CAN_RxFifo0FullCallback  stm32f4xx_hal_can.o
    0x08001386   0x08001386   0x00000002   PAD
    0x08001388   0x08001388   0x0000011c   Code   RO         5331    i.HAL_CAN_RxFifo0MsgPendingCallback  drv_can.o
    0x080014a4   0x080014a4   0x00000002   Code   RO          871    i.HAL_CAN_RxFifo1FullCallback  stm32f4xx_hal_can.o
    0x080014a6   0x080014a6   0x00000002   Code   RO          872    i.HAL_CAN_RxFifo1MsgPendingCallback  stm32f4xx_hal_can.o
    0x080014a8   0x080014a8   0x00000002   Code   RO          873    i.HAL_CAN_SleepCallback  stm32f4xx_hal_can.o
    0x080014aa   0x080014aa   0x00000002   PAD
    0x080014ac   0x080014ac   0x00000058   Code   RO          874    i.HAL_CAN_Start     stm32f4xx_hal_can.o
    0x08001504   0x08001504   0x00000002   Code   RO          876    i.HAL_CAN_TxMailbox0AbortCallback  stm32f4xx_hal_can.o
    0x08001506   0x08001506   0x00000002   Code   RO          877    i.HAL_CAN_TxMailbox0CompleteCallback  stm32f4xx_hal_can.o
    0x08001508   0x08001508   0x00000002   Code   RO          878    i.HAL_CAN_TxMailbox1AbortCallback  stm32f4xx_hal_can.o
    0x0800150a   0x0800150a   0x00000002   Code   RO          879    i.HAL_CAN_TxMailbox1CompleteCallback  stm32f4xx_hal_can.o
    0x0800150c   0x0800150c   0x00000002   Code   RO          880    i.HAL_CAN_TxMailbox2AbortCallback  stm32f4xx_hal_can.o
    0x0800150e   0x0800150e   0x00000002   Code   RO          881    i.HAL_CAN_TxMailbox2CompleteCallback  stm32f4xx_hal_can.o
    0x08001510   0x08001510   0x00000002   Code   RO          883    i.HAL_CAN_WakeUpFromRxMsgCallback  stm32f4xx_hal_can.o
    0x08001512   0x08001512   0x00000092   Code   RO         1544    i.HAL_DMA_Abort     stm32f4xx_hal_dma.o
    0x080015a4   0x080015a4   0x00000024   Code   RO         1545    i.HAL_DMA_Abort_IT  stm32f4xx_hal_dma.o
    0x080015c8   0x080015c8   0x000001a0   Code   RO         1549    i.HAL_DMA_IRQHandler  stm32f4xx_hal_dma.o
    0x08001768   0x08001768   0x000000d4   Code   RO         1550    i.HAL_DMA_Init      stm32f4xx_hal_dma.o
    0x0800183c   0x0800183c   0x0000006e   Code   RO         1554    i.HAL_DMA_Start_IT  stm32f4xx_hal_dma.o
    0x080018aa   0x080018aa   0x00000002   PAD
    0x080018ac   0x080018ac   0x00000024   Code   RO         1963    i.HAL_Delay         stm32f4xx_hal.o
    0x080018d0   0x080018d0   0x000001f0   Code   RO         1437    i.HAL_GPIO_Init     stm32f4xx_hal_gpio.o
    0x08001ac0   0x08001ac0   0x0000000a   Code   RO         1441    i.HAL_GPIO_WritePin  stm32f4xx_hal_gpio.o
    0x08001aca   0x08001aca   0x00000002   PAD
    0x08001acc   0x08001acc   0x0000000c   Code   RO         1969    i.HAL_GetTick       stm32f4xx_hal.o
    0x08001ad8   0x08001ad8   0x00000188   Code   RO         2225    i.HAL_I2C_Init      stm32f4xx_hal_i2c.o
    0x08001c60   0x08001c60   0x000001f8   Code   RO         2243    i.HAL_I2C_Mem_Read  stm32f4xx_hal_i2c.o
    0x08001e58   0x08001e58   0x00000068   Code   RO          496    i.HAL_I2C_MspInit   i2c.o
    0x08001ec0   0x08001ec0   0x00000010   Code   RO         1975    i.HAL_IncTick       stm32f4xx_hal.o
    0x08001ed0   0x08001ed0   0x00000034   Code   RO         1976    i.HAL_Init          stm32f4xx_hal.o
    0x08001f04   0x08001f04   0x00000098   Code   RO          809    i.HAL_InitTick      stm32f4xx_hal_timebase_tim.o
    0x08001f9c   0x08001f9c   0x00000038   Code   RO          785    i.HAL_MspInit       stm32f4xx_hal_msp.o
    0x08001fd4   0x08001fd4   0x0000001a   Code   RO         1826    i.HAL_NVIC_EnableIRQ  stm32f4xx_hal_cortex.o
    0x08001fee   0x08001fee   0x00000002   PAD
    0x08001ff0   0x08001ff0   0x00000040   Code   RO         1832    i.HAL_NVIC_SetPriority  stm32f4xx_hal_cortex.o
    0x08002030   0x08002030   0x00000024   Code   RO         1833    i.HAL_NVIC_SetPriorityGrouping  stm32f4xx_hal_cortex.o
    0x08002054   0x08002054   0x00000134   Code   RO         1083    i.HAL_RCC_ClockConfig  stm32f4xx_hal_rcc.o
    0x08002188   0x08002188   0x00000040   Code   RO         1087    i.HAL_RCC_GetClockConfig  stm32f4xx_hal_rcc.o
    0x080021c8   0x080021c8   0x00000020   Code   RO         1090    i.HAL_RCC_GetPCLK1Freq  stm32f4xx_hal_rcc.o
    0x080021e8   0x080021e8   0x00000020   Code   RO         1091    i.HAL_RCC_GetPCLK2Freq  stm32f4xx_hal_rcc.o
    0x08002208   0x08002208   0x00000064   Code   RO         1092    i.HAL_RCC_GetSysClockFreq  stm32f4xx_hal_rcc.o
    0x0800226c   0x0800226c   0x0000036c   Code   RO         1095    i.HAL_RCC_OscConfig  stm32f4xx_hal_rcc.o
    0x080025d8   0x080025d8   0x00000002   Code   RO         3370    i.HAL_TIMEx_BreakCallback  stm32f4xx_hal_tim_ex.o
    0x080025da   0x080025da   0x00000002   Code   RO         3371    i.HAL_TIMEx_CommutCallback  stm32f4xx_hal_tim_ex.o
    0x080025dc   0x080025dc   0x00000054   Code   RO         3373    i.HAL_TIMEx_ConfigBreakDeadTime  stm32f4xx_hal_tim_ex.o
    0x08002630   0x08002630   0x00000090   Code   RO         3389    i.HAL_TIMEx_MasterConfigSynchronization  stm32f4xx_hal_tim_ex.o
    0x080026c0   0x080026c0   0x0000005a   Code   RO         2666    i.HAL_TIM_Base_Init  stm32f4xx_hal_tim.o
    0x0800271a   0x0800271a   0x00000002   Code   RO         2668    i.HAL_TIM_Base_MspInit  stm32f4xx_hal_tim.o
    0x0800271c   0x0800271c   0x00000080   Code   RO         2671    i.HAL_TIM_Base_Start_IT  stm32f4xx_hal_tim.o
    0x0800279c   0x0800279c   0x00000002   Code   RO         2700    i.HAL_TIM_IC_CaptureCallback  stm32f4xx_hal_tim.o
    0x0800279e   0x0800279e   0x00000166   Code   RO         2714    i.HAL_TIM_IRQHandler  stm32f4xx_hal_tim.o
    0x08002904   0x08002904   0x00000054   Code   RO          537    i.HAL_TIM_MspPostInit  tim.o
    0x08002958   0x08002958   0x00000002   Code   RO         2717    i.HAL_TIM_OC_DelayElapsedCallback  stm32f4xx_hal_tim.o
    0x0800295a   0x0800295a   0x000000cc   Code   RO         2738    i.HAL_TIM_PWM_ConfigChannel  stm32f4xx_hal_tim.o
    0x08002a26   0x08002a26   0x0000005a   Code   RO         2741    i.HAL_TIM_PWM_Init  stm32f4xx_hal_tim.o
    0x08002a80   0x08002a80   0x00000028   Code   RO          539    i.HAL_TIM_PWM_MspInit  tim.o
    0x08002aa8   0x08002aa8   0x00000002   Code   RO         2744    i.HAL_TIM_PWM_PulseFinishedCallback  stm32f4xx_hal_tim.o
    0x08002aaa   0x08002aaa   0x00000002   PAD
    0x08002aac   0x08002aac   0x00000014   Code   RO          244    i.HAL_TIM_PeriodElapsedCallback  main.o
    0x08002ac0   0x08002ac0   0x00000002   Code   RO         2757    i.HAL_TIM_TriggerCallback  stm32f4xx_hal_tim.o
    0x08002ac2   0x08002ac2   0x00000002   Code   RO         3648    i.HAL_UARTEx_RxEventCallback  stm32f4xx_hal_uart.o
    0x08002ac4   0x08002ac4   0x00000002   Code   RO         3662    i.HAL_UART_ErrorCallback  stm32f4xx_hal_uart.o
    0x08002ac6   0x08002ac6   0x00000002   PAD
    0x08002ac8   0x08002ac8   0x00000268   Code   RO         3665    i.HAL_UART_IRQHandler  stm32f4xx_hal_uart.o
    0x08002d30   0x08002d30   0x00000062   Code   RO         3666    i.HAL_UART_Init     stm32f4xx_hal_uart.o
    0x08002d92   0x08002d92   0x00000002   PAD
    0x08002d94   0x08002d94   0x000002d8   Code   RO          586    i.HAL_UART_MspInit  usart.o
    0x0800306c   0x0800306c   0x00000002   Code   RO         3672    i.HAL_UART_RxCpltCallback  stm32f4xx_hal_uart.o
    0x0800306e   0x0800306e   0x00000002   PAD
    0x08003070   0x08003070   0x0000008c   Code   RO         3675    i.HAL_UART_Transmit_DMA  stm32f4xx_hal_uart.o
    0x080030fc   0x080030fc   0x00000002   Code   RO         3677    i.HAL_UART_TxCpltCallback  stm32f4xx_hal_uart.o
    0x080030fe   0x080030fe   0x00000002   Code   RO         3678    i.HAL_UART_TxHalfCpltCallback  stm32f4xx_hal_uart.o
    0x08003100   0x08003100   0x00000002   Code   RO          655    i.HardFault_Handler  stm32f4xx_it.o
    0x08003102   0x08003102   0x0000002e   Code   RO         2267    i.I2C_IsAcknowledgeFailed  stm32f4xx_hal_i2c.o
    0x08003130   0x08003130   0x000000fc   Code   RO         2277    i.I2C_RequestMemoryRead  stm32f4xx_hal_i2c.o
    0x0800322c   0x0800322c   0x00000068   Code   RO         2283    i.I2C_WaitOnFlagUntilTimeout  stm32f4xx_hal_i2c.o
    0x08003294   0x08003294   0x00000096   Code   RO         2284    i.I2C_WaitOnMasterAddressFlagUntilTimeout  stm32f4xx_hal_i2c.o
    0x0800332a   0x0800332a   0x00000066   Code   RO         2285    i.I2C_WaitOnRXNEFlagUntilTimeout  stm32f4xx_hal_i2c.o
    0x08003390   0x08003390   0x0000004c   Code   RO         2286    i.I2C_WaitOnTXEFlagUntilTimeout  stm32f4xx_hal_i2c.o
    0x080033dc   0x080033dc   0x000001a4   Code   RO         5570    i.JUDGE_Receive     judge.o
    0x08003580   0x08003580   0x000000ec   Code   RO         5709    i.MIT_CtrlMotor     pid.o
    0x0800366c   0x0800366c   0x000000ec   Code   RO         5710    i.MIT_CtrlMotor2    pid.o
    0x08003758   0x08003758   0x00000044   Code   RO          424    i.MX_CAN1_Init      can.o
    0x0800379c   0x0800379c   0x00000044   Code   RO          425    i.MX_CAN2_Init      can.o
    0x080037e0   0x080037e0   0x0000008c   Code   RO          471    i.MX_DMA_Init       dma.o
    0x0800386c   0x0800386c   0x00000068   Code   RO          367    i.MX_FREERTOS_Init  freertos.o
    0x080038d4   0x080038d4   0x000000e0   Code   RO          343    i.MX_GPIO_Init      gpio.o
    0x080039b4   0x080039b4   0x00000040   Code   RO          497    i.MX_I2C2_Init      i2c.o
    0x080039f4   0x080039f4   0x000000a0   Code   RO          540    i.MX_TIM1_Init      tim.o
    0x08003a94   0x08003a94   0x00000038   Code   RO          587    i.MX_USART1_UART_Init  usart.o
    0x08003acc   0x08003acc   0x00000038   Code   RO          588    i.MX_USART3_UART_Init  usart.o
    0x08003b04   0x08003b04   0x00000038   Code   RO          589    i.MX_USART6_UART_Init  usart.o
    0x08003b3c   0x08003b3c   0x00000002   Code   RO          656    i.MemManage_Handler  stm32f4xx_it.o
    0x08003b3e   0x08003b3e   0x00000002   Code   RO          657    i.NMI_Handler       stm32f4xx_it.o
    0x08003b40   0x08003b40   0x00000064   Code   RO         5526    i.Programe_Run      drv_as5600.o
    0x08003ba4   0x08003ba4   0x00000018   Code   RO          368    i.StartDefaultTask  freertos.o
    0x08003bbc   0x08003bbc   0x00000020   Code   RO           15    i.StartTask02       arm_task.o
    0x08003bdc   0x08003bdc   0x00000008   Code   RO          369    i.StartTask03       freertos.o
    0x08003be4   0x08003be4   0x00000008   Code   RO          370    i.StartTask04       freertos.o
    0x08003bec   0x08003bec   0x0000002c   Code   RO         5250    i.SysTick_Handler   port.o
    0x08003c18   0x08003c18   0x00000094   Code   RO          245    i.SystemClock_Config  main.o
    0x08003cac   0x08003cac   0x00000010   Code   RO         3995    i.SystemInit        system_stm32f4xx.o
    0x08003cbc   0x08003cbc   0x0000000c   Code   RO          658    i.TIM3_IRQHandler   stm32f4xx_it.o
    0x08003cc8   0x08003cc8   0x000000c8   Code   RO         2759    i.TIM_Base_SetConfig  stm32f4xx_hal_tim.o
    0x08003d90   0x08003d90   0x00000060   Code   RO         2772    i.TIM_OC1_SetConfig  stm32f4xx_hal_tim.o
    0x08003df0   0x08003df0   0x0000006c   Code   RO         2773    i.TIM_OC2_SetConfig  stm32f4xx_hal_tim.o
    0x08003e5c   0x08003e5c   0x00000068   Code   RO         2774    i.TIM_OC3_SetConfig  stm32f4xx_hal_tim.o
    0x08003ec4   0x08003ec4   0x00000050   Code   RO         2775    i.TIM_OC4_SetConfig  stm32f4xx_hal_tim.o
    0x08003f14   0x08003f14   0x00000010   Code   RO         3679    i.UART_DMAAbortOnError  stm32f4xx_hal_uart.o
    0x08003f24   0x08003f24   0x0000004a   Code   RO         3680    i.UART_DMAError     stm32f4xx_hal_uart.o
    0x08003f6e   0x08003f6e   0x00000042   Code   RO         3685    i.UART_DMATransmitCplt  stm32f4xx_hal_uart.o
    0x08003fb0   0x08003fb0   0x0000000a   Code   RO         3687    i.UART_DMATxHalfCplt  stm32f4xx_hal_uart.o
    0x08003fba   0x08003fba   0x0000004e   Code   RO         3689    i.UART_EndRxTransfer  stm32f4xx_hal_uart.o
    0x08004008   0x08004008   0x0000001c   Code   RO         3690    i.UART_EndTxTransfer  stm32f4xx_hal_uart.o
    0x08004024   0x08004024   0x000000c0   Code   RO         3691    i.UART_Receive_IT   stm32f4xx_hal_uart.o
    0x080040e4   0x080040e4   0x0000010c   Code   RO         3692    i.UART_SetConfig    stm32f4xx_hal_uart.o
    0x080041f0   0x080041f0   0x0000000c   Code   RO          659    i.USART1_IRQHandler  stm32f4xx_it.o
    0x080041fc   0x080041fc   0x0000000c   Code   RO          660    i.USART3_IRQHandler  stm32f4xx_it.o
    0x08004208   0x08004208   0x0000003c   Code   RO         5462    i.USART3_Init       drv_usart.o
    0x08004244   0x08004244   0x00000110   Code   RO         5611    i.USART3_rxDataHandler  rc_potocal.o
    0x08004354   0x08004354   0x0000000c   Code   RO          661    i.USART6_IRQHandler  stm32f4xx_it.o
    0x08004360   0x08004360   0x0000003c   Code   RO         5463    i.USART6_Init       drv_usart.o
    0x0800439c   0x0800439c   0x000000a8   Code   RO         5571    i.Update_data       judge.o
    0x08004444   0x08004444   0x00000002   Code   RO          662    i.UsageFault_Handler  stm32f4xx_it.o
    0x08004446   0x08004446   0x00000002   PAD
    0x08004448   0x08004448   0x0000003c   Code   RO         5652    i.Verify_CRC16_Check_Sum  crc.o
    0x08004484   0x08004484   0x00000026   Code   RO         5653    i.Verify_CRC8_Check_Sum  crc.o
    0x080044aa   0x080044aa   0x00000020   Code   RO         1839    i.__NVIC_SetPriority  stm32f4xx_hal_cortex.o
    0x080044ca   0x080044ca   0x00000010   Code   RO         5527    i.detectMagnet      drv_as5600.o
    0x080044da   0x080044da   0x00000002   PAD
    0x080044dc   0x080044dc   0x0000004c   Code   RO         5464    i.dma_m0_rxcplt_callback  drv_usart.o
    0x08004528   0x08004528   0x00000048   Code   RO         5465    i.dma_m1_rxcplt_callback  drv_usart.o
    0x08004570   0x08004570   0x00000028   Code   RO         5713    i.float_to_uint     pid.o
    0x08004598   0x08004598   0x00000046   Code   RO          246    i.main              main.o
    0x080045de   0x080045de   0x0000000c   Code   RO         4815    i.makeFreeRtosPriority  cmsis_os.o
    0x080045ea   0x080045ea   0x0000000e   Code   RO         4817    i.osDelay           cmsis_os.o
    0x080045f8   0x080045f8   0x0000000a   Code   RO         4820    i.osKernelStart     cmsis_os.o
    0x08004602   0x08004602   0x00000054   Code   RO         4854    i.osThreadCreate    cmsis_os.o
    0x08004656   0x08004656   0x00000002   PAD
    0x08004658   0x08004658   0x00000070   Code   RO         4497    i.prvAddCurrentTaskToDelayedList  tasks.o
    0x080046c8   0x080046c8   0x000000d0   Code   RO         4498    i.prvAddNewTaskToReadyList  tasks.o
    0x08004798   0x08004798   0x00000034   Code   RO         4499    i.prvDeleteTCB      tasks.o
    0x080047cc   0x080047cc   0x0000004c   Code   RO         5182    i.prvHeapInit       heap_4.o
    0x08004818   0x08004818   0x00000060   Code   RO         4500    i.prvIdleTask       tasks.o
    0x08004878   0x08004878   0x00000098   Code   RO         4501    i.prvInitialiseNewTask  tasks.o
    0x08004910   0x08004910   0x0000004c   Code   RO         5183    i.prvInsertBlockIntoFreeList  heap_4.o
    0x0800495c   0x0800495c   0x00000020   Code   RO         4502    i.prvResetNextTaskUnblockTime  tasks.o
    0x0800497c   0x0800497c   0x00000028   Code   RO         5251    i.prvTaskExitError  port.o
    0x080049a4   0x080049a4   0x000000dc   Code   RO         5184    i.pvPortMalloc      heap_4.o
    0x08004a80   0x08004a80   0x0000002c   Code   RO         5252    i.pxPortInitialiseStack  port.o
    0x08004aac   0x08004aac   0x0000002c   Code   RO         5528    i.readOneByte       drv_as5600.o
    0x08004ad8   0x08004ad8   0x00000018   Code   RO         5529    i.readTwoBytes      drv_as5600.o
    0x08004af0   0x08004af0   0x00000028   Code   RO         5332    i.uint_to_float     drv_can.o
    0x08004b18   0x08004b18   0x00000026   Code   RO         4133    i.uxListRemove      list.o
    0x08004b3e   0x08004b3e   0x00000002   PAD
    0x08004b40   0x08004b40   0x00000014   Code   RO          371    i.vApplicationGetIdleTaskMemory  freertos.o
    0x08004b54   0x08004b54   0x00000016   Code   RO         4134    i.vListInitialise   list.o
    0x08004b6a   0x08004b6a   0x00000006   Code   RO         4135    i.vListInitialiseItem  list.o
    0x08004b70   0x08004b70   0x00000030   Code   RO         4136    i.vListInsert       list.o
    0x08004ba0   0x08004ba0   0x00000018   Code   RO         4137    i.vListInsertEnd    list.o
    0x08004bb8   0x08004bb8   0x00000040   Code   RO         5254    i.vPortEnterCritical  port.o
    0x08004bf8   0x08004bf8   0x00000028   Code   RO         5255    i.vPortExitCritical  port.o
    0x08004c20   0x08004c20   0x00000064   Code   RO         5185    i.vPortFree         heap_4.o
    0x08004c84   0x08004c84   0x00000024   Code   RO         5256    i.vPortSetupTimerInterrupt  port.o
    0x08004ca8   0x08004ca8   0x0000004c   Code   RO         4511    i.vTaskDelay        tasks.o
    0x08004cf4   0x08004cf4   0x0000006c   Code   RO         4524    i.vTaskStartScheduler  tasks.o
    0x08004d60   0x08004d60   0x00000010   Code   RO         4526    i.vTaskSuspendAll   tasks.o
    0x08004d70   0x08004d70   0x0000005c   Code   RO         4527    i.vTaskSwitchContext  tasks.o
    0x08004dcc   0x08004dcc   0x000000f4   Code   RO         5258    i.xPortStartScheduler  port.o
    0x08004ec0   0x08004ec0   0x0000005a   Code   RO         4530    i.xTaskCreate       tasks.o
    0x08004f1a   0x08004f1a   0x00000056   Code   RO         4531    i.xTaskCreateStatic  tasks.o
    0x08004f70   0x08004f70   0x000000cc   Code   RO         4538    i.xTaskIncrementTick  tasks.o
    0x0800503c   0x0800503c   0x000000c4   Code   RO         4544    i.xTaskResumeAll    tasks.o
    0x08005100   0x08005100   0x0000000a   Code   RO         5923    x$fpl$fpinit        fz_wm.l(fpinit.o)
    0x0800510a   0x0800510a   0x00000002   PAD
    0x0800510c   0x0800510c   0x00000070   Data   RO          373    .constdata          freertos.o
    0x0800517c   0x0800517c   0x00000008   Data   RO         1556    .constdata          stm32f4xx_hal_dma.o
    0x08005184   0x08005184   0x00000010   Data   RO         3996    .constdata          system_stm32f4xx.o
    0x08005194   0x08005194   0x00000008   Data   RO         3997    .constdata          system_stm32f4xx.o
    0x0800519c   0x0800519c   0x00000300   Data   RO         5655    .constdata          crc.o
    0x0800549c   0x0800549c   0x00000030   Data   RO          374    .conststring        freertos.o
    0x080054cc   0x080054cc   0x00000020   Data   RO         5981    Region$$Table       anon$$obj.o


    Execution Region RW_IRAM1 (Exec base: 0x20000000, Load base: 0x080054ec, Size: 0x00004eb8, Max: 0x0001c000, ABSOLUTE)

    Exec Addr    Load Addr    Size         Type   Attr      Idx    E Section Name        Object

    0x20000000   0x080054ec   0x00000010   Data   RW          375    .data               freertos.o
    0x20000010   0x080054fc   0x00000004   Data   RW          427    .data               can.o
    0x20000014   0x08005500   0x0000000c   Data   RW         1983    .data               stm32f4xx_hal.o
    0x20000020   0x0800550c   0x00000004   Data   RW         3998    .data               system_stm32f4xx.o
    0x20000024   0x08005510   0x0000003c   Data   RW         4547    .data               tasks.o
    0x20000060   0x0800554c   0x00000020   Data   RW         5191    .data               heap_4.o
    0x20000080   0x0800556c   0x0000000c   Data   RW         5259    .data               port.o
    0x2000008c   0x08005578   0x00000001   Data   RW         5468    .data               drv_usart.o
    0x2000008d   0x08005579   0x00000003   PAD
    0x20000090   0x0800557c   0x00000008   Data   RW         5530    .data               drv_as5600.o
    0x20000098   0x08005584   0x00000004   Data   RW         5531    .data               drv_as5600.o
    0x2000009c   0x08005588   0x00000014   Data   RW         5573    .data               judge.o
    0x200000b0   0x0800559c   0x00000022   Data   RW         5613    .data               rc_potocal.o
    0x200000d2   0x080055be   0x00000002   Data   RW         5656    .data               crc.o
    0x200000d4        -       0x00000254   Zero   RW          372    .bss                freertos.o
    0x20000328        -       0x00000050   Zero   RW          426    .bss                can.o
    0x20000378        -       0x00000054   Zero   RW          498    .bss                i2c.o
    0x200003cc        -       0x00000048   Zero   RW          541    .bss                tim.o
    0x20000414        -       0x0000030c   Zero   RW          590    .bss                usart.o
    0x20000720        -       0x00000048   Zero   RW          812    .bss                stm32f4xx_hal_timebase_tim.o
    0x20000768        -       0x000000f0   Zero   RW         4546    .bss                tasks.o
    0x20000858        -       0x00003c00   Zero   RW         5190    .bss                heap_4.o
    0x20004458        -       0x000000b4   Zero   RW         5333    .bss                drv_can.o
    0x2000450c        -       0x000001c0   Zero   RW         5467    .bss                drv_usart.o
    0x200046cc        -       0x0000009e   Zero   RW         5572    .bss                judge.o
    0x2000476a        -       0x00000016   Zero   RW         5612    .bss                rc_potocal.o
    0x20004780        -       0x000000d8   Zero   RW         5718    .bss                pid.o
    0x20004858        -       0x00000060   Zero   RW         5853    .bss                c_w.l(libspace.o)
    0x200048b8        -       0x00000200   Zero   RW            2    HEAP                startup_stm32f407xx.o
    0x20004ab8        -       0x00000400   Zero   RW            1    STACK               startup_stm32f407xx.o


    Execution Region RW_IRAM2 (Exec base: 0x2001c000, Load base: 0x080055c0, Size: 0x00000000, Max: 0x00004000, ABSOLUTE)

    **** No section assigned to this execution region ****


==============================================================================

Image component sizes


      Code (inc. data)   RO Data    RW Data    ZI Data      Debug   Object Name

       422         24          0          0          0     740500   arm_task.o
       420         42          0          4         80       2494   can.o
       120          0          0          0          0      23361   cmsis_os.o
       170         16        768          2          0       3575   crc.o
       140          4          0          0          0        846   dma.o
       184         24          0         12          0       2968   drv_as5600.o
       444         22          0          0        180     597129   drv_can.o
       848         70          0          1        448       4136   drv_usart.o
         0          0          0          0          0      16920   event_groups.o
       164         16        160         16        596       3797   freertos.o
       224         14          0          0          0       1067   gpio.o
       472         24          0         32      15360       7471   heap_4.o
       168         28          0          0         84       1673   i2c.o
       588         26          0         20        158       7028   judge.o
       138          0          0          0          0       3594   list.o
       242         14          0          0          0       8368   main.o
       736         72          0          0        216       6074   pid.o
       702         72          0         12          0      11080   port.o
       272         12          0         34         22       2424   rc_potocal.o
        64         26        392          0       1536        852   startup_stm32f407xx.o
       116         18          0         12          0       8766   stm32f4xx_hal.o
      1658          6          0          0          0      14419   stm32f4xx_hal_can.o
       158         14          0          0          0      33198   stm32f4xx_hal_cortex.o
      1084         16          8          0          0       7418   stm32f4xx_hal_dma.o
       506         46          0          0          0       2216   stm32f4xx_hal_gpio.o
      1626         36          0          0          0       9914   stm32f4xx_hal_i2c.o
        56          4          0          0          0        854   stm32f4xx_hal_msp.o
      1412         86          0          0          0       5953   stm32f4xx_hal_rcc.o
      1468        108          0          0          0      12183   stm32f4xx_hal_tim.o
       232         28          0          0          0       3313   stm32f4xx_hal_tim_ex.o
       152         20          0          0         72       1475   stm32f4xx_hal_timebase_tim.o
      1596         30          0          0          0      12374   stm32f4xx_hal_uart.o
       180         84          0          0          0       9389   stm32f4xx_it.o
         0          0          0          0          0        392   stream_buffer.o
        16          4         24          4          0       1131   system_stm32f4xx.o
      1520        112          0         60        240      19614   tasks.o
       284         30          0          0         72       2359   tim.o
       896         74          0          0        780       3782   usart.o

    ----------------------------------------------------------------------
     19510       1222       1384        212      19844    1594107   Object Totals
         0          0         32          0          0          0   (incl. Generated)
        32          0          0          3          0          0   (incl. Padding)

    ----------------------------------------------------------------------

      Code (inc. data)   RO Data    RW Data    ZI Data      Debug   Library Member Name

         8          0          0          0          0         68   __main.o
         0          0          0          0          0          0   __rtentry.o
        12          0          0          0          0          0   __rtentry2.o
         6          0          0          0          0          0   __rtentry4.o
        52          8          0          0          0          0   __scatter.o
        26          0          0          0          0          0   __scatter_copy.o
        28          0          0          0          0          0   __scatter_zi.o
        18          0          0          0          0         80   exit.o
         6          0          0          0          0        152   heapauxi.o
         0          0          0          0          0          0   indicate_semi.o
         2          0          0          0          0          0   libinit.o
         6          0          0          0          0          0   libinit2.o
         2          0          0          0          0          0   libshutdown.o
         2          0          0          0          0          0   libshutdown2.o
         8          4          0          0         96         68   libspace.o
       238          0          0          0          0        100   lludivv7m.o
        78          0          0          0          0         80   rt_memclr_w.o
       138          0          0          0          0         68   rt_memcpy_v6.o
       100          0          0          0          0         80   rt_memcpy_w.o
         2          0          0          0          0          0   rtexit.o
        10          0          0          0          0          0   rtexit2.o
        12          4          0          0          0         68   sys_exit.o
        74          0          0          0          0         80   sys_stackheap_outer.o
         2          0          0          0          0         68   use_no_semi.o
        10          0          0          0          0        116   fpinit.o

    ----------------------------------------------------------------------
       846         16          0          0         96       1028   Library Totals
         6          0          0          0          0          0   (incl. Padding)

    ----------------------------------------------------------------------

      Code (inc. data)   RO Data    RW Data    ZI Data      Debug   Library Name

       830         16          0          0         96        912   c_w.l
        10          0          0          0          0        116   fz_wm.l

    ----------------------------------------------------------------------
       846         16          0          0         96       1028   Library Totals

    ----------------------------------------------------------------------

==============================================================================


      Code (inc. data)   RO Data    RW Data    ZI Data      Debug   

     20356       1238       1384        212      19940    1576071   Grand Totals
     20356       1238       1384        212      19940    1576071   ELF Image Totals
     20356       1238       1384        212          0          0   ROM Totals

==============================================================================

    Total RO  Size (Code + RO Data)                21740 (  21.23kB)
    Total RW  Size (RW Data + ZI Data)             20152 (  19.68kB)
    Total ROM Size (Code + RO Data + RW Data)      21952 (  21.44kB)

==============================================================================

