Component: ARM Compiler 5.06 update 7 (build 960) Tool: armlink [4d3601]

==============================================================================

Section Cross References

    startup_stm32f407xx.o(STACK) refers (Special) to heapauxi.o(.text) for __use_two_region_memory
    startup_stm32f407xx.o(HEAP) refers (Special) to heapauxi.o(.text) for __use_two_region_memory
    startup_stm32f407xx.o(RESET) refers (Special) to heapauxi.o(.text) for __use_two_region_memory
    startup_stm32f407xx.o(RESET) refers to startup_stm32f407xx.o(STACK) for __initial_sp
    startup_stm32f407xx.o(RESET) refers to startup_stm32f407xx.o(.text) for Reset_Handler
    startup_stm32f407xx.o(RESET) refers to stm32f4xx_it.o(i.NMI_Handler) for NMI_Handler
    startup_stm32f407xx.o(RESET) refers to stm32f4xx_it.o(i.HardFault_Handler) for HardFault_Handler
    startup_stm32f407xx.o(RESET) refers to stm32f4xx_it.o(i.MemManage_Handler) for MemManage_Handler
    startup_stm32f407xx.o(RESET) refers to stm32f4xx_it.o(i.BusFault_Handler) for BusFault_Handler
    startup_stm32f407xx.o(RESET) refers to stm32f4xx_it.o(i.UsageFault_Handler) for UsageFault_Handler
    startup_stm32f407xx.o(RESET) refers to port.o(.emb_text) for SVC_Handler
    startup_stm32f407xx.o(RESET) refers to stm32f4xx_it.o(i.DebugMon_Handler) for DebugMon_Handler
    startup_stm32f407xx.o(RESET) refers to port.o(i.SysTick_Handler) for SysTick_Handler
    startup_stm32f407xx.o(RESET) refers to stm32f4xx_it.o(i.DMA1_Stream1_IRQHandler) for DMA1_Stream1_IRQHandler
    startup_stm32f407xx.o(RESET) refers to stm32f4xx_it.o(i.DMA1_Stream3_IRQHandler) for DMA1_Stream3_IRQHandler
    startup_stm32f407xx.o(RESET) refers to stm32f4xx_it.o(i.CAN1_TX_IRQHandler) for CAN1_TX_IRQHandler
    startup_stm32f407xx.o(RESET) refers to stm32f4xx_it.o(i.CAN1_RX0_IRQHandler) for CAN1_RX0_IRQHandler
    startup_stm32f407xx.o(RESET) refers to stm32f4xx_it.o(i.TIM3_IRQHandler) for TIM3_IRQHandler
    startup_stm32f407xx.o(RESET) refers to stm32f4xx_it.o(i.USART1_IRQHandler) for USART1_IRQHandler
    startup_stm32f407xx.o(RESET) refers to stm32f4xx_it.o(i.USART3_IRQHandler) for USART3_IRQHandler
    startup_stm32f407xx.o(RESET) refers to stm32f4xx_it.o(i.DMA2_Stream1_IRQHandler) for DMA2_Stream1_IRQHandler
    startup_stm32f407xx.o(RESET) refers to stm32f4xx_it.o(i.DMA2_Stream2_IRQHandler) for DMA2_Stream2_IRQHandler
    startup_stm32f407xx.o(RESET) refers to stm32f4xx_it.o(i.CAN2_TX_IRQHandler) for CAN2_TX_IRQHandler
    startup_stm32f407xx.o(RESET) refers to stm32f4xx_it.o(i.CAN2_RX0_IRQHandler) for CAN2_RX0_IRQHandler
    startup_stm32f407xx.o(RESET) refers to stm32f4xx_it.o(i.DMA2_Stream6_IRQHandler) for DMA2_Stream6_IRQHandler
    startup_stm32f407xx.o(RESET) refers to stm32f4xx_it.o(i.DMA2_Stream7_IRQHandler) for DMA2_Stream7_IRQHandler
    startup_stm32f407xx.o(RESET) refers to stm32f4xx_it.o(i.USART6_IRQHandler) for USART6_IRQHandler
    startup_stm32f407xx.o(.text) refers (Special) to heapauxi.o(.text) for __use_two_region_memory
    startup_stm32f407xx.o(.text) refers to system_stm32f4xx.o(i.SystemInit) for SystemInit
    startup_stm32f407xx.o(.text) refers to __main.o(!!!main) for __main
    startup_stm32f407xx.o(.text) refers to startup_stm32f407xx.o(HEAP) for Heap_Mem
    startup_stm32f407xx.o(.text) refers to startup_stm32f407xx.o(STACK) for Stack_Mem
    arm_task.o(i.DM_Enable) refers to pid.o(i.Enable_Ctrl2) for Enable_Ctrl2
    arm_task.o(i.DM_Enable) refers to stm32f4xx_hal.o(i.HAL_Delay) for HAL_Delay
    arm_task.o(i.DM_Enable) refers to pid.o(i.Enable_Ctrl) for Enable_Ctrl
    arm_task.o(i.StartTask02) refers to stm32f4xx_hal.o(i.HAL_Delay) for HAL_Delay
    arm_task.o(i.StartTask02) refers to arm_task.o(i.DM_Enable) for DM_Enable
    arm_task.o(i.StartTask02) refers to pid.o(i.MIT_CtrlMotor) for MIT_CtrlMotor
    arm_task.o(i.StartTask02) refers to cmsis_os.o(i.osDelay) for osDelay
    arm_task.o(i.StartTask02) refers to drv_can.o(.data) for Target_pos1_Can1
    main.o(i.HAL_TIM_PeriodElapsedCallback) refers to stm32f4xx_hal.o(i.HAL_IncTick) for HAL_IncTick
    main.o(i.SystemClock_Config) refers to rt_memclr_w.o(.text) for __aeabi_memclr4
    main.o(i.SystemClock_Config) refers to stm32f4xx_hal_rcc.o(i.HAL_RCC_OscConfig) for HAL_RCC_OscConfig
    main.o(i.SystemClock_Config) refers to stm32f4xx_hal_rcc.o(i.HAL_RCC_ClockConfig) for HAL_RCC_ClockConfig
    main.o(i.main) refers to stm32f4xx_hal.o(i.HAL_Init) for HAL_Init
    main.o(i.main) refers to main.o(i.SystemClock_Config) for SystemClock_Config
    main.o(i.main) refers to gpio.o(i.MX_GPIO_Init) for MX_GPIO_Init
    main.o(i.main) refers to dma.o(i.MX_DMA_Init) for MX_DMA_Init
    main.o(i.main) refers to can.o(i.MX_CAN1_Init) for MX_CAN1_Init
    main.o(i.main) refers to can.o(i.MX_CAN2_Init) for MX_CAN2_Init
    main.o(i.main) refers to usart.o(i.MX_USART1_UART_Init) for MX_USART1_UART_Init
    main.o(i.main) refers to usart.o(i.MX_USART3_UART_Init) for MX_USART3_UART_Init
[...]
    stm32f4xx_hal_tim.o(i.HAL_TIM_DMABurst_WriteStop) refers to stm32f4xx_hal_dma.o(i.HAL_DMA_Abort_IT) for HAL_DMA_Abort_IT
    stm32f4xx_hal_tim.o(i.HAL_TIM_Encoder_DeInit) refers to stm32f4xx_hal_tim.o(i.HAL_TIM_Encoder_MspDeInit) for HAL_TIM_Encoder_MspDeInit
    stm32f4xx_hal_tim.o(i.HAL_TIM_Encoder_Init) refers to stm32f4xx_hal_tim.o(i.HAL_TIM_Encoder_MspInit) for HAL_TIM_Encoder_MspInit
    stm32f4xx_hal_tim.o(i.HAL_TIM_Encoder_Init) refers to stm32f4xx_hal_tim.o(i.TIM_Base_SetConfig) for TIM_Base_SetConfig
    stm32f4xx_hal_tim.o(i.HAL_TIM_Encoder_Start) refers to stm32f4xx_hal_tim.o(i.TIM_CCxChannelCmd) for TIM_CCxChannelCmd
    stm32f4xx_hal_tim.o(i.HAL_TIM_Encoder_Start_DMA) refers to stm32f4xx_hal_dma.o(i.HAL_DMA_Start_IT) for HAL_DMA_Start_IT
    stm32f4xx_hal_tim.o(i.HAL_TIM_Encoder_Start_DMA) refers to stm32f4xx_hal_tim.o(i.TIM_CCxChannelCmd) for TIM_CCxChannelCmd
    stm32f4xx_hal_tim.o(i.HAL_TIM_Encoder_Start_DMA) refers to stm32f4xx_hal_tim.o(i.TIM_DMACaptureCplt) for TIM_DMACaptureCplt
    stm32f4xx_hal_tim.o(i.HAL_TIM_Encoder_Start_DMA) refers to stm32f4xx_hal_tim.o(i.TIM_DMACaptureHalfCplt) for TIM_DMACaptureHalfCplt
    stm32f4xx_hal_tim.o(i.HAL_TIM_Encoder_Start_DMA) refers to stm32f4xx_hal_tim.o(i.TIM_DMAError) for TIM_DMAError
    stm32f4xx_hal_tim.o(i.HAL_TIM_Encoder_Start_IT) refers to stm32f4xx_hal_tim.o(i.TIM_CCxChannelCmd) for TIM_CCxChannelCmd
    stm32f4xx_hal_tim.o(i.HAL_TIM_Encoder_Stop) refers to stm32f4xx_hal_tim.o(i.TIM_CCxChannelCmd) for TIM_CCxChannelCmd
    stm32f4xx_hal_tim.o(i.HAL_TIM_Encoder_Stop_DMA) refers to stm32f4xx_hal_tim.o(i.TIM_CCxChannelCmd) for TIM_CCxChannelCmd
    stm32f4xx_hal_tim.o(i.HAL_TIM_Encoder_Stop_DMA) refers to stm32f4xx_hal_dma.o(i.HAL_DMA_Abort_IT) for HAL_DMA_Abort_IT
    stm32f4xx_hal_tim.o(i.HAL_TIM_Encoder_Stop_IT) refers to stm32f4xx_hal_tim.o(i.TIM_CCxChannelCmd) for TIM_CCxChannelCmd
    stm32f4xx_hal_tim.o(i.HAL_TIM_IC_ConfigChannel) refers to stm32f4xx_hal_tim.o(i.TIM_TI1_SetConfig) for TIM_TI1_SetConfig
    stm32f4xx_hal_tim.o(i.HAL_TIM_IC_ConfigChannel) refers to stm32f4xx_hal_tim.o(i.TIM_TI2_SetConfig) for TIM_TI2_SetConfig
    stm32f4xx_hal_tim.o(i.HAL_TIM_IC_DeInit) refers to stm32f4xx_hal_tim.o(i.HAL_TIM_IC_MspDeInit) for HAL_TIM_IC_MspDeInit
    stm32f4xx_hal_tim.o(i.HAL_TIM_IC_Init) refers to stm32f4xx_hal_tim.o(i.HAL_TIM_IC_MspInit) for HAL_TIM_IC_MspInit
    stm32f4xx_hal_tim.o(i.HAL_TIM_IC_Init) refers to stm32f4xx_hal_tim.o(i.TIM_Base_SetConfig) for TIM_Base_SetConfig
    stm32f4xx_hal_tim.o(i.HAL_TIM_IC_Start) refers to stm32f4xx_hal_tim.o(i.TIM_CCxChannelCmd) for TIM_CCxChannelCmd
    stm32f4xx_hal_tim.o(i.HAL_TIM_IC_Start_DMA) refers to stm32f4xx_hal_tim.o(i.TIM_CCxChannelCmd) for TIM_CCxChannelCmd
    stm32f4xx_hal_tim.o(i.HAL_TIM_IC_Start_DMA) refers to stm32f4xx_hal_dma.o(i.HAL_DMA_Start_IT) for HAL_DMA_Start_IT
    stm32f4xx_hal_tim.o(i.HAL_TIM_IC_Start_DMA) refers to stm32f4xx_hal_tim.o(i.TIM_DMACaptureCplt) for TIM_DMACaptureCplt
    stm32f4xx_hal_tim.o(i.HAL_TIM_IC_Start_DMA) refers to stm32f4xx_hal_tim.o(i.TIM_DMACaptureHalfCplt) for TIM_DMACaptureHalfCplt
    stm32f4xx_hal_tim.o(i.HAL_TIM_IC_Start_DMA) refers to stm32f4xx_hal_tim.o(i.TIM_DMAError) for TIM_DMAError
    stm32f4xx_hal_tim.o(i.HAL_TIM_IC_Start_IT) refers to stm32f4xx_hal_tim.o(i.TIM_CCxChannelCmd) for TIM_CCxChannelCmd
    stm32f4xx_hal_tim.o(i.HAL_TIM_IC_Stop) refers to stm32f4xx_hal_tim.o(i.TIM_CCxChannelCmd) for TIM_CCxChannelCmd
    stm32f4xx_hal_tim.o(i.HAL_TIM_IC_Stop_DMA) refers to stm32f4xx_hal_tim.o(i.TIM_CCxChannelCmd) for TIM_CCxChannelCmd
    stm32f4xx_hal_tim.o(i.HAL_TIM_IC_Stop_DMA) refers to stm32f4xx_hal_dma.o(i.HAL_DMA_Abort_IT) for HAL_DMA_Abort_IT
    stm32f4xx_hal_tim.o(i.HAL_TIM_IC_Stop_IT) refers to stm32f4xx_hal_tim.o(i.TIM_CCxChannelCmd) for TIM_CCxChannelCmd
    stm32f4xx_hal_tim.o(i.HAL_TIM_IRQHandler) refers to stm32f4xx_hal_tim.o(i.HAL_TIM_IC_CaptureCallback) for HAL_TIM_IC_CaptureCallback
    stm32f4xx_hal_tim.o(i.HAL_TIM_IRQHandler) refers to stm32f4xx_hal_tim.o(i.HAL_TIM_OC_DelayElapsedCallback) for HAL_TIM_OC_DelayElapsedCallback
    stm32f4xx_hal_tim.o(i.HAL_TIM_IRQHandler) refers to stm32f4xx_hal_tim.o(i.HAL_TIM_PWM_PulseFinishedCallback) for HAL_TIM_PWM_PulseFinishedCallback
    stm32f4xx_hal_tim.o(i.HAL_TIM_IRQHandler) refers to main.o(i.HAL_TIM_PeriodElapsedCallback) for HAL_TIM_PeriodElapsedCallback
    stm32f4xx_hal_tim.o(i.HAL_TIM_IRQHandler) refers to stm32f4xx_hal_tim_ex.o(i.HAL_TIMEx_BreakCallback) for HAL_TIMEx_BreakCallback
    stm32f4xx_hal_tim.o(i.HAL_TIM_IRQHandler) refers to stm32f4xx_hal_tim.o(i.HAL_TIM_TriggerCallback) for HAL_TIM_TriggerCallback
    stm32f4xx_hal_tim.o(i.HAL_TIM_IRQHandler) refers to stm32f4xx_hal_tim_ex.o(i.HAL_TIMEx_CommutCallback) for HAL_TIMEx_CommutCallback
    stm32f4xx_hal_tim.o(i.HAL_TIM_OC_ConfigChannel) refers to stm32f4xx_hal_tim.o(i.TIM_OC1_SetConfig) for TIM_OC1_SetConfig
    stm32f4xx_hal_tim.o(i.HAL_TIM_OC_ConfigChannel) refers to stm32f4xx_hal_tim.o(i.TIM_OC2_SetConfig) for TIM_OC2_SetConfig
    stm32f4xx_hal_tim.o(i.HAL_TIM_OC_ConfigChannel) refers to stm32f4xx_hal_tim.o(i.TIM_OC3_SetConfig) for TIM_OC3_SetConfig
    stm32f4xx_hal_tim.o(i.HAL_TIM_OC_ConfigChannel) refers to stm32f4xx_hal_tim.o(i.TIM_OC4_SetConfig) for TIM_OC4_SetConfig
    stm32f4xx_hal_tim.o(i.HAL_TIM_OC_DeInit) refers to stm32f4xx_hal_tim.o(i.HAL_TIM_OC_MspDeInit) for HAL_TIM_OC_MspDeInit
    stm32f4xx_hal_tim.o(i.HAL_TIM_OC_Init) refers to stm32f4xx_hal_tim.o(i.HAL_TIM_OC_MspInit) for HAL_TIM_OC_MspInit
    stm32f4xx_hal_tim.o(i.HAL_TIM_OC_Init) refers to stm32f4xx_hal_tim.o(i.TIM_Base_SetConfig) for TIM_Base_SetConfig
    stm32f4xx_hal_tim.o(i.HAL_TIM_OC_Start) refers to stm32f4xx_hal_tim.o(i.TIM_CCxChannelCmd) for TIM_CCxChannelCmd
    stm32f4xx_hal_tim.o(i.HAL_TIM_OC_Start_DMA) refers to stm32f4xx_hal_dma.o(i.HAL_DMA_Start_IT) for HAL_DMA_Start_IT
    stm32f4xx_hal_tim.o(i.HAL_TIM_OC_Start_DMA) refers to stm32f4xx_hal_tim.o(i.TIM_CCxChannelCmd) for TIM_CCxChannelCmd
    stm32f4xx_hal_tim.o(i.HAL_TIM_OC_Start_DMA) refers to stm32f4xx_hal_tim.o(i.TIM_DMADelayPulseCplt) for TIM_DMADelayPulseCplt
    stm32f4xx_hal_tim.o(i.HAL_TIM_OC_Start_DMA) refers to stm32f4xx_hal_tim.o(i.TIM_DMADelayPulseHalfCplt) for TIM_DMADelayPulseHalfCplt
    stm32f4xx_hal_tim.o(i.HAL_TIM_OC_Start_DMA) refers to stm32f4xx_hal_tim.o(i.TIM_DMAError) for TIM_DMAError
    stm32f4xx_hal_tim.o(i.HAL_TIM_OC_Start_IT) refers to stm32f4xx_hal_tim.o(i.TIM_CCxChannelCmd) for TIM_CCxChannelCmd
    stm32f4xx_hal_tim.o(i.HAL_TIM_OC_Stop) refers to stm32f4xx_hal_tim.o(i.TIM_CCxChannelCmd) for TIM_CCxChannelCmd
    stm32f4xx_hal_tim.o(i.HAL_TIM_OC_Stop_DMA) refers to stm32f4xx_hal_dma.o(i.HAL_DMA_Abort_IT) for HAL_DMA_Abort_IT
    stm32f4xx_hal_tim.o(i.HAL_TIM_OC_Stop_DMA) refers to stm32f4xx_hal_tim.o(i.TIM_CCxChannelCmd) for TIM_CCxChannelCmd
    stm32f4xx_hal_tim.o(i.HAL_TIM_OC_Stop_IT) refers to stm32f4xx_hal_tim.o(i.TIM_CCxChannelCmd) for TIM_CCxChannelCmd
    stm32f4xx_hal_tim.o(i.HAL_TIM_OnePulse_ConfigChannel) refers to stm32f4xx_hal_tim.o(i.TIM_OC1_SetConfig) for TIM_OC1_SetConfig
    stm32f4xx_hal_tim.o(i.HAL_TIM_OnePulse_ConfigChannel) refers to stm32f4xx_hal_tim.o(i.TIM_OC2_SetConfig) for TIM_OC2_SetConfig
    stm32f4xx_hal_tim.o(i.HAL_TIM_OnePulse_ConfigChannel) refers to stm32f4xx_hal_tim.o(i.TIM_TI1_SetConfig) for TIM_TI1_SetConfig
    stm32f4xx_hal_tim.o(i.HAL_TIM_OnePulse_ConfigChannel) refers to stm32f4xx_hal_tim.o(i.TIM_TI2_SetConfig) for TIM_TI2_SetConfig
    stm32f4xx_hal_tim.o(i.HAL_TIM_OnePulse_DeInit) refers to stm32f4xx_hal_tim.o(i.HAL_TIM_OnePulse_MspDeInit) for HAL_TIM_OnePulse_MspDeInit
    stm32f4xx_hal_tim.o(i.HAL_TIM_OnePulse_Init) refers to stm32f4xx_hal_tim.o(i.HAL_TIM_OnePulse_MspInit) for HAL_TIM_OnePulse_MspInit
    stm32f4xx_hal_tim.o(i.HAL_TIM_OnePulse_Init) refers to stm32f4xx_hal_tim.o(i.TIM_Base_SetConfig) for TIM_Base_SetConfig
    stm32f4xx_hal_tim.o(i.HAL_TIM_OnePulse_Start) refers to stm32f4xx_hal_tim.o(i.TIM_CCxChannelCmd) for TIM_CCxChannelCmd
    stm32f4xx_hal_tim.o(i.HAL_TIM_OnePulse_Start_IT) refers to stm32f4xx_hal_tim.o(i.TIM_CCxChannelCmd) for TIM_CCxChannelCmd
    stm32f4xx_hal_tim.o(i.HAL_TIM_OnePulse_Stop) refers to stm32f4xx_hal_tim.o(i.TIM_CCxChannelCmd) for TIM_CCxChannelCmd
    stm32f4xx_hal_tim.o(i.HAL_TIM_OnePulse_Stop_IT) refers to stm32f4xx_hal_tim.o(i.TIM_CCxChannelCmd) for TIM_CCxChannelCmd
    stm32f4xx_hal_tim.o(i.HAL_TIM_PWM_ConfigChannel) refers to stm32f4xx_hal_tim.o(i.TIM_OC1_SetConfig) for TIM_OC1_SetConfig
    stm32f4xx_hal_tim.o(i.HAL_TIM_PWM_ConfigChannel) refers to stm32f4xx_hal_tim.o(i.TIM_OC2_SetConfig) for TIM_OC2_SetConfig
    stm32f4xx_hal_tim.o(i.HAL_TIM_PWM_ConfigChannel) refers to stm32f4xx_hal_tim.o(i.TIM_OC3_SetConfig) for TIM_OC3_SetConfig
    stm32f4xx_hal_tim.o(i.HAL_TIM_PWM_ConfigChannel) refers to stm32f4xx_hal_tim.o(i.TIM_OC4_SetConfig) for TIM_OC4_SetConfig
    stm32f4xx_hal_tim.o(i.HAL_TIM_PWM_DeInit) refers to tim.o(i.HAL_TIM_PWM_MspDeInit) for HAL_TIM_PWM_MspDeInit
    stm32f4xx_hal_tim.o(i.HAL_TIM_PWM_Init) refers to tim.o(i.HAL_TIM_PWM_MspInit) for HAL_TIM_PWM_MspInit
    stm32f4xx_hal_tim.o(i.HAL_TIM_PWM_Init) refers to stm32f4xx_hal_tim.o(i.TIM_Base_SetConfig) for TIM_Base_SetConfig
    stm32f4xx_hal_tim.o(i.HAL_TIM_PWM_Start) refers to stm32f4xx_hal_tim.o(i.TIM_CCxChannelCmd) for TIM_CCxChannelCmd
    stm32f4xx_hal_tim.o(i.HAL_TIM_PWM_Start_DMA) refers to stm32f4xx_hal_dma.o(i.HAL_DMA_Start_IT) for HAL_DMA_Start_IT
    stm32f4xx_hal_tim.o(i.HAL_TIM_PWM_Start_DMA) refers to stm32f4xx_hal_tim.o(i.TIM_CCxChannelCmd) for TIM_CCxChannelCmd
    stm32f4xx_hal_tim.o(i.HAL_TIM_PWM_Start_DMA) refers to stm32f4xx_hal_tim.o(i.TIM_DMADelayPulseCplt) for TIM_DMADelayPulseCplt
    stm32f4xx_hal_tim.o(i.HAL_TIM_PWM_Start_DMA) refers to stm32f4xx_hal_tim.o(i.TIM_DMADelayPulseHalfCplt) for TIM_DMADelayPulseHalfCplt
    stm32f4xx_hal_tim.o(i.HAL_TIM_PWM_Start_DMA) refers to stm32f4xx_hal_tim.o(i.TIM_DMAError) for TIM_DMAError
    stm32f4xx_hal_tim.o(i.HAL_TIM_PWM_Start_IT) refers to stm32f4xx_hal_tim.o(i.TIM_CCxChannelCmd) for TIM_CCxChannelCmd
    stm32f4xx_hal_tim.o(i.HAL_TIM_PWM_Stop) refers to stm32f4xx_hal_tim.o(i.TIM_CCxChannelCmd) for TIM_CCxChannelCmd
    stm32f4xx_hal_tim.o(i.HAL_TIM_PWM_Stop_DMA) refers to stm32f4xx_hal_dma.o(i.HAL_DMA_Abort_IT) for HAL_DMA_Abort_IT
    stm32f4xx_hal_tim.o(i.HAL_TIM_PWM_Stop_DMA) refers to stm32f4xx_hal_tim.o(i.TIM_CCxChannelCmd) for TIM_CCxChannelCmd
    stm32f4xx_hal_tim.o(i.HAL_TIM_PWM_Stop_IT) refers to stm32f4xx_hal_tim.o(i.TIM_CCxChannelCmd) for TIM_CCxChannelCmd
    stm32f4xx_hal_tim.o(i.HAL_TIM_SlaveConfigSynchro) refers to stm32f4xx_hal_tim.o(i.TIM_SlaveTimer_SetConfig) for TIM_SlaveTimer_SetConfig
    stm32f4xx_hal_tim.o(i.HAL_TIM_SlaveConfigSynchro_IT) refers to stm32f4xx_hal_tim.o(i.TIM_SlaveTimer_SetConfig) for TIM_SlaveTimer_SetConfig
    stm32f4xx_hal_tim.o(i.TIM_DMACaptureCplt) refers to stm32f4xx_hal_tim.o(i.HAL_TIM_IC_CaptureCallback) for HAL_TIM_IC_CaptureCallback
    stm32f4xx_hal_tim.o(i.TIM_DMACaptureHalfCplt) refers to stm32f4xx_hal_tim.o(i.HAL_TIM_IC_CaptureHalfCpltCallback) for HAL_TIM_IC_CaptureHalfCpltCallback
    stm32f4xx_hal_tim.o(i.TIM_DMADelayPulseCplt) refers to stm32f4xx_hal_tim.o(i.HAL_TIM_PWM_PulseFinishedCallback) for HAL_TIM_PWM_PulseFinishedCallback
    stm32f4xx_hal_tim.o(i.TIM_DMADelayPulseHalfCplt) refers to stm32f4xx_hal_tim.o(i.HAL_TIM_PWM_PulseFinishedHalfCpltCallback) for HAL_TIM_PWM_PulseFinishedHalfCpltCallback
    stm32f4xx_hal_tim.o(i.TIM_DMAError) refers to stm32f4xx_hal_tim.o(i.HAL_TIM_ErrorCallback) for HAL_TIM_ErrorCallback
    stm32f4xx_hal_tim.o(i.TIM_DMAPeriodElapsedCplt) refers to main.o(i.HAL_TIM_PeriodElapsedCallback) for HAL_TIM_PeriodElapsedCallback
    stm32f4xx_hal_tim.o(i.TIM_DMAPeriodElapsedHalfCplt) refers to stm32f4xx_hal_tim.o(i.HAL_TIM_PeriodElapsedHalfCpltCallback) for HAL_TIM_PeriodElapsedHalfCpltCallback
    stm32f4xx_hal_tim.o(i.TIM_DMATriggerCplt) refers to stm32f4xx_hal_tim.o(i.HAL_TIM_TriggerCallback) for HAL_TIM_TriggerCallback
    stm32f4xx_hal_tim.o(i.TIM_DMATriggerHalfCplt) refers to stm32f4xx_hal_tim.o(i.HAL_TIM_TriggerHalfCpltCallback) for HAL_TIM_TriggerHalfCpltCallback
    stm32f4xx_hal_tim.o(i.TIM_SlaveTimer_SetConfig) refers to stm32f4xx_hal_tim.o(i.TIM_ETR_SetConfig) for TIM_ETR_SetConfig
    stm32f4xx_hal_tim.o(i.TIM_SlaveTimer_SetConfig) refers to stm32f4xx_hal_tim.o(i.TIM_TI1_ConfigInputStage) for TIM_TI1_ConfigInputStage
    stm32f4xx_hal_tim.o(i.TIM_SlaveTimer_SetConfig) refers to stm32f4xx_hal_tim.o(i.TIM_TI2_ConfigInputStage) for TIM_TI2_ConfigInputStage
    stm32f4xx_hal_tim_ex.o(i.HAL_TIMEx_ConfigCommutEvent_DMA) refers to stm32f4xx_hal_tim_ex.o(i.TIMEx_DMACommutationCplt) for TIMEx_DMACommutationCplt
    stm32f4xx_hal_tim_ex.o(i.HAL_TIMEx_ConfigCommutEvent_DMA) refers to stm32f4xx_hal_tim_ex.o(i.TIMEx_DMACommutationHalfCplt) for TIMEx_DMACommutationHalfCplt
    stm32f4xx_hal_tim_ex.o(i.HAL_TIMEx_ConfigCommutEvent_DMA) refers to stm32f4xx_hal_tim.o(i.TIM_DMAError) for TIM_DMAError
    stm32f4xx_hal_tim_ex.o(i.HAL_TIMEx_HallSensor_DeInit) refers to stm32f4xx_hal_tim_ex.o(i.HAL_TIMEx_HallSensor_MspDeInit) for HAL_TIMEx_HallSensor_MspDeInit
    stm32f4xx_hal_tim_ex.o(i.HAL_TIMEx_HallSensor_Init) refers to stm32f4xx_hal_tim_ex.o(i.HAL_TIMEx_HallSensor_MspInit) for HAL_TIMEx_HallSensor_MspInit
    stm32f4xx_hal_tim_ex.o(i.HAL_TIMEx_HallSensor_Init) refers to stm32f4xx_hal_tim.o(i.TIM_Base_SetConfig) for TIM_Base_SetConfig
    stm32f4xx_hal_tim_ex.o(i.HAL_TIMEx_HallSensor_Init) refers to stm32f4xx_hal_tim.o(i.TIM_TI1_SetConfig) for TIM_TI1_SetConfig
    stm32f4xx_hal_tim_ex.o(i.HAL_TIMEx_HallSensor_Init) refers to stm32f4xx_hal_tim.o(i.TIM_OC2_SetConfig) for TIM_OC2_SetConfig
    stm32f4xx_hal_tim_ex.o(i.HAL_TIMEx_HallSensor_Start) refers to stm32f4xx_hal_tim.o(i.TIM_CCxChannelCmd) for TIM_CCxChannelCmd
    stm32f4xx_hal_tim_ex.o(i.HAL_TIMEx_HallSensor_Start_DMA) refers to stm32f4xx_hal_tim.o(i.TIM_CCxChannelCmd) for TIM_CCxChannelCmd
    stm32f4xx_hal_tim_ex.o(i.HAL_TIMEx_HallSensor_Start_DMA) refers to stm32f4xx_hal_dma.o(i.HAL_DMA_Start_IT) for HAL_DMA_Start_IT
    stm32f4xx_hal_tim_ex.o(i.HAL_TIMEx_HallSensor_Start_DMA) refers to stm32f4xx_hal_tim.o(i.TIM_DMACaptureCplt) for TIM_DMACaptureCplt
    stm32f4xx_hal_tim_ex.o(i.HAL_TIMEx_HallSensor_Start_DMA) refers to stm32f4xx_hal_tim.o(i.TIM_DMACaptureHalfCplt) for TIM_DMACaptureHalfCplt
    stm32f4xx_hal_tim_ex.o(i.HAL_TIMEx_HallSensor_Start_DMA) refers to stm32f4xx_hal_tim.o(i.TIM_DMAError) for TIM_DMAError
    stm32f4xx_hal_tim_ex.o(i.HAL_TIMEx_HallSensor_Start_IT) refers to stm32f4xx_hal_tim.o(i.TIM_CCxChannelCmd) for TIM_CCxChannelCmd
    stm32f4xx_hal_tim_ex.o(i.HAL_TIMEx_HallSensor_Stop) refers to stm32f4xx_hal_tim.o(i.TIM_CCxChannelCmd) for TIM_CCxChannelCmd
    stm32f4xx_hal_tim_ex.o(i.HAL_TIMEx_HallSensor_Stop_DMA) refers to stm32f4xx_hal_tim.o(i.TIM_CCxChannelCmd) for TIM_CCxChannelCmd
    stm32f4xx_hal_tim_ex.o(i.HAL_TIMEx_HallSensor_Stop_DMA) refers to stm32f4xx_hal_dma.o(i.HAL_DMA_Abort_IT) for HAL_DMA_Abort_IT
    stm32f4xx_hal_tim_ex.o(i.HAL_TIMEx_HallSensor_Stop_IT) refers to stm32f4xx_hal_tim.o(i.TIM_CCxChannelCmd) for TIM_CCxChannelCmd
    stm32f4xx_hal_tim_ex.o(i.HAL_TIMEx_OCN_Start) refers to stm32f4xx_hal_tim_ex.o(i.TIM_CCxNChannelCmd) for TIM_CCxNChannelCmd
    stm32f4xx_hal_tim_ex.o(i.HAL_TIMEx_OCN_Start_DMA) refers to stm32f4xx_hal_dma.o(i.HAL_DMA_Start_IT) for HAL_DMA_Start_IT
    stm32f4xx_hal_tim_ex.o(i.HAL_TIMEx_OCN_Start_DMA) refers to stm32f4xx_hal_tim_ex.o(i.TIM_CCxNChannelCmd) for TIM_CCxNChannelCmd
    stm32f4xx_hal_tim_ex.o(i.HAL_TIMEx_OCN_Start_DMA) refers to stm32f4xx_hal_tim_ex.o(i.TIM_DMADelayPulseNCplt) for TIM_DMADelayPulseNCplt
    stm32f4xx_hal_tim_ex.o(i.HAL_TIMEx_OCN_Start_DMA) refers to stm32f4xx_hal_tim.o(i.TIM_DMADelayPulseHalfCplt) for TIM_DMADelayPulseHalfCplt
    stm32f4xx_hal_tim_ex.o(i.HAL_TIMEx_OCN_Start_DMA) refers to stm32f4xx_hal_tim_ex.o(i.TIM_DMAErrorCCxN) for TIM_DMAErrorCCxN
    stm32f4xx_hal_tim_ex.o(i.HAL_TIMEx_OCN_Start_IT) refers to stm32f4xx_hal_tim_ex.o(i.TIM_CCxNChannelCmd) for TIM_CCxNChannelCmd
    stm32f4xx_hal_tim_ex.o(i.HAL_TIMEx_OCN_Stop) refers to stm32f4xx_hal_tim_ex.o(i.TIM_CCxNChannelCmd) for TIM_CCxNChannelCmd
    stm32f4xx_hal_tim_ex.o(i.HAL_TIMEx_OCN_Stop_DMA) refers to stm32f4xx_hal_dma.o(i.HAL_DMA_Abort_IT) for HAL_DMA_Abort_IT
    stm32f4xx_hal_tim_ex.o(i.HAL_TIMEx_OCN_Stop_DMA) refers to stm32f4xx_hal_tim_ex.o(i.TIM_CCxNChannelCmd) for TIM_CCxNChannelCmd
    stm32f4xx_hal_tim_ex.o(i.HAL_TIMEx_OCN_Stop_IT) refers to stm32f4xx_hal_tim_ex.o(i.TIM_CCxNChannelCmd) for TIM_CCxNChannelCmd
    stm32f4xx_hal_tim_ex.o(i.HAL_TIMEx_OnePulseN_Start) refers to stm32f4xx_hal_tim_ex.o(i.TIM_CCxNChannelCmd) for TIM_CCxNChannelCmd
    stm32f4xx_hal_tim_ex.o(i.HAL_TIMEx_OnePulseN_Start) refers to stm32f4xx_hal_tim.o(i.TIM_CCxChannelCmd) for TIM_CCxChannelCmd
    stm32f4xx_hal_tim_ex.o(i.HAL_TIMEx_OnePulseN_Start_IT) refers to stm32f4xx_hal_tim_ex.o(i.TIM_CCxNChannelCmd) for TIM_CCxNChannelCmd
    stm32f4xx_hal_tim_ex.o(i.HAL_TIMEx_OnePulseN_Start_IT) refers to stm32f4xx_hal_tim.o(i.TIM_CCxChannelCmd) for TIM_CCxChannelCmd
    stm32f4xx_hal_tim_ex.o(i.HAL_TIMEx_OnePulseN_Stop) refers to stm32f4xx_hal_tim_ex.o(i.TIM_CCxNChannelCmd) for TIM_CCxNChannelCmd
    stm32f4xx_hal_tim_ex.o(i.HAL_TIMEx_OnePulseN_Stop) refers to stm32f4xx_hal_tim.o(i.TIM_CCxChannelCmd) for TIM_CCxChannelCmd
    stm32f4xx_hal_tim_ex.o(i.HAL_TIMEx_OnePulseN_Stop_IT) refers to stm32f4xx_hal_tim_ex.o(i.TIM_CCxNChannelCmd) for TIM_CCxNChannelCmd
    stm32f4xx_hal_tim_ex.o(i.HAL_TIMEx_OnePulseN_Stop_IT) refers to stm32f4xx_hal_tim.o(i.TIM_CCxChannelCmd) for TIM_CCxChannelCmd
    stm32f4xx_hal_tim_ex.o(i.HAL_TIMEx_PWMN_Start) refers to stm32f4xx_hal_tim_ex.o(i.TIM_CCxNChannelCmd) for TIM_CCxNChannelCmd
    stm32f4xx_hal_tim_ex.o(i.HAL_TIMEx_PWMN_Start_DMA) refers to stm32f4xx_hal_dma.o(i.HAL_DMA_Start_IT) for HAL_DMA_Start_IT
    stm32f4xx_hal_tim_ex.o(i.HAL_TIMEx_PWMN_Start_DMA) refers to stm32f4xx_hal_tim_ex.o(i.TIM_CCxNChannelCmd) for TIM_CCxNChannelCmd
    stm32f4xx_hal_tim_ex.o(i.HAL_TIMEx_PWMN_Start_DMA) refers to stm32f4xx_hal_tim_ex.o(i.TIM_DMADelayPulseNCplt) for TIM_DMADelayPulseNCplt
    stm32f4xx_hal_tim_ex.o(i.HAL_TIMEx_PWMN_Start_DMA) refers to stm32f4xx_hal_tim.o(i.TIM_DMADelayPulseHalfCplt) for TIM_DMADelayPulseHalfCplt
    stm32f4xx_hal_tim_ex.o(i.HAL_TIMEx_PWMN_Start_DMA) refers to stm32f4xx_hal_tim_ex.o(i.TIM_DMAErrorCCxN) for TIM_DMAErrorCCxN
    stm32f4xx_hal_tim_ex.o(i.HAL_TIMEx_PWMN_Start_IT) refers to stm32f4xx_hal_tim_ex.o(i.TIM_CCxNChannelCmd) for TIM_CCxNChannelCmd
    stm32f4xx_hal_tim_ex.o(i.HAL_TIMEx_PWMN_Stop) refers to stm32f4xx_hal_tim_ex.o(i.TIM_CCxNChannelCmd) for TIM_CCxNChannelCmd
    stm32f4xx_hal_tim_ex.o(i.HAL_TIMEx_PWMN_Stop_DMA) refers to stm32f4xx_hal_dma.o(i.HAL_DMA_Abort_IT) for HAL_DMA_Abort_IT
    stm32f4xx_hal_tim_ex.o(i.HAL_TIMEx_PWMN_Stop_DMA) refers to stm32f4xx_hal_tim_ex.o(i.TIM_CCxNChannelCmd) for TIM_CCxNChannelCmd
    stm32f4xx_hal_tim_ex.o(i.HAL_TIMEx_PWMN_Stop_IT) refers to stm32f4xx_hal_tim_ex.o(i.TIM_CCxNChannelCmd) for TIM_CCxNChannelCmd
    stm32f4xx_hal_tim_ex.o(i.TIMEx_DMACommutationCplt) refers to stm32f4xx_hal_tim_ex.o(i.HAL_TIMEx_CommutCallback) for HAL_TIMEx_CommutCallback
    stm32f4xx_hal_tim_ex.o(i.TIMEx_DMACommutationHalfCplt) refers to stm32f4xx_hal_tim_ex.o(i.HAL_TIMEx_CommutHalfCpltCallback) for HAL_TIMEx_CommutHalfCpltCallback
    stm32f4xx_hal_tim_ex.o(i.TIM_DMADelayPulseNCplt) refers to stm32f4xx_hal_tim.o(i.HAL_TIM_PWM_PulseFinishedCallback) for HAL_TIM_PWM_PulseFinishedCallback
    stm32f4xx_hal_tim_ex.o(i.TIM_DMAErrorCCxN) refers to stm32f4xx_hal_tim.o(i.HAL_TIM_ErrorCallback) for HAL_TIM_ErrorCallback
    stm32f4xx_hal_uart.o(i.HAL_HalfDuplex_Init) refers to usart.o(i.HAL_UART_MspInit) for HAL_UART_MspInit
    stm32f4xx_hal_uart.o(i.HAL_HalfDuplex_Init) refers to stm32f4xx_hal_uart.o(i.UART_SetConfig) for UART_SetConfig
    stm32f4xx_hal_uart.o(i.HAL_LIN_Init) refers to usart.o(i.HAL_UART_MspInit) for HAL_UART_MspInit
    stm32f4xx_hal_uart.o(i.HAL_LIN_Init) refers to stm32f4xx_hal_uart.o(i.UART_SetConfig) for UART_SetConfig
    stm32f4xx_hal_uart.o(i.HAL_MultiProcessor_Init) refers to usart.o(i.HAL_UART_MspInit) for HAL_UART_MspInit
    stm32f4xx_hal_uart.o(i.HAL_MultiProcessor_Init) refers to stm32f4xx_hal_uart.o(i.UART_SetConfig) for UART_SetConfig
    stm32f4xx_hal_uart.o(i.HAL_UARTEx_ReceiveToIdle) refers to stm32f4xx_hal.o(i.HAL_GetTick) for HAL_GetTick
    stm32f4xx_hal_uart.o(i.HAL_UARTEx_ReceiveToIdle_DMA) refers to stm32f4xx_hal_uart.o(i.UART_Start_Receive_DMA) for UART_Start_Receive_DMA
    stm32f4xx_hal_uart.o(i.HAL_UARTEx_ReceiveToIdle_IT) refers to stm32f4xx_hal_uart.o(i.UART_Start_Receive_IT) for UART_Start_Receive_IT
    stm32f4xx_hal_uart.o(i.HAL_UART_Abort) refers to stm32f4xx_hal_dma.o(i.HAL_DMA_Abort) for HAL_DMA_Abort
    stm32f4xx_hal_uart.o(i.HAL_UART_Abort) refers to stm32f4xx_hal_dma.o(i.HAL_DMA_GetError) for HAL_DMA_GetError
    stm32f4xx_hal_uart.o(i.HAL_UART_AbortReceive) refers to stm32f4xx_hal_dma.o(i.HAL_DMA_Abort) for HAL_DMA_Abort
    stm32f4xx_hal_uart.o(i.HAL_UART_AbortReceive) refers to stm32f4xx_hal_dma.o(i.HAL_DMA_GetError) for HAL_DMA_GetError
    stm32f4xx_hal_uart.o(i.HAL_UART_AbortReceive_IT) refers to stm32f4xx_hal_dma.o(i.HAL_DMA_Abort_IT) for HAL_DMA_Abort_IT
    stm32f4xx_hal_uart.o(i.HAL_UART_AbortReceive_IT) refers to stm32f4xx_hal_uart.o(i.HAL_UART_AbortReceiveCpltCallback) for HAL_UART_AbortReceiveCpltCallback
    stm32f4xx_hal_uart.o(i.HAL_UART_AbortReceive_IT) refers to stm32f4xx_hal_uart.o(i.UART_DMARxOnlyAbortCallback) for UART_DMARxOnlyAbortCallback
    stm32f4xx_hal_uart.o(i.HAL_UART_AbortTransmit) refers to stm32f4xx_hal_dma.o(i.HAL_DMA_Abort) for HAL_DMA_Abort
    stm32f4xx_hal_uart.o(i.HAL_UART_AbortTransmit) refers to stm32f4xx_hal_dma.o(i.HAL_DMA_GetError) for HAL_DMA_GetError
    stm32f4xx_hal_uart.o(i.HAL_UART_AbortTransmit_IT) refers to stm32f4xx_hal_dma.o(i.HAL_DMA_Abort_IT) for HAL_DMA_Abort_IT
    stm32f4xx_hal_uart.o(i.HAL_UART_AbortTransmit_IT) refers to stm32f4xx_hal_uart.o(i.HAL_UART_AbortTransmitCpltCallback) for HAL_UART_AbortTransmitCpltCallback
    stm32f4xx_hal_uart.o(i.HAL_UART_AbortTransmit_IT) refers to stm32f4xx_hal_uart.o(i.UART_DMATxOnlyAbortCallback) for UART_DMATxOnlyAbortCallback
    stm32f4xx_hal_uart.o(i.HAL_UART_Abort_IT) refers to stm32f4xx_hal_dma.o(i.HAL_DMA_Abort_IT) for HAL_DMA_Abort_IT
    stm32f4xx_hal_uart.o(i.HAL_UART_Abort_IT) refers to stm32f4xx_hal_uart.o(i.HAL_UART_AbortCpltCallback) for HAL_UART_AbortCpltCallback
    stm32f4xx_hal_uart.o(i.HAL_UART_Abort_IT) refers to stm32f4xx_hal_uart.o(i.UART_DMATxAbortCallback) for UART_DMATxAbortCallback
    stm32f4xx_hal_uart.o(i.HAL_UART_Abort_IT) refers to stm32f4xx_hal_uart.o(i.UART_DMARxAbortCallback) for UART_DMARxAbortCallback
    stm32f4xx_hal_uart.o(i.HAL_UART_DMAStop) refers to stm32f4xx_hal_dma.o(i.HAL_DMA_Abort) for HAL_DMA_Abort
    stm32f4xx_hal_uart.o(i.HAL_UART_DMAStop) refers to stm32f4xx_hal_uart.o(i.UART_EndTxTransfer) for UART_EndTxTransfer
    stm32f4xx_hal_uart.o(i.HAL_UART_DMAStop) refers to stm32f4xx_hal_uart.o(i.UART_EndRxTransfer) for UART_EndRxTransfer
    stm32f4xx_hal_uart.o(i.HAL_UART_DeInit) refers to usart.o(i.HAL_UART_MspDeInit) for HAL_UART_MspDeInit
    stm32f4xx_hal_uart.o(i.HAL_UART_IRQHandler) refers to stm32f4xx_hal_uart.o(i.UART_Receive_IT) for UART_Receive_IT
    stm32f4xx_hal_uart.o(i.HAL_UART_IRQHandler) refers to stm32f4xx_hal_uart.o(i.UART_EndRxTransfer) for UART_EndRxTransfer
    stm32f4xx_hal_uart.o(i.HAL_UART_IRQHandler) refers to stm32f4xx_hal_dma.o(i.HAL_DMA_Abort_IT) for HAL_DMA_Abort_IT
    stm32f4xx_hal_uart.o(i.HAL_UART_IRQHandler) refers to stm32f4xx_hal_uart.o(i.HAL_UART_ErrorCallback) for HAL_UART_ErrorCallback
    stm32f4xx_hal_uart.o(i.HAL_UART_IRQHandler) refers to stm32f4xx_hal_dma.o(i.HAL_DMA_Abort) for HAL_DMA_Abort
    stm32f4xx_hal_uart.o(i.HAL_UART_IRQHandler) refers to stm32f4xx_hal_uart.o(i.HAL_UARTEx_RxEventCallback) for HAL_UARTEx_RxEventCallback
    stm32f4xx_hal_uart.o(i.HAL_UART_IRQHandler) refers to stm32f4xx_hal_uart.o(i.HAL_UART_TxCpltCallback) for HAL_UART_TxCpltCallback
    stm32f4xx_hal_uart.o(i.HAL_UART_IRQHandler) refers to stm32f4xx_hal_uart.o(i.UART_DMAAbortOnError) for UART_DMAAbortOnError
    stm32f4xx_hal_uart.o(i.HAL_UART_Init) refers to usart.o(i.HAL_UART_MspInit) for HAL_UART_MspInit
    stm32f4xx_hal_uart.o(i.HAL_UART_Init) refers to stm32f4xx_hal_uart.o(i.UART_SetConfig) for UART_SetConfig
    stm32f4xx_hal_uart.o(i.HAL_UART_Receive) refers to stm32f4xx_hal.o(i.HAL_GetTick) for HAL_GetTick
    stm32f4xx_hal_uart.o(i.HAL_UART_Receive) refers to stm32f4xx_hal_uart.o(i.UART_WaitOnFlagUntilTimeout) for UART_WaitOnFlagUntilTimeout
    stm32f4xx_hal_uart.o(i.HAL_UART_Receive_DMA) refers to stm32f4xx_hal_uart.o(i.UART_Start_Receive_DMA) for UART_Start_Receive_DMA
    stm32f4xx_hal_uart.o(i.HAL_UART_Receive_IT) refers to stm32f4xx_hal_uart.o(i.UART_Start_Receive_IT) for UART_Start_Receive_IT
    stm32f4xx_hal_uart.o(i.HAL_UART_Transmit) refers to stm32f4xx_hal.o(i.HAL_GetTick) for HAL_GetTick
    stm32f4xx_hal_uart.o(i.HAL_UART_Transmit) refers to stm32f4xx_hal_uart.o(i.UART_WaitOnFlagUntilTimeout) for UART_WaitOnFlagUntilTimeout
    stm32f4xx_hal_uart.o(i.HAL_UART_Transmit_DMA) refers to stm32f4xx_hal_dma.o(i.HAL_DMA_Start_IT) for HAL_DMA_Start_IT
    stm32f4xx_hal_uart.o(i.HAL_UART_Transmit_DMA) refers to stm32f4xx_hal_uart.o(i.UART_DMATransmitCplt) for UART_DMATransmitCplt
    stm32f4xx_hal_uart.o(i.HAL_UART_Transmit_DMA) refers to stm32f4xx_hal_uart.o(i.UART_DMATxHalfCplt) for UART_DMATxHalfCplt
    stm32f4xx_hal_uart.o(i.HAL_UART_Transmit_DMA) refers to stm32f4xx_hal_uart.o(i.UART_DMAError) for UART_DMAError
    stm32f4xx_hal_uart.o(i.UART_DMAAbortOnError) refers to stm32f4xx_hal_uart.o(i.HAL_UART_ErrorCallback) for HAL_UART_ErrorCallback
    stm32f4xx_hal_uart.o(i.UART_DMAError) refers to stm32f4xx_hal_uart.o(i.UART_EndTxTransfer) for UART_EndTxTransfer
    stm32f4xx_hal_uart.o(i.UART_DMAError) refers to stm32f4xx_hal_uart.o(i.UART_EndRxTransfer) for UART_EndRxTransfer
    stm32f4xx_hal_uart.o(i.UART_DMAError) refers to stm32f4xx_hal_uart.o(i.HAL_UART_ErrorCallback) for HAL_UART_ErrorCallback
    stm32f4xx_hal_uart.o(i.UART_DMAReceiveCplt) refers to stm32f4xx_hal_uart.o(i.HAL_UART_RxCpltCallback) for HAL_UART_RxCpltCallback
    stm32f4xx_hal_uart.o(i.UART_DMAReceiveCplt) refers to stm32f4xx_hal_uart.o(i.HAL_UARTEx_RxEventCallback) for HAL_UARTEx_RxEventCallback
    stm32f4xx_hal_uart.o(i.UART_DMARxAbortCallback) refers to stm32f4xx_hal_uart.o(i.HAL_UART_AbortCpltCallback) for HAL_UART_AbortCpltCallback
    stm32f4xx_hal_uart.o(i.UART_DMARxHalfCplt) refers to stm32f4xx_hal_uart.o(i.HAL_UART_RxHalfCpltCallback) for HAL_UART_RxHalfCpltCallback
    stm32f4xx_hal_uart.o(i.UART_DMARxHalfCplt) refers to stm32f4xx_hal_uart.o(i.HAL_UARTEx_RxEventCallback) for HAL_UARTEx_RxEventCallback
    stm32f4xx_hal_uart.o(i.UART_DMARxOnlyAbortCallback) refers to stm32f4xx_hal_uart.o(i.HAL_UART_AbortReceiveCpltCallback) for HAL_UART_AbortReceiveCpltCallback
    stm32f4xx_hal_uart.o(i.UART_DMATransmitCplt) refers to stm32f4xx_hal_uart.o(i.HAL_UART_TxCpltCallback) for HAL_UART_TxCpltCallback
    stm32f4xx_hal_uart.o(i.UART_DMATxAbortCallback) refers to stm32f4xx_hal_uart.o(i.HAL_UART_AbortCpltCallback) for HAL_UART_AbortCpltCallback
    stm32f4xx_hal_uart.o(i.UART_DMATxHalfCplt) refers to stm32f4xx_hal_uart.o(i.HAL_UART_TxHalfCpltCallback) for HAL_UART_TxHalfCpltCallback
    stm32f4xx_hal_uart.o(i.UART_DMATxOnlyAbortCallback) refers to stm32f4xx_hal_uart.o(i.HAL_UART_AbortTransmitCpltCallback) for HAL_UART_AbortTransmitCpltCallback
    stm32f4xx_hal_uart.o(i.UART_Receive_IT) refers to stm32f4xx_hal_uart.o(i.HAL_UART_RxCpltCallback) for HAL_UART_RxCpltCallback
    stm32f4xx_hal_uart.o(i.UART_Receive_IT) refers to stm32f4xx_hal_uart.o(i.HAL_UARTEx_RxEventCallback) for HAL_UARTEx_RxEventCallback
    stm32f4xx_hal_uart.o(i.UART_SetConfig) refers to stm32f4xx_hal_rcc.o(i.HAL_RCC_GetPCLK2Freq) for HAL_RCC_GetPCLK2Freq
    stm32f4xx_hal_uart.o(i.UART_SetConfig) refers to stm32f4xx_hal_rcc.o(i.HAL_RCC_GetPCLK1Freq) for HAL_RCC_GetPCLK1Freq
    stm32f4xx_hal_uart.o(i.UART_SetConfig) refers to lludivv7m.o(.text) for __aeabi_uldivmod
    stm32f4xx_hal_uart.o(i.UART_Start_Receive_DMA) refers to stm32f4xx_hal_dma.o(i.HAL_DMA_Start_IT) for HAL_DMA_Start_IT
    stm32f4xx_hal_uart.o(i.UART_Start_Receive_DMA) refers to stm32f4xx_hal_uart.o(i.UART_DMAReceiveCplt) for UART_DMAReceiveCplt
    stm32f4xx_hal_uart.o(i.UART_Start_Receive_DMA) refers to stm32f4xx_hal_uart.o(i.UART_DMARxHalfCplt) for UART_DMARxHalfCplt
    stm32f4xx_hal_uart.o(i.UART_Start_Receive_DMA) refers to stm32f4xx_hal_uart.o(i.UART_DMAError) for UART_DMAError
    stm32f4xx_hal_uart.o(i.UART_WaitOnFlagUntilTimeout) refers to stm32f4xx_hal.o(i.HAL_GetTick) for HAL_GetTick
    system_stm32f4xx.o(i.SystemCoreClockUpdate) refers to system_stm32f4xx.o(.data) for .data
    system_stm32f4xx.o(i.SystemCoreClockUpdate) refers to system_stm32f4xx.o(.constdata) for .constdata
    event_groups.o(i.vEventGroupClearBitsCallback) refers to event_groups.o(i.xEventGroupClearBits) for xEventGroupClearBits
    event_groups.o(i.vEventGroupDelete) refers to tasks.o(i.vTaskSuspendAll) for vTaskSuspendAll
    event_groups.o(i.vEventGroupDelete) refers to tasks.o(i.vTaskRemoveFromUnorderedEventList) for vTaskRemoveFromUnorderedEventList
    event_groups.o(i.vEventGroupDelete) refers to heap_4.o(i.vPortFree) for vPortFree
    event_groups.o(i.vEventGroupDelete) refers to tasks.o(i.xTaskResumeAll) for xTaskResumeAll
    event_groups.o(i.vEventGroupSetBitsCallback) refers to event_groups.o(i.xEventGroupSetBits) for xEventGroupSetBits
    event_groups.o(i.xEventGroupClearBits) refers to port.o(i.vPortEnterCritical) for vPortEnterCritical
    event_groups.o(i.xEventGroupClearBits) refers to port.o(i.vPortExitCritical) for vPortExitCritical
    event_groups.o(i.xEventGroupCreate) refers to heap_4.o(i.pvPortMalloc) for pvPortMalloc
    event_groups.o(i.xEventGroupCreate) refers to list.o(i.vListInitialise) for vListInitialise
    event_groups.o(i.xEventGroupCreateStatic) refers to list.o(i.vListInitialise) for vListInitialise
    event_groups.o(i.xEventGroupSetBits) refers to tasks.o(i.vTaskSuspendAll) for vTaskSuspendAll
    event_groups.o(i.xEventGroupSetBits) refers to tasks.o(i.vTaskRemoveFromUnorderedEventList) for vTaskRemoveFromUnorderedEventList
    event_groups.o(i.xEventGroupSetBits) refers to tasks.o(i.xTaskResumeAll) for xTaskResumeAll
    event_groups.o(i.xEventGroupSync) refers to tasks.o(i.xTaskGetSchedulerState) for xTaskGetSchedulerState
    event_groups.o(i.xEventGroupSync) refers to tasks.o(i.vTaskSuspendAll) for vTaskSuspendAll
    event_groups.o(i.xEventGroupSync) refers to event_groups.o(i.xEventGroupSetBits) for xEventGroupSetBits
    event_groups.o(i.xEventGroupSync) refers to tasks.o(i.vTaskPlaceOnUnorderedEventList) for vTaskPlaceOnUnorderedEventList
    event_groups.o(i.xEventGroupSync) refers to tasks.o(i.xTaskResumeAll) for xTaskResumeAll
    event_groups.o(i.xEventGroupSync) refers to tasks.o(i.uxTaskResetEventItemValue) for uxTaskResetEventItemValue
    event_groups.o(i.xEventGroupSync) refers to port.o(i.vPortEnterCritical) for vPortEnterCritical
    event_groups.o(i.xEventGroupSync) refers to port.o(i.vPortExitCritical) for vPortExitCritical
    event_groups.o(i.xEventGroupWaitBits) refers to tasks.o(i.xTaskGetSchedulerState) for xTaskGetSchedulerState
    event_groups.o(i.xEventGroupWaitBits) refers to tasks.o(i.vTaskSuspendAll) for vTaskSuspendAll
    event_groups.o(i.xEventGroupWaitBits) refers to event_groups.o(i.prvTestWaitCondition) for prvTestWaitCondition
    event_groups.o(i.xEventGroupWaitBits) refers to tasks.o(i.vTaskPlaceOnUnorderedEventList) for vTaskPlaceOnUnorderedEventList
    event_groups.o(i.xEventGroupWaitBits) refers to tasks.o(i.xTaskResumeAll) for xTaskResumeAll
    event_groups.o(i.xEventGroupWaitBits) refers to tasks.o(i.uxTaskResetEventItemValue) for uxTaskResetEventItemValue
    event_groups.o(i.xEventGroupWaitBits) refers to port.o(i.vPortEnterCritical) for vPortEnterCritical
    event_groups.o(i.xEventGroupWaitBits) refers to port.o(i.vPortExitCritical) for vPortExitCritical
    queue.o(i.pcQueueGetName) refers to queue.o(.bss) for .bss
    queue.o(i.prvCopyDataFromQueue) refers to rt_memcpy_v6.o(.text) for __aeabi_memcpy
    queue.o(i.prvCopyDataToQueue) refers to rt_memcpy_v6.o(.text) for __aeabi_memcpy
    queue.o(i.prvCopyDataToQueue) refers to tasks.o(i.xTaskPriorityDisinherit) for xTaskPriorityDisinherit
    queue.o(i.prvInitialiseMutex) refers to queue.o(i.xQueueGenericSend) for xQueueGenericSend
    queue.o(i.prvInitialiseNewQueue) refers to queue.o(i.xQueueGenericReset) for xQueueGenericReset
    queue.o(i.prvIsQueueEmpty) refers to port.o(i.vPortEnterCritical) for vPortEnterCritical
    queue.o(i.prvIsQueueEmpty) refers to port.o(i.vPortExitCritical) for vPortExitCritical
    queue.o(i.prvUnlockQueue) refers to port.o(i.vPortEnterCritical) for vPortEnterCritical
    queue.o(i.prvUnlockQueue) refers to tasks.o(i.xTaskRemoveFromEventList) for xTaskRemoveFromEventList
    queue.o(i.prvUnlockQueue) refers to tasks.o(i.vTaskMissedYield) for vTaskMissedYield
    queue.o(i.prvUnlockQueue) refers to port.o(i.vPortExitCritical) for vPortExitCritical
    queue.o(i.uxQueueMessagesWaiting) refers to port.o(i.vPortEnterCritical) for vPortEnterCritical
    queue.o(i.uxQueueMessagesWaiting) refers to port.o(i.vPortExitCritical) for vPortExitCritical
    queue.o(i.uxQueueSpacesAvailable) refers to port.o(i.vPortEnterCritical) for vPortEnterCritical
    queue.o(i.uxQueueSpacesAvailable) refers to port.o(i.vPortExitCritical) for vPortExitCritical
    queue.o(i.vQueueAddToRegistry) refers to queue.o(.bss) for .bss
    queue.o(i.vQueueDelete) refers to queue.o(i.vQueueUnregisterQueue) for vQueueUnregisterQueue
    queue.o(i.vQueueDelete) refers to heap_4.o(i.vPortFree) for vPortFree
    queue.o(i.vQueueUnregisterQueue) refers to queue.o(.bss) for .bss
    queue.o(i.xQueueCreateMutex) refers to queue.o(i.xQueueGenericCreate) for xQueueGenericCreate
    queue.o(i.xQueueCreateMutex) refers to queue.o(i.prvInitialiseMutex) for prvInitialiseMutex
    queue.o(i.xQueueCreateMutexStatic) refers to queue.o(i.xQueueGenericCreateStatic) for xQueueGenericCreateStatic
    queue.o(i.xQueueCreateMutexStatic) refers to queue.o(i.prvInitialiseMutex) for prvInitialiseMutex
    queue.o(i.xQueueGenericCreate) refers to heap_4.o(i.pvPortMalloc) for pvPortMalloc
    queue.o(i.xQueueGenericCreate) refers to queue.o(i.prvInitialiseNewQueue) for prvInitialiseNewQueue
    queue.o(i.xQueueGenericCreateStatic) refers to queue.o(i.prvInitialiseNewQueue) for prvInitialiseNewQueue
    queue.o(i.xQueueGenericReset) refers to port.o(i.vPortEnterCritical) for vPortEnterCritical
    queue.o(i.xQueueGenericReset) refers to list.o(i.vListInitialise) for vListInitialise
    queue.o(i.xQueueGenericReset) refers to port.o(i.vPortExitCritical) for vPortExitCritical
    queue.o(i.xQueueGenericReset) refers to tasks.o(i.xTaskRemoveFromEventList) for xTaskRemoveFromEventList
    queue.o(i.xQueueGenericSend) refers to tasks.o(i.xTaskGetSchedulerState) for xTaskGetSchedulerState
    queue.o(i.xQueueGenericSend) refers to port.o(i.vPortEnterCritical) for vPortEnterCritical
    queue.o(i.xQueueGenericSend) refers to queue.o(i.prvCopyDataToQueue) for prvCopyDataToQueue
    queue.o(i.xQueueGenericSend) refers to tasks.o(i.xTaskRemoveFromEventList) for xTaskRemoveFromEventList
    queue.o(i.xQueueGenericSend) refers to port.o(i.vPortExitCritical) for vPortExitCritical
    queue.o(i.xQueueGenericSend) refers to tasks.o(i.vTaskInternalSetTimeOutState) for vTaskInternalSetTimeOutState
    queue.o(i.xQueueGenericSend) refers to tasks.o(i.vTaskSuspendAll) for vTaskSuspendAll
    queue.o(i.xQueueGenericSend) refers to tasks.o(i.xTaskCheckForTimeOut) for xTaskCheckForTimeOut
    queue.o(i.xQueueGenericSend) refers to queue.o(i.prvUnlockQueue) for prvUnlockQueue
    queue.o(i.xQueueGenericSend) refers to tasks.o(i.xTaskResumeAll) for xTaskResumeAll
    queue.o(i.xQueueGenericSend) refers to tasks.o(i.vTaskPlaceOnEventList) for vTaskPlaceOnEventList
    queue.o(i.xQueueGenericSendFromISR) refers to port.o(i.vPortValidateInterruptPriority) for vPortValidateInterruptPriority
    queue.o(i.xQueueGenericSendFromISR) refers to queue.o(i.prvCopyDataToQueue) for prvCopyDataToQueue
    queue.o(i.xQueueGenericSendFromISR) refers to tasks.o(i.xTaskRemoveFromEventList) for xTaskRemoveFromEventList
    queue.o(i.xQueueGiveFromISR) refers to port.o(i.vPortValidateInterruptPriority) for vPortValidateInterruptPriority
    queue.o(i.xQueueGiveFromISR) refers to tasks.o(i.xTaskRemoveFromEventList) for xTaskRemoveFromEventList
    queue.o(i.xQueuePeek) refers to tasks.o(i.xTaskGetSchedulerState) for xTaskGetSchedulerState
    queue.o(i.xQueuePeek) refers to port.o(i.vPortEnterCritical) for vPortEnterCritical
    queue.o(i.xQueuePeek) refers to queue.o(i.prvCopyDataFromQueue) for prvCopyDataFromQueue
    queue.o(i.xQueuePeek) refers to tasks.o(i.xTaskRemoveFromEventList) for xTaskRemoveFromEventList
    queue.o(i.xQueuePeek) refers to port.o(i.vPortExitCritical) for vPortExitCritical
    queue.o(i.xQueuePeek) refers to tasks.o(i.vTaskInternalSetTimeOutState) for vTaskInternalSetTimeOutState
    queue.o(i.xQueuePeek) refers to tasks.o(i.vTaskSuspendAll) for vTaskSuspendAll
    queue.o(i.xQueuePeek) refers to tasks.o(i.xTaskCheckForTimeOut) for xTaskCheckForTimeOut
    queue.o(i.xQueuePeek) refers to queue.o(i.prvUnlockQueue) for prvUnlockQueue
    queue.o(i.xQueuePeek) refers to tasks.o(i.xTaskResumeAll) for xTaskResumeAll
    queue.o(i.xQueuePeek) refers to queue.o(i.prvIsQueueEmpty) for prvIsQueueEmpty
    queue.o(i.xQueuePeek) refers to tasks.o(i.vTaskPlaceOnEventList) for vTaskPlaceOnEventList
    queue.o(i.xQueuePeekFromISR) refers to port.o(i.vPortValidateInterruptPriority) for vPortValidateInterruptPriority
    queue.o(i.xQueuePeekFromISR) refers to queue.o(i.prvCopyDataFromQueue) for prvCopyDataFromQueue
    queue.o(i.xQueueReceive) refers to tasks.o(i.xTaskGetSchedulerState) for xTaskGetSchedulerState
    queue.o(i.xQueueReceive) refers to port.o(i.vPortEnterCritical) for vPortEnterCritical
    queue.o(i.xQueueReceive) refers to queue.o(i.prvCopyDataFromQueue) for prvCopyDataFromQueue
    queue.o(i.xQueueReceive) refers to tasks.o(i.xTaskRemoveFromEventList) for xTaskRemoveFromEventList
    queue.o(i.xQueueReceive) refers to port.o(i.vPortExitCritical) for vPortExitCritical
    queue.o(i.xQueueReceive) refers to tasks.o(i.vTaskInternalSetTimeOutState) for vTaskInternalSetTimeOutState
    queue.o(i.xQueueReceive) refers to tasks.o(i.vTaskSuspendAll) for vTaskSuspendAll
    queue.o(i.xQueueReceive) refers to tasks.o(i.xTaskCheckForTimeOut) for xTaskCheckForTimeOut
    queue.o(i.xQueueReceive) refers to queue.o(i.prvUnlockQueue) for prvUnlockQueue
    queue.o(i.xQueueReceive) refers to tasks.o(i.xTaskResumeAll) for xTaskResumeAll
    queue.o(i.xQueueReceive) refers to queue.o(i.prvIsQueueEmpty) for prvIsQueueEmpty
    queue.o(i.xQueueReceive) refers to tasks.o(i.vTaskPlaceOnEventList) for vTaskPlaceOnEventList
    queue.o(i.xQueueReceiveFromISR) refers to port.o(i.vPortValidateInterruptPriority) for vPortValidateInterruptPriority
    queue.o(i.xQueueReceiveFromISR) refers to queue.o(i.prvCopyDataFromQueue) for prvCopyDataFromQueue
    queue.o(i.xQueueReceiveFromISR) refers to tasks.o(i.xTaskRemoveFromEventList) for xTaskRemoveFromEventList
    queue.o(i.xQueueSemaphoreTake) refers to tasks.o(i.xTaskGetSchedulerState) for xTaskGetSchedulerState
    queue.o(i.xQueueSemaphoreTake) refers to port.o(i.vPortEnterCritical) for vPortEnterCritical
    queue.o(i.xQueueSemaphoreTake) refers to tasks.o(i.pvTaskIncrementMutexHeldCount) for pvTaskIncrementMutexHeldCount
    queue.o(i.xQueueSemaphoreTake) refers to tasks.o(i.xTaskRemoveFromEventList) for xTaskRemoveFromEventList
    queue.o(i.xQueueSemaphoreTake) refers to port.o(i.vPortExitCritical) for vPortExitCritical
    queue.o(i.xQueueSemaphoreTake) refers to tasks.o(i.vTaskInternalSetTimeOutState) for vTaskInternalSetTimeOutState
    queue.o(i.xQueueSemaphoreTake) refers to tasks.o(i.vTaskSuspendAll) for vTaskSuspendAll
    queue.o(i.xQueueSemaphoreTake) refers to tasks.o(i.xTaskCheckForTimeOut) for xTaskCheckForTimeOut
    queue.o(i.xQueueSemaphoreTake) refers to queue.o(i.prvUnlockQueue) for prvUnlockQueue
    queue.o(i.xQueueSemaphoreTake) refers to tasks.o(i.xTaskResumeAll) for xTaskResumeAll
    queue.o(i.xQueueSemaphoreTake) refers to queue.o(i.prvIsQueueEmpty) for prvIsQueueEmpty
    queue.o(i.xQueueSemaphoreTake) refers to tasks.o(i.xTaskPriorityInherit) for xTaskPriorityInherit
    queue.o(i.xQueueSemaphoreTake) refers to tasks.o(i.vTaskPlaceOnEventList) for vTaskPlaceOnEventList
    queue.o(i.xQueueSemaphoreTake) refers to tasks.o(i.vTaskPriorityDisinheritAfterTimeout) for vTaskPriorityDisinheritAfterTimeout
    stream_buffer.o(i.prvInitialiseNewStreamBuffer) refers to memset.o(.text) for memset
    stream_buffer.o(i.prvInitialiseNewStreamBuffer) refers to rt_memclr_w.o(.text) for __aeabi_memclr4
    stream_buffer.o(i.prvReadBytesFromBuffer) refers to rt_memcpy_v6.o(.text) for __aeabi_memcpy
    stream_buffer.o(i.prvReadMessageFromBuffer) refers to stream_buffer.o(i.prvReadBytesFromBuffer) for prvReadBytesFromBuffer
    stream_buffer.o(i.prvWriteBytesToBuffer) refers to rt_memcpy_v6.o(.text) for __aeabi_memcpy
    stream_buffer.o(i.prvWriteMessageToBuffer) refers to stream_buffer.o(i.prvWriteBytesToBuffer) for prvWriteBytesToBuffer
    stream_buffer.o(i.vStreamBufferDelete) refers to heap_4.o(i.vPortFree) for vPortFree
    stream_buffer.o(i.vStreamBufferDelete) refers to rt_memclr_w.o(.text) for __aeabi_memclr4
    stream_buffer.o(i.xStreamBufferBytesAvailable) refers to stream_buffer.o(i.prvBytesInBuffer) for prvBytesInBuffer
    stream_buffer.o(i.xStreamBufferGenericCreate) refers to heap_4.o(i.pvPortMalloc) for pvPortMalloc
    stream_buffer.o(i.xStreamBufferGenericCreate) refers to stream_buffer.o(i.prvInitialiseNewStreamBuffer) for prvInitialiseNewStreamBuffer
    stream_buffer.o(i.xStreamBufferGenericCreateStatic) refers to stream_buffer.o(i.prvInitialiseNewStreamBuffer) for prvInitialiseNewStreamBuffer
    stream_buffer.o(i.xStreamBufferIsFull) refers to stream_buffer.o(i.xStreamBufferSpacesAvailable) for xStreamBufferSpacesAvailable
    stream_buffer.o(i.xStreamBufferNextMessageLengthBytes) refers to stream_buffer.o(i.prvBytesInBuffer) for prvBytesInBuffer
    stream_buffer.o(i.xStreamBufferNextMessageLengthBytes) refers to stream_buffer.o(i.prvReadBytesFromBuffer) for prvReadBytesFromBuffer
    stream_buffer.o(i.xStreamBufferReceive) refers to port.o(i.vPortEnterCritical) for vPortEnterCritical
    stream_buffer.o(i.xStreamBufferReceive) refers to stream_buffer.o(i.prvBytesInBuffer) for prvBytesInBuffer
    stream_buffer.o(i.xStreamBufferReceive) refers to tasks.o(i.xTaskNotifyStateClear) for xTaskNotifyStateClear
    stream_buffer.o(i.xStreamBufferReceive) refers to tasks.o(i.xTaskGetCurrentTaskHandle) for xTaskGetCurrentTaskHandle
    stream_buffer.o(i.xStreamBufferReceive) refers to port.o(i.vPortExitCritical) for vPortExitCritical
    stream_buffer.o(i.xStreamBufferReceive) refers to tasks.o(i.xTaskNotifyWait) for xTaskNotifyWait
    stream_buffer.o(i.xStreamBufferReceive) refers to stream_buffer.o(i.prvReadMessageFromBuffer) for prvReadMessageFromBuffer
    stream_buffer.o(i.xStreamBufferReceive) refers to tasks.o(i.vTaskSuspendAll) for vTaskSuspendAll
    stream_buffer.o(i.xStreamBufferReceive) refers to tasks.o(i.xTaskGenericNotify) for xTaskGenericNotify
    stream_buffer.o(i.xStreamBufferReceive) refers to tasks.o(i.xTaskResumeAll) for xTaskResumeAll
    stream_buffer.o(i.xStreamBufferReceiveCompletedFromISR) refers to tasks.o(i.xTaskGenericNotifyFromISR) for xTaskGenericNotifyFromISR
    stream_buffer.o(i.xStreamBufferReceiveFromISR) refers to stream_buffer.o(i.prvBytesInBuffer) for prvBytesInBuffer
    stream_buffer.o(i.xStreamBufferReceiveFromISR) refers to stream_buffer.o(i.prvReadMessageFromBuffer) for prvReadMessageFromBuffer
    stream_buffer.o(i.xStreamBufferReceiveFromISR) refers to tasks.o(i.xTaskGenericNotifyFromISR) for xTaskGenericNotifyFromISR
    stream_buffer.o(i.xStreamBufferReset) refers to port.o(i.vPortEnterCritical) for vPortEnterCritical
    stream_buffer.o(i.xStreamBufferReset) refers to stream_buffer.o(i.prvInitialiseNewStreamBuffer) for prvInitialiseNewStreamBuffer
    stream_buffer.o(i.xStreamBufferReset) refers to port.o(i.vPortExitCritical) for vPortExitCritical
    stream_buffer.o(i.xStreamBufferSend) refers to tasks.o(i.vTaskSetTimeOutState) for vTaskSetTimeOutState
    stream_buffer.o(i.xStreamBufferSend) refers to port.o(i.vPortEnterCritical) for vPortEnterCritical
    stream_buffer.o(i.xStreamBufferSend) refers to stream_buffer.o(i.xStreamBufferSpacesAvailable) for xStreamBufferSpacesAvailable
    stream_buffer.o(i.xStreamBufferSend) refers to tasks.o(i.xTaskNotifyStateClear) for xTaskNotifyStateClear
    stream_buffer.o(i.xStreamBufferSend) refers to tasks.o(i.xTaskGetCurrentTaskHandle) for xTaskGetCurrentTaskHandle
    stream_buffer.o(i.xStreamBufferSend) refers to port.o(i.vPortExitCritical) for vPortExitCritical
    stream_buffer.o(i.xStreamBufferSend) refers to tasks.o(i.xTaskNotifyWait) for xTaskNotifyWait
    stream_buffer.o(i.xStreamBufferSend) refers to tasks.o(i.xTaskCheckForTimeOut) for xTaskCheckForTimeOut
    stream_buffer.o(i.xStreamBufferSend) refers to stream_buffer.o(i.prvWriteMessageToBuffer) for prvWriteMessageToBuffer
    stream_buffer.o(i.xStreamBufferSend) refers to stream_buffer.o(i.prvBytesInBuffer) for prvBytesInBuffer
    stream_buffer.o(i.xStreamBufferSend) refers to tasks.o(i.vTaskSuspendAll) for vTaskSuspendAll
    stream_buffer.o(i.xStreamBufferSend) refers to tasks.o(i.xTaskGenericNotify) for xTaskGenericNotify
    stream_buffer.o(i.xStreamBufferSend) refers to tasks.o(i.xTaskResumeAll) for xTaskResumeAll
    stream_buffer.o(i.xStreamBufferSendCompletedFromISR) refers to tasks.o(i.xTaskGenericNotifyFromISR) for xTaskGenericNotifyFromISR
    stream_buffer.o(i.xStreamBufferSendFromISR) refers to stream_buffer.o(i.xStreamBufferSpacesAvailable) for xStreamBufferSpacesAvailable
    stream_buffer.o(i.xStreamBufferSendFromISR) refers to stream_buffer.o(i.prvWriteMessageToBuffer) for prvWriteMessageToBuffer
    stream_buffer.o(i.xStreamBufferSendFromISR) refers to stream_buffer.o(i.prvBytesInBuffer) for prvBytesInBuffer
    stream_buffer.o(i.xStreamBufferSendFromISR) refers to tasks.o(i.xTaskGenericNotifyFromISR) for xTaskGenericNotifyFromISR
    tasks.o(i.pcTaskGetName) refers to tasks.o(.data) for .data
    tasks.o(i.prvAddCurrentTaskToDelayedList) refers to list.o(i.uxListRemove) for uxListRemove
    tasks.o(i.prvAddCurrentTaskToDelayedList) refers to list.o(i.vListInsertEnd) for vListInsertEnd
    tasks.o(i.prvAddCurrentTaskToDelayedList) refers to list.o(i.vListInsert) for vListInsert
    tasks.o(i.prvAddCurrentTaskToDelayedList) refers to tasks.o(.data) for .data
    tasks.o(i.prvAddCurrentTaskToDelayedList) refers to tasks.o(.bss) for .bss
    tasks.o(i.prvAddNewTaskToReadyList) refers to port.o(i.vPortEnterCritical) for vPortEnterCritical
    tasks.o(i.prvAddNewTaskToReadyList) refers to list.o(i.vListInitialise) for vListInitialise
    tasks.o(i.prvAddNewTaskToReadyList) refers to list.o(i.vListInsertEnd) for vListInsertEnd
    tasks.o(i.prvAddNewTaskToReadyList) refers to port.o(i.vPortExitCritical) for vPortExitCritical
    tasks.o(i.prvAddNewTaskToReadyList) refers to tasks.o(.data) for .data
    tasks.o(i.prvAddNewTaskToReadyList) refers to tasks.o(.bss) for .bss
    tasks.o(i.prvDeleteTCB) refers to heap_4.o(i.vPortFree) for vPortFree
    tasks.o(i.prvIdleTask) refers to port.o(i.vPortEnterCritical) for vPortEnterCritical
    tasks.o(i.prvIdleTask) refers to list.o(i.uxListRemove) for uxListRemove
    tasks.o(i.prvIdleTask) refers to port.o(i.vPortExitCritical) for vPortExitCritical
    tasks.o(i.prvIdleTask) refers to tasks.o(i.prvDeleteTCB) for prvDeleteTCB
    tasks.o(i.prvIdleTask) refers to tasks.o(.bss) for .bss
    tasks.o(i.prvIdleTask) refers to tasks.o(.data) for .data
    tasks.o(i.prvInitialiseNewTask) refers to list.o(i.vListInitialiseItem) for vListInitialiseItem
    tasks.o(i.prvInitialiseNewTask) refers to port.o(i.pxPortInitialiseStack) for pxPortInitialiseStack
    tasks.o(i.prvResetNextTaskUnblockTime) refers to tasks.o(.data) for .data
    tasks.o(i.prvTaskIsTaskSuspended) refers to tasks.o(.bss) for .bss
    tasks.o(i.pvTaskIncrementMutexHeldCount) refers to tasks.o(.data) for .data
    tasks.o(i.ulTaskNotifyTake) refers to port.o(i.vPortEnterCritical) for vPortEnterCritical
    tasks.o(i.ulTaskNotifyTake) refers to tasks.o(i.prvAddCurrentTaskToDelayedList) for prvAddCurrentTaskToDelayedList
    tasks.o(i.ulTaskNotifyTake) refers to port.o(i.vPortExitCritical) for vPortExitCritical
    tasks.o(i.ulTaskNotifyTake) refers to tasks.o(.data) for .data
    tasks.o(i.ulTaskNotifyValueClear) refers to port.o(i.vPortEnterCritical) for vPortEnterCritical
    tasks.o(i.ulTaskNotifyValueClear) refers to port.o(i.vPortExitCritical) for vPortExitCritical
    tasks.o(i.ulTaskNotifyValueClear) refers to tasks.o(.data) for .data
    tasks.o(i.uxTaskGetNumberOfTasks) refers to tasks.o(.data) for .data
    tasks.o(i.uxTaskPriorityGet) refers to port.o(i.vPortEnterCritical) for vPortEnterCritical
    tasks.o(i.uxTaskPriorityGet) refers to port.o(i.vPortExitCritical) for vPortExitCritical
    tasks.o(i.uxTaskPriorityGet) refers to tasks.o(.data) for .data
    tasks.o(i.uxTaskPriorityGetFromISR) refers to port.o(i.vPortValidateInterruptPriority) for vPortValidateInterruptPriority
    tasks.o(i.uxTaskPriorityGetFromISR) refers to tasks.o(.data) for .data
    tasks.o(i.uxTaskResetEventItemValue) refers to tasks.o(.data) for .data
    tasks.o(i.vTaskDelay) refers to tasks.o(i.vTaskSuspendAll) for vTaskSuspendAll
    tasks.o(i.vTaskDelay) refers to tasks.o(i.prvAddCurrentTaskToDelayedList) for prvAddCurrentTaskToDelayedList
    tasks.o(i.vTaskDelay) refers to tasks.o(i.xTaskResumeAll) for xTaskResumeAll
    tasks.o(i.vTaskDelay) refers to tasks.o(.data) for .data
    tasks.o(i.vTaskDelete) refers to port.o(i.vPortEnterCritical) for vPortEnterCritical
    tasks.o(i.vTaskDelete) refers to list.o(i.uxListRemove) for uxListRemove
    tasks.o(i.vTaskDelete) refers to list.o(i.vListInsertEnd) for vListInsertEnd
    tasks.o(i.vTaskDelete) refers to tasks.o(i.prvDeleteTCB) for prvDeleteTCB
    tasks.o(i.vTaskDelete) refers to tasks.o(i.prvResetNextTaskUnblockTime) for prvResetNextTaskUnblockTime
    tasks.o(i.vTaskDelete) refers to port.o(i.vPortExitCritical) for vPortExitCritical
    tasks.o(i.vTaskDelete) refers to tasks.o(.data) for .data
    tasks.o(i.vTaskDelete) refers to tasks.o(.bss) for .bss
    tasks.o(i.vTaskEndScheduler) refers to port.o(i.vPortEndScheduler) for vPortEndScheduler
    tasks.o(i.vTaskEndScheduler) refers to tasks.o(.data) for .data
    tasks.o(i.vTaskInternalSetTimeOutState) refers to tasks.o(.data) for .data
    tasks.o(i.vTaskMissedYield) refers to tasks.o(.data) for .data
    tasks.o(i.vTaskNotifyGiveFromISR) refers to port.o(i.vPortValidateInterruptPriority) for vPortValidateInterruptPriority
    tasks.o(i.vTaskNotifyGiveFromISR) refers to list.o(i.vListInsertEnd) for vListInsertEnd
    tasks.o(i.vTaskNotifyGiveFromISR) refers to list.o(i.uxListRemove) for uxListRemove
    tasks.o(i.vTaskNotifyGiveFromISR) refers to tasks.o(.data) for .data
    tasks.o(i.vTaskNotifyGiveFromISR) refers to tasks.o(.bss) for .bss
    tasks.o(i.vTaskPlaceOnEventList) refers to list.o(i.vListInsert) for vListInsert
    tasks.o(i.vTaskPlaceOnEventList) refers to tasks.o(i.prvAddCurrentTaskToDelayedList) for prvAddCurrentTaskToDelayedList
    tasks.o(i.vTaskPlaceOnEventList) refers to tasks.o(.data) for .data
    tasks.o(i.vTaskPlaceOnUnorderedEventList) refers to list.o(i.vListInsertEnd) for vListInsertEnd
    tasks.o(i.vTaskPlaceOnUnorderedEventList) refers to tasks.o(i.prvAddCurrentTaskToDelayedList) for prvAddCurrentTaskToDelayedList
    tasks.o(i.vTaskPlaceOnUnorderedEventList) refers to tasks.o(.data) for .data
    tasks.o(i.vTaskPriorityDisinheritAfterTimeout) refers to list.o(i.uxListRemove) for uxListRemove
    tasks.o(i.vTaskPriorityDisinheritAfterTimeout) refers to list.o(i.vListInsertEnd) for vListInsertEnd
    tasks.o(i.vTaskPriorityDisinheritAfterTimeout) refers to tasks.o(.data) for .data
    tasks.o(i.vTaskPriorityDisinheritAfterTimeout) refers to tasks.o(.bss) for .bss
    tasks.o(i.vTaskPrioritySet) refers to port.o(i.vPortEnterCritical) for vPortEnterCritical
    tasks.o(i.vTaskPrioritySet) refers to list.o(i.uxListRemove) for uxListRemove
    tasks.o(i.vTaskPrioritySet) refers to list.o(i.vListInsertEnd) for vListInsertEnd
    tasks.o(i.vTaskPrioritySet) refers to port.o(i.vPortExitCritical) for vPortExitCritical
    tasks.o(i.vTaskPrioritySet) refers to tasks.o(.data) for .data
    tasks.o(i.vTaskPrioritySet) refers to tasks.o(.bss) for .bss
    tasks.o(i.vTaskRemoveFromUnorderedEventList) refers to list.o(i.uxListRemove) for uxListRemove
    tasks.o(i.vTaskRemoveFromUnorderedEventList) refers to list.o(i.vListInsertEnd) for vListInsertEnd
    tasks.o(i.vTaskRemoveFromUnorderedEventList) refers to tasks.o(.data) for .data
    tasks.o(i.vTaskRemoveFromUnorderedEventList) refers to tasks.o(.bss) for .bss
    tasks.o(i.vTaskResume) refers to port.o(i.vPortEnterCritical) for vPortEnterCritical
    tasks.o(i.vTaskResume) refers to tasks.o(i.prvTaskIsTaskSuspended) for prvTaskIsTaskSuspended
    tasks.o(i.vTaskResume) refers to list.o(i.uxListRemove) for uxListRemove
    tasks.o(i.vTaskResume) refers to list.o(i.vListInsertEnd) for vListInsertEnd
    tasks.o(i.vTaskResume) refers to port.o(i.vPortExitCritical) for vPortExitCritical
    tasks.o(i.vTaskResume) refers to tasks.o(.data) for .data
    tasks.o(i.vTaskResume) refers to tasks.o(.bss) for .bss
    tasks.o(i.vTaskSetTimeOutState) refers to port.o(i.vPortEnterCritical) for vPortEnterCritical
    tasks.o(i.vTaskSetTimeOutState) refers to port.o(i.vPortExitCritical) for vPortExitCritical
    tasks.o(i.vTaskSetTimeOutState) refers to tasks.o(.data) for .data
    tasks.o(i.vTaskStartScheduler) refers to freertos.o(i.vApplicationGetIdleTaskMemory) for vApplicationGetIdleTaskMemory
    tasks.o(i.vTaskStartScheduler) refers to tasks.o(i.xTaskCreateStatic) for xTaskCreateStatic
    tasks.o(i.vTaskStartScheduler) refers to port.o(i.xPortStartScheduler) for xPortStartScheduler
    tasks.o(i.vTaskStartScheduler) refers to tasks.o(i.prvIdleTask) for prvIdleTask
    tasks.o(i.vTaskStartScheduler) refers to tasks.o(.data) for .data
    tasks.o(i.vTaskSuspend) refers to port.o(i.vPortEnterCritical) for vPortEnterCritical
    tasks.o(i.vTaskSuspend) refers to list.o(i.uxListRemove) for uxListRemove
    tasks.o(i.vTaskSuspend) refers to list.o(i.vListInsertEnd) for vListInsertEnd
    tasks.o(i.vTaskSuspend) refers to port.o(i.vPortExitCritical) for vPortExitCritical
    tasks.o(i.vTaskSuspend) refers to tasks.o(i.prvResetNextTaskUnblockTime) for prvResetNextTaskUnblockTime
    tasks.o(i.vTaskSuspend) refers to tasks.o(i.vTaskSwitchContext) for vTaskSwitchContext
    tasks.o(i.vTaskSuspend) refers to tasks.o(.data) for .data
    tasks.o(i.vTaskSuspend) refers to tasks.o(.bss) for .bss
    tasks.o(i.vTaskSuspendAll) refers to tasks.o(.data) for .data
    tasks.o(i.vTaskSwitchContext) refers to tasks.o(.data) for .data
    tasks.o(i.vTaskSwitchContext) refers to tasks.o(.bss) for .bss
    tasks.o(i.xTaskCatchUpTicks) refers to tasks.o(i.vTaskSuspendAll) for vTaskSuspendAll
    tasks.o(i.xTaskCatchUpTicks) refers to tasks.o(i.xTaskResumeAll) for xTaskResumeAll
    tasks.o(i.xTaskCatchUpTicks) refers to tasks.o(.data) for .data
    tasks.o(i.xTaskCheckForTimeOut) refers to port.o(i.vPortEnterCritical) for vPortEnterCritical
    tasks.o(i.xTaskCheckForTimeOut) refers to port.o(i.vPortExitCritical) for vPortExitCritical
    tasks.o(i.xTaskCheckForTimeOut) refers to tasks.o(i.vTaskInternalSetTimeOutState) for vTaskInternalSetTimeOutState
    tasks.o(i.xTaskCheckForTimeOut) refers to tasks.o(.data) for .data
    tasks.o(i.xTaskCreate) refers to heap_4.o(i.pvPortMalloc) for pvPortMalloc
    tasks.o(i.xTaskCreate) refers to tasks.o(i.prvInitialiseNewTask) for prvInitialiseNewTask
    tasks.o(i.xTaskCreate) refers to tasks.o(i.prvAddNewTaskToReadyList) for prvAddNewTaskToReadyList
    tasks.o(i.xTaskCreate) refers to heap_4.o(i.vPortFree) for vPortFree
    tasks.o(i.xTaskCreateStatic) refers to tasks.o(i.prvInitialiseNewTask) for prvInitialiseNewTask
    tasks.o(i.xTaskCreateStatic) refers to tasks.o(i.prvAddNewTaskToReadyList) for prvAddNewTaskToReadyList
    tasks.o(i.xTaskGenericNotify) refers to port.o(i.vPortEnterCritical) for vPortEnterCritical
    tasks.o(i.xTaskGenericNotify) refers to list.o(i.uxListRemove) for uxListRemove
    tasks.o(i.xTaskGenericNotify) refers to list.o(i.vListInsertEnd) for vListInsertEnd
    tasks.o(i.xTaskGenericNotify) refers to port.o(i.vPortExitCritical) for vPortExitCritical
    tasks.o(i.xTaskGenericNotify) refers to tasks.o(.data) for .data
    tasks.o(i.xTaskGenericNotify) refers to tasks.o(.bss) for .bss
    tasks.o(i.xTaskGenericNotifyFromISR) refers to port.o(i.vPortValidateInterruptPriority) for vPortValidateInterruptPriority
    tasks.o(i.xTaskGenericNotifyFromISR) refers to list.o(i.vListInsertEnd) for vListInsertEnd
    tasks.o(i.xTaskGenericNotifyFromISR) refers to list.o(i.uxListRemove) for uxListRemove
    tasks.o(i.xTaskGenericNotifyFromISR) refers to tasks.o(.data) for .data
    tasks.o(i.xTaskGenericNotifyFromISR) refers to tasks.o(.bss) for .bss
    tasks.o(i.xTaskGetCurrentTaskHandle) refers to tasks.o(.data) for .data
    tasks.o(i.xTaskGetSchedulerState) refers to tasks.o(.data) for .data
    tasks.o(i.xTaskGetTickCount) refers to tasks.o(.data) for .data
    tasks.o(i.xTaskGetTickCountFromISR) refers to port.o(i.vPortValidateInterruptPriority) for vPortValidateInterruptPriority
    tasks.o(i.xTaskGetTickCountFromISR) refers to tasks.o(.data) for .data
    tasks.o(i.xTaskIncrementTick) refers to tasks.o(i.prvResetNextTaskUnblockTime) for prvResetNextTaskUnblockTime
    tasks.o(i.xTaskIncrementTick) refers to list.o(i.uxListRemove) for uxListRemove
    tasks.o(i.xTaskIncrementTick) refers to list.o(i.vListInsertEnd) for vListInsertEnd
    tasks.o(i.xTaskIncrementTick) refers to tasks.o(.data) for .data
    tasks.o(i.xTaskIncrementTick) refers to tasks.o(.bss) for .bss
    tasks.o(i.xTaskNotifyStateClear) refers to port.o(i.vPortEnterCritical) for vPortEnterCritical
    tasks.o(i.xTaskNotifyStateClear) refers to port.o(i.vPortExitCritical) for vPortExitCritical
    tasks.o(i.xTaskNotifyStateClear) refers to tasks.o(.data) for .data
    tasks.o(i.xTaskNotifyWait) refers to port.o(i.vPortEnterCritical) for vPortEnterCritical
    tasks.o(i.xTaskNotifyWait) refers to tasks.o(i.prvAddCurrentTaskToDelayedList) for prvAddCurrentTaskToDelayedList
    tasks.o(i.xTaskNotifyWait) refers to port.o(i.vPortExitCritical) for vPortExitCritical
    tasks.o(i.xTaskNotifyWait) refers to tasks.o(.data) for .data
    tasks.o(i.xTaskPriorityDisinherit) refers to list.o(i.uxListRemove) for uxListRemove
    tasks.o(i.xTaskPriorityDisinherit) refers to list.o(i.vListInsertEnd) for vListInsertEnd
    tasks.o(i.xTaskPriorityDisinherit) refers to tasks.o(.data) for .data
    tasks.o(i.xTaskPriorityDisinherit) refers to tasks.o(.bss) for .bss
    tasks.o(i.xTaskPriorityInherit) refers to list.o(i.uxListRemove) for uxListRemove
    tasks.o(i.xTaskPriorityInherit) refers to list.o(i.vListInsertEnd) for vListInsertEnd
    tasks.o(i.xTaskPriorityInherit) refers to tasks.o(.data) for .data
    tasks.o(i.xTaskPriorityInherit) refers to tasks.o(.bss) for .bss
    tasks.o(i.xTaskRemoveFromEventList) refers to list.o(i.uxListRemove) for uxListRemove
    tasks.o(i.xTaskRemoveFromEventList) refers to list.o(i.vListInsertEnd) for vListInsertEnd
    tasks.o(i.xTaskRemoveFromEventList) refers to tasks.o(.data) for .data
    tasks.o(i.xTaskRemoveFromEventList) refers to tasks.o(.bss) for .bss
    tasks.o(i.xTaskResumeAll) refers to port.o(i.vPortEnterCritical) for vPortEnterCritical
    tasks.o(i.xTaskResumeAll) refers to list.o(i.uxListRemove) for uxListRemove
    tasks.o(i.xTaskResumeAll) refers to list.o(i.vListInsertEnd) for vListInsertEnd
    tasks.o(i.xTaskResumeAll) refers to tasks.o(i.prvResetNextTaskUnblockTime) for prvResetNextTaskUnblockTime
    tasks.o(i.xTaskResumeAll) refers to tasks.o(i.xTaskIncrementTick) for xTaskIncrementTick
    tasks.o(i.xTaskResumeAll) refers to port.o(i.vPortExitCritical) for vPortExitCritical
    tasks.o(i.xTaskResumeAll) refers to tasks.o(.data) for .data
    tasks.o(i.xTaskResumeAll) refers to tasks.o(.bss) for .bss
    tasks.o(i.xTaskResumeFromISR) refers to port.o(i.vPortValidateInterruptPriority) for vPortValidateInterruptPriority
    tasks.o(i.xTaskResumeFromISR) refers to tasks.o(i.prvTaskIsTaskSuspended) for prvTaskIsTaskSuspended
    tasks.o(i.xTaskResumeFromISR) refers to list.o(i.uxListRemove) for uxListRemove
    tasks.o(i.xTaskResumeFromISR) refers to list.o(i.vListInsertEnd) for vListInsertEnd
    tasks.o(i.xTaskResumeFromISR) refers to tasks.o(.data) for .data
    tasks.o(i.xTaskResumeFromISR) refers to tasks.o(.bss) for .bss
    cmsis_os.o(i.osDelay) refers to tasks.o(i.vTaskDelay) for vTaskDelay
    cmsis_os.o(i.osKernelRunning) refers to tasks.o(i.xTaskGetSchedulerState) for xTaskGetSchedulerState
    cmsis_os.o(i.osKernelStart) refers to tasks.o(i.vTaskStartScheduler) for vTaskStartScheduler
    cmsis_os.o(i.osKernelSysTick) refers to cmsis_os.o(i.inHandlerMode) for inHandlerMode
    cmsis_os.o(i.osKernelSysTick) refers to tasks.o(i.xTaskGetTickCountFromISR) for xTaskGetTickCountFromISR
    cmsis_os.o(i.osKernelSysTick) refers to tasks.o(i.xTaskGetTickCount) for xTaskGetTickCount
    cmsis_os.o(i.osMailAlloc) refers to cmsis_os.o(i.osPoolAlloc) for osPoolAlloc
    cmsis_os.o(i.osMailCAlloc) refers to cmsis_os.o(i.osMailAlloc) for osMailAlloc
    cmsis_os.o(i.osMailCreate) refers to heap_4.o(i.pvPortMalloc) for pvPortMalloc
    cmsis_os.o(i.osMailCreate) refers to queue.o(i.xQueueGenericCreate) for xQueueGenericCreate
    cmsis_os.o(i.osMailCreate) refers to cmsis_os.o(i.osPoolCreate) for osPoolCreate
    cmsis_os.o(i.osMailCreate) refers to heap_4.o(i.vPortFree) for vPortFree
    cmsis_os.o(i.osMailFree) refers to cmsis_os.o(i.osPoolFree) for osPoolFree
    cmsis_os.o(i.osMailGet) refers to cmsis_os.o(i.inHandlerMode) for inHandlerMode
    cmsis_os.o(i.osMailGet) refers to queue.o(i.xQueueReceiveFromISR) for xQueueReceiveFromISR
    cmsis_os.o(i.osMailGet) refers to queue.o(i.xQueueReceive) for xQueueReceive
    cmsis_os.o(i.osMailPut) refers to cmsis_os.o(i.inHandlerMode) for inHandlerMode
    cmsis_os.o(i.osMailPut) refers to queue.o(i.xQueueGenericSendFromISR) for xQueueGenericSendFromISR
    cmsis_os.o(i.osMailPut) refers to queue.o(i.xQueueGenericSend) for xQueueGenericSend
    cmsis_os.o(i.osMessageAvailableSpace) refers to queue.o(i.uxQueueSpacesAvailable) for uxQueueSpacesAvailable
    cmsis_os.o(i.osMessageCreate) refers to queue.o(i.xQueueGenericCreateStatic) for xQueueGenericCreateStatic
    cmsis_os.o(i.osMessageCreate) refers to queue.o(i.xQueueGenericCreate) for xQueueGenericCreate
    cmsis_os.o(i.osMessageDelete) refers to cmsis_os.o(i.inHandlerMode) for inHandlerMode
    cmsis_os.o(i.osMessageDelete) refers to queue.o(i.vQueueDelete) for vQueueDelete
    cmsis_os.o(i.osMessageGet) refers to cmsis_os.o(i.inHandlerMode) for inHandlerMode
    cmsis_os.o(i.osMessageGet) refers to queue.o(i.xQueueReceiveFromISR) for xQueueReceiveFromISR
    cmsis_os.o(i.osMessageGet) refers to queue.o(i.xQueueReceive) for xQueueReceive
    cmsis_os.o(i.osMessagePeek) refers to queue.o(i.xQueuePeek) for xQueuePeek
    cmsis_os.o(i.osMessagePut) refers to cmsis_os.o(i.inHandlerMode) for inHandlerMode
    cmsis_os.o(i.osMessagePut) refers to queue.o(i.xQueueGenericSendFromISR) for xQueueGenericSendFromISR
    cmsis_os.o(i.osMessagePut) refers to queue.o(i.xQueueGenericSend) for xQueueGenericSend
    cmsis_os.o(i.osMessageWaiting) refers to cmsis_os.o(i.inHandlerMode) for inHandlerMode
    cmsis_os.o(i.osMessageWaiting) refers to queue.o(i.uxQueueMessagesWaitingFromISR) for uxQueueMessagesWaitingFromISR
    cmsis_os.o(i.osMessageWaiting) refers to queue.o(i.uxQueueMessagesWaiting) for uxQueueMessagesWaiting
    cmsis_os.o(i.osMutexCreate) refers to queue.o(i.xQueueCreateMutexStatic) for xQueueCreateMutexStatic
    cmsis_os.o(i.osMutexCreate) refers to queue.o(i.xQueueCreateMutex) for xQueueCreateMutex
    cmsis_os.o(i.osMutexDelete) refers to cmsis_os.o(i.inHandlerMode) for inHandlerMode
    cmsis_os.o(i.osMutexDelete) refers to queue.o(i.vQueueDelete) for vQueueDelete
    cmsis_os.o(i.osMutexRelease) refers to cmsis_os.o(i.inHandlerMode) for inHandlerMode
    cmsis_os.o(i.osMutexRelease) refers to queue.o(i.xQueueGiveFromISR) for xQueueGiveFromISR
    cmsis_os.o(i.osMutexRelease) refers to queue.o(i.xQueueGenericSend) for xQueueGenericSend
    cmsis_os.o(i.osMutexWait) refers to cmsis_os.o(i.inHandlerMode) for inHandlerMode
    cmsis_os.o(i.osMutexWait) refers to queue.o(i.xQueueReceiveFromISR) for xQueueReceiveFromISR
    cmsis_os.o(i.osMutexWait) refers to queue.o(i.xQueueSemaphoreTake) for xQueueSemaphoreTake
    cmsis_os.o(i.osPoolAlloc) refers to cmsis_os.o(i.inHandlerMode) for inHandlerMode
    cmsis_os.o(i.osPoolAlloc) refers to port.o(i.vPortEnterCritical) for vPortEnterCritical
    cmsis_os.o(i.osPoolAlloc) refers to port.o(i.vPortExitCritical) for vPortExitCritical
    cmsis_os.o(i.osPoolCAlloc) refers to cmsis_os.o(i.osPoolAlloc) for osPoolAlloc
    cmsis_os.o(i.osPoolCreate) refers to heap_4.o(i.pvPortMalloc) for pvPortMalloc
    cmsis_os.o(i.osPoolCreate) refers to heap_4.o(i.vPortFree) for vPortFree
    cmsis_os.o(i.osSemaphoreCreate) refers to queue.o(i.xQueueGenericCreateStatic) for xQueueGenericCreateStatic
    cmsis_os.o(i.osSemaphoreCreate) refers to queue.o(i.xQueueGenericCreate) for xQueueGenericCreate
    cmsis_os.o(i.osSemaphoreCreate) refers to queue.o(i.xQueueGenericSend) for xQueueGenericSend
    cmsis_os.o(i.osSemaphoreDelete) refers to cmsis_os.o(i.inHandlerMode) for inHandlerMode
    cmsis_os.o(i.osSemaphoreDelete) refers to queue.o(i.vQueueDelete) for vQueueDelete
    cmsis_os.o(i.osSemaphoreGetCount) refers to queue.o(i.uxQueueMessagesWaiting) for uxQueueMessagesWaiting
    cmsis_os.o(i.osSemaphoreRelease) refers to cmsis_os.o(i.inHandlerMode) for inHandlerMode
    cmsis_os.o(i.osSemaphoreRelease) refers to queue.o(i.xQueueGiveFromISR) for xQueueGiveFromISR
    cmsis_os.o(i.osSemaphoreRelease) refers to queue.o(i.xQueueGenericSend) for xQueueGenericSend
    cmsis_os.o(i.osSemaphoreWait) refers to cmsis_os.o(i.inHandlerMode) for inHandlerMode
    cmsis_os.o(i.osSemaphoreWait) refers to queue.o(i.xQueueReceiveFromISR) for xQueueReceiveFromISR
    cmsis_os.o(i.osSemaphoreWait) refers to queue.o(i.xQueueSemaphoreTake) for xQueueSemaphoreTake
    cmsis_os.o(i.osSignalSet) refers to cmsis_os.o(i.inHandlerMode) for inHandlerMode
    cmsis_os.o(i.osSignalSet) refers to tasks.o(i.xTaskGenericNotifyFromISR) for xTaskGenericNotifyFromISR
    cmsis_os.o(i.osSignalSet) refers to tasks.o(i.xTaskGenericNotify) for xTaskGenericNotify
    cmsis_os.o(i.osSignalWait) refers to cmsis_os.o(i.inHandlerMode) for inHandlerMode
    cmsis_os.o(i.osSignalWait) refers to tasks.o(i.xTaskNotifyWait) for xTaskNotifyWait
    cmsis_os.o(i.osSystickHandler) refers to tasks.o(i.xTaskGetSchedulerState) for xTaskGetSchedulerState
    cmsis_os.o(i.osSystickHandler) refers to port.o(i.SysTick_Handler) for SysTick_Handler
    cmsis_os.o(i.osThreadCreate) refers to cmsis_os.o(i.makeFreeRtosPriority) for makeFreeRtosPriority
    cmsis_os.o(i.osThreadCreate) refers to tasks.o(i.xTaskCreateStatic) for xTaskCreateStatic
    cmsis_os.o(i.osThreadCreate) refers to tasks.o(i.xTaskCreate) for xTaskCreate
    cmsis_os.o(i.osThreadGetId) refers to tasks.o(i.xTaskGetCurrentTaskHandle) for xTaskGetCurrentTaskHandle
    cmsis_os.o(i.osThreadGetPriority) refers to cmsis_os.o(i.inHandlerMode) for inHandlerMode
    cmsis_os.o(i.osThreadGetPriority) refers to tasks.o(i.uxTaskPriorityGetFromISR) for uxTaskPriorityGetFromISR
    cmsis_os.o(i.osThreadGetPriority) refers to tasks.o(i.uxTaskPriorityGet) for uxTaskPriorityGet
    cmsis_os.o(i.osThreadGetPriority) refers to cmsis_os.o(i.makeCmsisPriority) for makeCmsisPriority
    cmsis_os.o(i.osThreadResume) refers to cmsis_os.o(i.inHandlerMode) for inHandlerMode
    cmsis_os.o(i.osThreadResume) refers to tasks.o(i.xTaskResumeFromISR) for xTaskResumeFromISR
    cmsis_os.o(i.osThreadResume) refers to tasks.o(i.vTaskResume) for vTaskResume
    cmsis_os.o(i.osThreadResumeAll) refers to tasks.o(i.xTaskResumeAll) for xTaskResumeAll
    cmsis_os.o(i.osThreadSetPriority) refers to cmsis_os.o(i.makeFreeRtosPriority) for makeFreeRtosPriority
    cmsis_os.o(i.osThreadSetPriority) refers to tasks.o(i.vTaskPrioritySet) for vTaskPrioritySet
    cmsis_os.o(i.osThreadSuspend) refers to tasks.o(i.vTaskSuspend) for vTaskSuspend
    cmsis_os.o(i.osThreadSuspendAll) refers to tasks.o(i.vTaskSuspendAll) for vTaskSuspendAll
    cmsis_os.o(i.osThreadTerminate) refers to tasks.o(i.vTaskDelete) for vTaskDelete
    heap_4.o(i.prvHeapInit) refers to heap_4.o(.bss) for .bss
    heap_4.o(i.prvHeapInit) refers to heap_4.o(.data) for .data
    heap_4.o(i.prvInsertBlockIntoFreeList) refers to heap_4.o(.data) for .data
    heap_4.o(i.pvPortMalloc) refers to tasks.o(i.vTaskSuspendAll) for vTaskSuspendAll
    heap_4.o(i.pvPortMalloc) refers to heap_4.o(i.prvHeapInit) for prvHeapInit
    heap_4.o(i.pvPortMalloc) refers to heap_4.o(i.prvInsertBlockIntoFreeList) for prvInsertBlockIntoFreeList
    heap_4.o(i.pvPortMalloc) refers to tasks.o(i.xTaskResumeAll) for xTaskResumeAll
    heap_4.o(i.pvPortMalloc) refers to heap_4.o(.data) for .data
    heap_4.o(i.vPortFree) refers to tasks.o(i.vTaskSuspendAll) for vTaskSuspendAll
    heap_4.o(i.vPortFree) refers to heap_4.o(i.prvInsertBlockIntoFreeList) for prvInsertBlockIntoFreeList
    heap_4.o(i.vPortFree) refers to tasks.o(i.xTaskResumeAll) for xTaskResumeAll
    heap_4.o(i.vPortFree) refers to heap_4.o(.data) for .data
    heap_4.o(i.vPortGetHeapStats) refers to tasks.o(i.vTaskSuspendAll) for vTaskSuspendAll
    heap_4.o(i.vPortGetHeapStats) refers to tasks.o(i.xTaskResumeAll) for xTaskResumeAll
    heap_4.o(i.vPortGetHeapStats) refers to port.o(i.vPortEnterCritical) for vPortEnterCritical
    heap_4.o(i.vPortGetHeapStats) refers to port.o(i.vPortExitCritical) for vPortExitCritical
    heap_4.o(i.vPortGetHeapStats) refers to heap_4.o(.data) for .data
    heap_4.o(i.xPortGetFreeHeapSize) refers to heap_4.o(.data) for .data
    heap_4.o(i.xPortGetMinimumEverFreeHeapSize) refers to heap_4.o(.data) for .data
    port.o(.emb_text) refers to tasks.o(i.vTaskSwitchContext) for vTaskSwitchContext
    port.o(.emb_text) refers to tasks.o(.data) for pxCurrentTCB
    port.o(i.SysTick_Handler) refers to tasks.o(i.xTaskIncrementTick) for xTaskIncrementTick
    port.o(i.prvTaskExitError) refers to port.o(.data) for .data
    port.o(i.pxPortInitialiseStack) refers to port.o(i.prvTaskExitError) for prvTaskExitError
    port.o(i.vPortEndScheduler) refers to port.o(.data) for .data
    port.o(i.vPortEnterCritical) refers to port.o(.data) for .data
    port.o(i.vPortExitCritical) refers to port.o(.data) for .data
    port.o(i.vPortSetupTimerInterrupt) refers to system_stm32f4xx.o(.data) for SystemCoreClock
    port.o(i.vPortValidateInterruptPriority) refers to port.o(.emb_text) for vPortGetIPSR
    port.o(i.vPortValidateInterruptPriority) refers to port.o(.data) for .data
    port.o(i.xPortStartScheduler) refers to port.o(i.vPortSetupTimerInterrupt) for vPortSetupTimerInterrupt
    port.o(i.xPortStartScheduler) refers to port.o(.emb_text) for __asm___6_port_c_39a90d8d__prvEnableVFP
    port.o(i.xPortStartScheduler) refers to port.o(.data) for .data
    drv_can.o(i.CAN1_Init) refers to stm32f4xx_hal_can.o(i.HAL_CAN_ConfigFilter) for HAL_CAN_ConfigFilter
    drv_can.o(i.CAN1_Init) refers to stm32f4xx_hal_can.o(i.HAL_CAN_ActivateNotification) for HAL_CAN_ActivateNotification
    drv_can.o(i.CAN1_Init) refers to stm32f4xx_hal_can.o(i.HAL_CAN_Start) for HAL_CAN_Start
    drv_can.o(i.CAN1_Init) refers to can.o(.bss) for hcan1
    drv_can.o(i.CAN2_Init) refers to stm32f4xx_hal_can.o(i.HAL_CAN_ConfigFilter) for HAL_CAN_ConfigFilter
    drv_can.o(i.CAN2_Init) refers to stm32f4xx_hal_can.o(i.HAL_CAN_ActivateNotification) for HAL_CAN_ActivateNotification
    drv_can.o(i.CAN2_Init) refers to stm32f4xx_hal_can.o(i.HAL_CAN_Start) for HAL_CAN_Start
    drv_can.o(i.CAN2_Init) refers to can.o(.bss) for hcan2
    drv_can.o(i.HAL_CAN_RxFifo0MsgPendingCallback) refers to stm32f4xx_hal_can.o(i.HAL_CAN_GetRxMessage) for HAL_CAN_GetRxMessage
    drv_can.o(i.HAL_CAN_RxFifo0MsgPendingCallback) refers to drv_can.o(i.uint_to_float) for uint_to_float
    drv_can.o(i.HAL_CAN_RxFifo0MsgPendingCallback) refers to stm32f4xx_hal_can.o(i.HAL_CAN_ActivateNotification) for HAL_CAN_ActivateNotification
    drv_can.o(i.HAL_CAN_RxFifo0MsgPendingCallback) refers to drv_can.o(.bss) for .bss
    drv_can.o(i.HAL_CAN_RxFifo0MsgPendingCallback) refers to drv_can.o(.data) for .data
    drv_usart.o(i.DMAEx_MultiBufferStart_NoIT) refers to drv_usart.o(i.dma_m0_rxcplt_callback) for dma_m0_rxcplt_callback
    drv_usart.o(i.DMAEx_MultiBufferStart_NoIT) refers to drv_usart.o(i.dma_m1_rxcplt_callback) for dma_m1_rxcplt_callback
    drv_usart.o(i.DRV_USART3_IRQHandler) refers to drv_usart.o(i.uart_rx_idle_callback) for uart_rx_idle_callback
    drv_usart.o(i.DRV_USART6_IRQHandler) refers to drv_usart.o(i.uart_rx_idle_callback) for uart_rx_idle_callback
    drv_usart.o(i.USART3_Init) refers to drv_usart.o(i.DMAEx_MultiBufferStart_NoIT) for DMAEx_MultiBufferStart_NoIT
    drv_usart.o(i.USART3_Init) refers to usart.o(.bss) for huart3
    drv_usart.o(i.USART3_Init) refers to drv_usart.o(.bss) for .bss
    drv_usart.o(i.USART6_Init) refers to drv_usart.o(i.DMAEx_MultiBufferStart_NoIT) for DMAEx_MultiBufferStart_NoIT
    drv_usart.o(i.USART6_Init) refers to usart.o(.bss) for huart6
    drv_usart.o(i.USART6_Init) refers to drv_usart.o(.bss) for .bss
    drv_usart.o(i.dma_m0_rxcplt_callback) refers to rc_potocal.o(i.USART3_rxDataHandler) for USART3_rxDataHandler
    drv_usart.o(i.dma_m0_rxcplt_callback) refers to judge.o(i.JUDGE_Receive) for JUDGE_Receive
    drv_usart.o(i.dma_m0_rxcplt_callback) refers to usart.o(.bss) for huart3
    drv_usart.o(i.dma_m0_rxcplt_callback) refers to drv_usart.o(.bss) for .bss
    drv_usart.o(i.dma_m0_rxcplt_callback) refers to drv_usart.o(.data) for .data
    drv_usart.o(i.dma_m1_rxcplt_callback) refers to rc_potocal.o(i.USART3_rxDataHandler) for USART3_rxDataHandler
    drv_usart.o(i.dma_m1_rxcplt_callback) refers to judge.o(i.JUDGE_Receive) for JUDGE_Receive
    drv_usart.o(i.dma_m1_rxcplt_callback) refers to usart.o(.bss) for huart3
    drv_usart.o(i.dma_m1_rxcplt_callback) refers to drv_usart.o(.bss) for .bss
    drv_usart.o(i.dma_m1_rxcplt_callback) refers to drv_usart.o(.data) for .data
    drv_usart.o(i.uart_rx_idle_callback) refers to usart.o(.bss) for huart3
    drv_usart.o(i.uart_rx_idle_callback) refers to drv_usart.o(.data) for .data
    drv_as5600.o(i.Programe_Run) refers to drv_as5600.o(i.detectMagnet) for detectMagnet
    drv_as5600.o(i.Programe_Run) refers to drv_as5600.o(i.readTwoBytes) for readTwoBytes
    drv_as5600.o(i.Programe_Run) refers to drv_as5600.o(.data) for .data
    drv_as5600.o(i.detectMagnet) refers to drv_as5600.o(i.readOneByte) for readOneByte
    drv_as5600.o(i.detectMagnet) refers to drv_as5600.o(.data) for .data
    drv_as5600.o(i.readOneByte) refers to stm32f4xx_hal_i2c.o(i.HAL_I2C_Mem_Read) for HAL_I2C_Mem_Read
    drv_as5600.o(i.readOneByte) refers to i2c.o(.bss) for hi2c2
    drv_as5600.o(i.readTwoBytes) refers to drv_as5600.o(i.readOneByte) for readOneByte
    judge.o(i.JUDGE_Receive) refers to crc.o(i.Verify_CRC8_Check_Sum) for Verify_CRC8_Check_Sum
    judge.o(i.JUDGE_Receive) refers to crc.o(i.Verify_CRC16_Check_Sum) for Verify_CRC16_Check_Sum
    judge.o(i.JUDGE_Receive) refers to rt_memcpy_v6.o(.text) for __aeabi_memcpy
    judge.o(i.JUDGE_Receive) refers to judge.o(i.Update_data) for Update_data
    judge.o(i.JUDGE_Receive) refers to judge.o(.bss) for .bss
    judge.o(i.Update_data) refers to stm32f4xx_hal_can.o(i.HAL_CAN_AddTxMessage) for HAL_CAN_AddTxMessage
    judge.o(i.Update_data) refers to judge.o(.bss) for .bss
    judge.o(i.Update_data) refers to judge.o(.data) for .data
    judge.o(i.Update_data) refers to can.o(.bss) for hcan1
    rc_potocal.o(i.USART3_rxDataHandler) refers to f2d.o(x$fpl$f2d) for __aeabi_f2d
    rc_potocal.o(i.USART3_rxDataHandler) refers to dmul.o(x$fpl$dmul) for __aeabi_dmul
    rc_potocal.o(i.USART3_rxDataHandler) refers to daddsub_clz.o(x$fpl$dadd) for __aeabi_dadd
    rc_potocal.o(i.USART3_rxDataHandler) refers to d2f.o(x$fpl$d2f) for __aeabi_d2f
    rc_potocal.o(i.USART3_rxDataHandler) refers to stm32f4xx_hal_uart.o(i.HAL_UART_Transmit_DMA) for HAL_UART_Transmit_DMA
    rc_potocal.o(i.USART3_rxDataHandler) refers to stm32f4xx_hal_gpio.o(i.HAL_GPIO_TogglePin) for HAL_GPIO_TogglePin
    rc_potocal.o(i.USART3_rxDataHandler) refers to rc_potocal.o(.bss) for .bss
    rc_potocal.o(i.USART3_rxDataHandler) refers to drv_can.o(.data) for Max_pos1_Can1
    rc_potocal.o(i.USART3_rxDataHandler) refers to rc_potocal.o(.data) for .data
    rc_potocal.o(i.USART3_rxDataHandler) refers to drv_can.o(.data) for Current_pos1_Can1
    rc_potocal.o(i.USART3_rxDataHandler) refers to drv_can.o(.data) for Min_pos1_Can1
    rc_potocal.o(i.USART3_rxDataHandler) refers to usart.o(.bss) for huart1
    crc.o(i.Append_CRC16_Check_Sum) refers to crc.o(i.Get_CRC16_Check_Sum) for Get_CRC16_Check_Sum
    crc.o(i.Append_CRC16_Check_Sum) refers to crc.o(.data) for .data
    crc.o(i.Append_CRC8_Check_Sum) refers to crc.o(i.Get_CRC8_Check_Sum) for Get_CRC8_Check_Sum
    crc.o(i.Get_CRC16_Check_Sum) refers to crc.o(.constdata) for .constdata
    crc.o(i.Get_CRC8_Check_Sum) refers to crc.o(.constdata) for .constdata
    crc.o(i.Verify_CRC16_Check_Sum) refers to crc.o(i.Get_CRC16_Check_Sum) for Get_CRC16_Check_Sum
    crc.o(i.Verify_CRC16_Check_Sum) refers to crc.o(.data) for .data
    crc.o(i.Verify_CRC8_Check_Sum) refers to crc.o(i.Get_CRC8_Check_Sum) for Get_CRC8_Check_Sum
    pid.o(i.CANx_SendStdData) refers to stm32f4xx_hal_can.o(i.HAL_CAN_AddTxMessage) for HAL_CAN_AddTxMessage
    pid.o(i.CANx_SendStdData) refers to pid.o(.bss) for .bss
    pid.o(i.Enable_Ctrl) refers to stm32f4xx_hal_can.o(i.HAL_CAN_AddTxMessage) for HAL_CAN_AddTxMessage
    pid.o(i.Enable_Ctrl) refers to pid.o(.bss) for .bss
    pid.o(i.Enable_Ctrl) refers to can.o(.bss) for hcan1
    pid.o(i.Enable_Ctrl2) refers to stm32f4xx_hal_can.o(i.HAL_CAN_AddTxMessage) for HAL_CAN_AddTxMessage
    pid.o(i.Enable_Ctrl2) refers to pid.o(.bss) for .bss
    pid.o(i.Enable_Ctrl2) refers to can.o(.bss) for hcan2
    pid.o(i.MIT_CtrlMotor) refers to pid.o(i.float_to_uint) for float_to_uint
    pid.o(i.MIT_CtrlMotor) refers to stm32f4xx_hal_can.o(i.HAL_CAN_AddTxMessage) for HAL_CAN_AddTxMessage
    pid.o(i.MIT_CtrlMotor) refers to pid.o(.bss) for .bss
    pid.o(i.MIT_CtrlMotor) refers to can.o(.bss) for hcan1
    pid.o(i.MIT_CtrlMotor2) refers to pid.o(i.float_to_uint) for float_to_uint
    pid.o(i.MIT_CtrlMotor2) refers to stm32f4xx_hal_can.o(i.HAL_CAN_AddTxMessage) for HAL_CAN_AddTxMessage
    pid.o(i.MIT_CtrlMotor2) refers to pid.o(.bss) for .bss
    pid.o(i.MIT_CtrlMotor2) refers to can.o(.bss) for hcan2
    pid.o(i.PosSpeed_CtrlMotor) refers to stm32f4xx_hal_can.o(i.HAL_CAN_AddTxMessage) for HAL_CAN_AddTxMessage
    pid.o(i.PosSpeed_CtrlMotor) refers to pid.o(.bss) for .bss
    pid.o(i.PosSpeed_CtrlMotor) refers to can.o(.bss) for hcan1
    pid.o(i.Speed_CtrlMotor) refers to stm32f4xx_hal_can.o(i.HAL_CAN_AddTxMessage) for HAL_CAN_AddTxMessage
    pid.o(i.Speed_CtrlMotor) refers to pid.o(.bss) for .bss
    pid.o(i.Speed_CtrlMotor) refers to can.o(.bss) for hcan1
    pid.o(i.set_motor_voltage) refers to stm32f4xx_hal_can.o(i.HAL_CAN_AddTxMessage) for HAL_CAN_AddTxMessage
    pid.o(i.set_motor_voltage) refers to can.o(.bss) for hcan1
    pid.o(i.set_motor_voltage_can_2) refers to stm32f4xx_hal_can.o(i.HAL_CAN_AddTxMessage) for HAL_CAN_AddTxMessage
    pid.o(i.set_motor_voltage_can_2) refers to can.o(.bss) for hcan2
    rt_memcpy_v6.o(.text) refers to rt_memcpy_w.o(.text) for __aeabi_memcpy4
    memset.o(.text) refers to rt_memclr.o(.text) for _memset
    __main.o(!!!main) refers to __rtentry.o(.ARM.Collect$$rtentry$$00000000) for __rt_entry
    d2f.o(x$fpl$d2f) refers (Special) to usenofp.o(x$fpl$usenofp) for __I$use$fp
    d2f.o(x$fpl$d2f) refers to fretinf.o(x$fpl$fretinf) for __fpl_fretinf
    d2f.o(x$fpl$d2f) refers to dnaninf.o(x$fpl$dnaninf) for __fpl_dnaninf
    daddsub_clz.o(x$fpl$dadd) refers (Special) to usenofp.o(x$fpl$usenofp) for __I$use$fp
    daddsub_clz.o(x$fpl$dadd) refers to daddsub_clz.o(x$fpl$dsub) for _dsub1
    daddsub_clz.o(x$fpl$dadd) refers to dretinf.o(x$fpl$dretinf) for __fpl_dretinf
    daddsub_clz.o(x$fpl$dadd) refers to dnaninf.o(x$fpl$dnaninf) for __fpl_dnaninf
    daddsub_clz.o(x$fpl$drsb) refers (Special) to usenofp.o(x$fpl$usenofp) for __I$use$fp
    daddsub_clz.o(x$fpl$drsb) refers to daddsub_clz.o(x$fpl$dadd) for _dadd1
    daddsub_clz.o(x$fpl$drsb) refers to daddsub_clz.o(x$fpl$dsub) for _dsub1
    daddsub_clz.o(x$fpl$dsub) refers (Special) to usenofp.o(x$fpl$usenofp) for __I$use$fp
    daddsub_clz.o(x$fpl$dsub) refers to daddsub_clz.o(x$fpl$dadd) for _dadd1
    daddsub_clz.o(x$fpl$dsub) refers to dnaninf.o(x$fpl$dnaninf) for __fpl_dnaninf
    dmul.o(x$fpl$dmul) refers (Special) to usenofp.o(x$fpl$usenofp) for __I$use$fp
    dmul.o(x$fpl$dmul) refers to dretinf.o(x$fpl$dretinf) for __fpl_dretinf
    dmul.o(x$fpl$dmul) refers to dnaninf.o(x$fpl$dnaninf) for __fpl_dnaninf
    f2d.o(x$fpl$f2d) refers (Special) to usenofp.o(x$fpl$usenofp) for __I$use$fp
    f2d.o(x$fpl$f2d) refers to fnaninf.o(x$fpl$fnaninf) for __fpl_fnaninf
    f2d.o(x$fpl$f2d) refers to dretinf.o(x$fpl$dretinf) for __fpl_dretinf
    __rtentry.o(.ARM.Collect$$rtentry$$00000000) refers (Special) to __rtentry2.o(.ARM.Collect$$rtentry$$0000000A) for __rt_entry_li
    __rtentry.o(.ARM.Collect$$rtentry$$00000000) refers (Special) to __rtentry2.o(.ARM.Collect$$rtentry$$0000000D) for __rt_entry_main
    __rtentry.o(.ARM.Collect$$rtentry$$00000000) refers (Special) to __rtentry2.o(.ARM.Collect$$rtentry$$0000000C) for __rt_entry_postli_1
    __rtentry.o(.ARM.Collect$$rtentry$$00000000) refers (Special) to __rtentry2.o(.ARM.Collect$$rtentry$$00000009) for __rt_entry_postsh_1
    __rtentry.o(.ARM.Collect$$rtentry$$00000000) refers (Special) to __rtentry2.o(.ARM.Collect$$rtentry$$00000002) for __rt_entry_presh_1
    __rtentry.o(.ARM.Collect$$rtentry$$00000000) refers (Special) to __rtentry4.o(.ARM.Collect$$rtentry$$00000004) for __rt_entry_sh
    aeabi_ldiv0_sigfpe.o(.text) refers to rt_div0.o(.text) for __rt_div0
    rt_memclr.o(.text) refers to rt_memclr_w.o(.text) for _memset_w
    dnaninf.o(x$fpl$dnaninf) refers (Special) to usenofp.o(x$fpl$usenofp) for __I$use$fp
    dretinf.o(x$fpl$dretinf) refers (Special) to usenofp.o(x$fpl$usenofp) for __I$use$fp
    fnaninf.o(x$fpl$fnaninf) refers (Special) to usenofp.o(x$fpl$usenofp) for __I$use$fp
    fretinf.o(x$fpl$fretinf) refers (Special) to usenofp.o(x$fpl$usenofp) for __I$use$fp
    __rtentry2.o(.ARM.Collect$$rtentry$$00000008) refers to boardinit2.o(.text) for _platform_post_stackheap_init
    __rtentry2.o(.ARM.Collect$$rtentry$$0000000A) refers to libinit.o(.ARM.Collect$$libinit$$00000000) for __rt_lib_init
    __rtentry2.o(.ARM.Collect$$rtentry$$0000000B) refers to boardinit3.o(.text) for _platform_post_lib_init
    __rtentry2.o(.ARM.Collect$$rtentry$$0000000D) refers to main.o(i.main) for main
    __rtentry2.o(.ARM.Collect$$rtentry$$0000000D) refers to exit.o(.text) for exit
    __rtentry2.o(.ARM.exidx) refers to __rtentry2.o(.ARM.Collect$$rtentry$$00000001) for .ARM.Collect$$rtentry$$00000001
    __rtentry2.o(.ARM.exidx) refers to __rtentry2.o(.ARM.Collect$$rtentry$$00000008) for .ARM.Collect$$rtentry$$00000008
    __rtentry2.o(.ARM.exidx) refers to __rtentry2.o(.ARM.Collect$$rtentry$$0000000A) for .ARM.Collect$$rtentry$$0000000A
    __rtentry2.o(.ARM.exidx) refers to __rtentry2.o(.ARM.Collect$$rtentry$$0000000B) for .ARM.Collect$$rtentry$$0000000B
    __rtentry2.o(.ARM.exidx) refers to __rtentry2.o(.ARM.Collect$$rtentry$$0000000D) for .ARM.Collect$$rtentry$$0000000D
    __rtentry4.o(.ARM.Collect$$rtentry$$00000004) refers to sys_stackheap_outer.o(.text) for __user_setup_stackheap
    __rtentry4.o(.ARM.exidx) refers to __rtentry4.o(.ARM.Collect$$rtentry$$00000004) for .ARM.Collect$$rtentry$$00000004
    rt_div0.o(.text) refers to defsig_fpe_outer.o(.text) for __rt_SIGFPE
    sys_stackheap_outer.o(.text) refers to libspace.o(.text) for __user_perproc_libspace
    sys_stackheap_outer.o(.text) refers to startup_stm32f407xx.o(.text) for __user_initial_stackheap
    exit.o(.text) refers to rtexit.o(.ARM.Collect$$rtexit$$00000000) for __rt_exit
    defsig_fpe_outer.o(.text) refers to defsig_fpe_inner.o(.text) for __rt_SIGFPE_inner
    defsig_fpe_outer.o(.text) refers to defsig_exit.o(.text) for __sig_exit
    defsig_fpe_formal.o(.text) refers to rt_raise.o(.text) for __rt_raise
    libinit.o(.ARM.Collect$$libinit$$00000000) refers (Special) to libinit2.o(.ARM.Collect$$libinit$$0000002E) for __rt_lib_init_alloca_1
    libinit.o(.ARM.Collect$$libinit$$00000000) refers (Special) to libinit2.o(.ARM.Collect$$libinit$$0000002C) for __rt_lib_init_argv_1
    libinit.o(.ARM.Collect$$libinit$$00000000) refers (Special) to libinit2.o(.ARM.Collect$$libinit$$0000001B) for __rt_lib_init_atexit_1
    libinit.o(.ARM.Collect$$libinit$$00000000) refers (Special) to libinit2.o(.ARM.Collect$$libinit$$00000021) for __rt_lib_init_clock_1
    libinit.o(.ARM.Collect$$libinit$$00000000) refers (Special) to libinit2.o(.ARM.Collect$$libinit$$00000032) for __rt_lib_init_cpp_1
    libinit.o(.ARM.Collect$$libinit$$00000000) refers (Special) to libinit2.o(.ARM.Collect$$libinit$$00000030) for __rt_lib_init_exceptions_1
    libinit.o(.ARM.Collect$$libinit$$00000000) refers (Special) to libinit2.o(.ARM.Collect$$libinit$$00000001) for __rt_lib_init_fp_1
    libinit.o(.ARM.Collect$$libinit$$00000000) refers (Special) to libinit2.o(.ARM.Collect$$libinit$$0000001F) for __rt_lib_init_fp_trap_1
    libinit.o(.ARM.Collect$$libinit$$00000000) refers (Special) to libinit2.o(.ARM.Collect$$libinit$$00000023) for __rt_lib_init_getenv_1
    libinit.o(.ARM.Collect$$libinit$$00000000) refers (Special) to libinit2.o(.ARM.Collect$$libinit$$0000000A) for __rt_lib_init_heap_1
    libinit.o(.ARM.Collect$$libinit$$00000000) refers (Special) to libinit2.o(.ARM.Collect$$libinit$$00000011) for __rt_lib_init_lc_collate_1
    libinit.o(.ARM.Collect$$libinit$$00000000) refers (Special) to libinit2.o(.ARM.Collect$$libinit$$00000013) for __rt_lib_init_lc_ctype_1
    libinit.o(.ARM.Collect$$libinit$$00000000) refers (Special) to libinit2.o(.ARM.Collect$$libinit$$00000015) for __rt_lib_init_lc_monetary_1
    libinit.o(.ARM.Collect$$libinit$$00000000) refers (Special) to libinit2.o(.ARM.Collect$$libinit$$00000017) for __rt_lib_init_lc_numeric_1
    libinit.o(.ARM.Collect$$libinit$$00000000) refers (Special) to libinit2.o(.ARM.Collect$$libinit$$00000019) for __rt_lib_init_lc_time_1
    libinit.o(.ARM.Collect$$libinit$$00000000) refers (Special) to libinit2.o(.ARM.Collect$$libinit$$00000004) for __rt_lib_init_preinit_1
    libinit.o(.ARM.Collect$$libinit$$00000000) refers (Special) to libinit2.o(.ARM.Collect$$libinit$$0000000E) for __rt_lib_init_rand_1
    libinit.o(.ARM.Collect$$libinit$$00000000) refers (Special) to libinit2.o(.ARM.Collect$$libinit$$00000033) for __rt_lib_init_return
    libinit.o(.ARM.Collect$$libinit$$00000000) refers (Special) to libinit2.o(.ARM.Collect$$libinit$$0000001D) for __rt_lib_init_signal_1
    libinit.o(.ARM.Collect$$libinit$$00000000) refers (Special) to libinit2.o(.ARM.Collect$$libinit$$00000025) for __rt_lib_init_stdio_1
    libinit.o(.ARM.Collect$$libinit$$00000000) refers (Special) to libinit2.o(.ARM.Collect$$libinit$$0000000C) for __rt_lib_init_user_alloc_1
    libspace.o(.text) refers to libspace.o(.bss) for __libspace_start
    rtexit.o(.ARM.Collect$$rtexit$$00000000) refers (Special) to rtexit2.o(.ARM.Collect$$rtexit$$00000004) for __rt_exit_exit
    rtexit.o(.ARM.Collect$$rtexit$$00000000) refers (Special) to rtexit2.o(.ARM.Collect$$rtexit$$00000003) for __rt_exit_ls
    rtexit.o(.ARM.Collect$$rtexit$$00000000) refers (Special) to rtexit2.o(.ARM.Collect$$rtexit$$00000002) for __rt_exit_prels_1
    rtexit.o(.ARM.exidx) refers (Special) to rtexit2.o(.ARM.Collect$$rtexit$$00000004) for __rt_exit_exit
    rtexit.o(.ARM.exidx) refers (Special) to rtexit2.o(.ARM.Collect$$rtexit$$00000003) for __rt_exit_ls
    rtexit.o(.ARM.exidx) refers (Special) to rtexit2.o(.ARM.Collect$$rtexit$$00000002) for __rt_exit_prels_1
    rtexit.o(.ARM.exidx) refers to rtexit.o(.ARM.Collect$$rtexit$$00000000) for .ARM.Collect$$rtexit$$00000000
    rt_raise.o(.text) refers to __raise.o(.text) for __raise
    rt_raise.o(.text) refers to sys_exit.o(.text) for _sys_exit
    defsig_exit.o(.text) refers to sys_exit.o(.text) for _sys_exit
    defsig_fpe_inner.o(.text) refers to defsig_general.o(.text) for __default_signal_display
    libinit2.o(.ARM.Collect$$libinit$$00000001) refers to fpinit.o(x$fpl$fpinit) for _fp_init
    libinit2.o(.ARM.Collect$$libinit$$00000010) refers to libinit2.o(.ARM.Collect$$libinit$$0000000F) for .ARM.Collect$$libinit$$0000000F
    libinit2.o(.ARM.Collect$$libinit$$00000012) refers to libinit2.o(.ARM.Collect$$libinit$$0000000F) for .ARM.Collect$$libinit$$0000000F
    libinit2.o(.ARM.Collect$$libinit$$00000014) refers to libinit2.o(.ARM.Collect$$libinit$$0000000F) for .ARM.Collect$$libinit$$0000000F
    libinit2.o(.ARM.Collect$$libinit$$00000016) refers to libinit2.o(.ARM.Collect$$libinit$$0000000F) for .ARM.Collect$$libinit$$0000000F
    libinit2.o(.ARM.Collect$$libinit$$00000018) refers to libinit2.o(.ARM.Collect$$libinit$$0000000F) for .ARM.Collect$$libinit$$0000000F
    libinit2.o(.ARM.Collect$$libinit$$00000026) refers to argv_veneer.o(.emb_text) for __ARM_argv_veneer
    libinit2.o(.ARM.Collect$$libinit$$00000027) refers to argv_veneer.o(.emb_text) for __ARM_argv_veneer
    sys_exit.o(.text) refers (Special) to use_no_semi.o(.text) for __I$use$semihosting
    sys_exit.o(.text) refers (Special) to indicate_semi.o(.text) for __semihosting_library_function
    rtexit2.o(.ARM.Collect$$rtexit$$00000003) refers to libshutdown.o(.ARM.Collect$$libshutdown$$00000000) for __rt_lib_shutdown
    rtexit2.o(.ARM.Collect$$rtexit$$00000004) refers to sys_exit.o(.text) for _sys_exit
    rtexit2.o(.ARM.exidx) refers to rtexit2.o(.ARM.Collect$$rtexit$$00000001) for .ARM.Collect$$rtexit$$00000001
    rtexit2.o(.ARM.exidx) refers to rtexit2.o(.ARM.Collect$$rtexit$$00000003) for .ARM.Collect$$rtexit$$00000003
    rtexit2.o(.ARM.exidx) refers to rtexit2.o(.ARM.Collect$$rtexit$$00000004) for .ARM.Collect$$rtexit$$00000004
    __raise.o(.text) refers to defsig.o(CL$$defsig) for __default_signal_handler
    defsig_general.o(.text) refers to sys_wrch.o(.text) for _ttywrch
    argv_veneer.o(.emb_text) refers to no_argv.o(.text) for __ARM_get_argv
    sys_wrch.o(.text) refers (Special) to use_no_semi.o(.text) for __I$use$semihosting
    sys_wrch.o(.text) refers (Special) to indicate_semi.o(.text) for __semihosting_library_function
    defsig.o(CL$$defsig) refers to defsig_fpe_inner.o(.text) for __rt_SIGFPE_inner
    defsig.o(CL$$defsig) refers to defsig_rtmem_inner.o(.text) for __rt_SIGRTMEM_inner
    _get_argv_nomalloc.o(.text) refers (Special) to hrguard.o(.text) for __heap_region$guard
    _get_argv_nomalloc.o(.text) refers to defsig_rtmem_outer.o(.text) for __rt_SIGRTMEM
    _get_argv_nomalloc.o(.text) refers to sys_command.o(.text) for _sys_command_string
    libshutdown.o(.ARM.Collect$$libshutdown$$00000000) refers (Special) to libshutdown2.o(.ARM.Collect$$libshutdown$$00000004) for __rt_lib_shutdown_cpp_1
    libshutdown.o(.ARM.Collect$$libshutdown$$00000000) refers (Special) to libshutdown2.o(.ARM.Collect$$libshutdown$$00000002) for __rt_lib_shutdown_fini_1
    libshutdown.o(.ARM.Collect$$libshutdown$$00000000) refers (Special) to libshutdown2.o(.ARM.Collect$$libshutdown$$00000009) for __rt_lib_shutdown_fp_trap_1
    libshutdown.o(.ARM.Collect$$libshutdown$$00000000) refers (Special) to libshutdown2.o(.ARM.Collect$$libshutdown$$00000011) for __rt_lib_shutdown_heap_1
    libshutdown.o(.ARM.Collect$$libshutdown$$00000000) refers (Special) to libshutdown2.o(.ARM.Collect$$libshutdown$$00000012) for __rt_lib_shutdown_return
    libshutdown.o(.ARM.Collect$$libshutdown$$00000000) refers (Special) to libshutdown2.o(.ARM.Collect$$libshutdown$$0000000C) for __rt_lib_shutdown_signal_1
    libshutdown.o(.ARM.Collect$$libshutdown$$00000000) refers (Special) to libshutdown2.o(.ARM.Collect$$libshutdown$$00000006) for __rt_lib_shutdown_stdio_1
    libshutdown.o(.ARM.Collect$$libshutdown$$00000000) refers (Special) to libshutdown2.o(.ARM.Collect$$libshutdown$$0000000E) for __rt_lib_shutdown_user_alloc_1
    sys_command.o(.text) refers (Special) to use_no_semi.o(.text) for __I$use$semihosting
    sys_command.o(.text) refers (Special) to indicate_semi.o(.text) for __semihosting_library_function
    defsig_abrt_inner.o(.text) refers to defsig_general.o(.text) for __default_signal_display
    defsig_rtred_inner.o(.text) refers to defsig_general.o(.text) for __default_signal_display
    defsig_rtmem_inner.o(.text) refers to defsig_general.o(.text) for __default_signal_display
    defsig_rtmem_outer.o(.text) refers to defsig_rtmem_inner.o(.text) for __rt_SIGRTMEM_inner
    defsig_rtmem_outer.o(.text) refers to defsig_exit.o(.text) for __sig_exit
    defsig_rtmem_formal.o(.text) refers to rt_raise.o(.text) for __rt_raise
    defsig_stak_inner.o(.text) refers to defsig_general.o(.text) for __default_signal_display
    defsig_pvfn_inner.o(.text) refers to defsig_general.o(.text) for __default_signal_display
    defsig_cppl_inner.o(.text) refers to defsig_general.o(.text) for __default_signal_display
    defsig_segv_inner.o(.text) refers to defsig_general.o(.text) for __default_signal_display
    defsig_other.o(.text) refers to defsig_general.o(.text) for __default_signal_display

